Archive member included to satisfy reference by file (symbol)

c:/st/stm32cubeide_1.2.0/stm32cubeide/plugins/com.st.stm32cube.ide.mcu.externaltools.gnu-tools-for-stm32.7-2018-q2-update.win32_1.0.0.201904181610/tools/bin/../lib/gcc/arm-none-eabi/7.3.1/../../../../arm-none-eabi/lib/thumb/v7e-m/fpv4-sp/hard\libc_nano.a(lib_a-errno.o)
                              Src/syscalls.o (__errno)
c:/st/stm32cubeide_1.2.0/stm32cubeide/plugins/com.st.stm32cube.ide.mcu.externaltools.gnu-tools-for-stm32.7-2018-q2-update.win32_1.0.0.201904181610/tools/bin/../lib/gcc/arm-none-eabi/7.3.1/../../../../arm-none-eabi/lib/thumb/v7e-m/fpv4-sp/hard\libc_nano.a(lib_a-exit.o)
                              c:/st/stm32cubeide_1.2.0/stm32cubeide/plugins/com.st.stm32cube.ide.mcu.externaltools.gnu-tools-for-stm32.7-2018-q2-update.win32_1.0.0.201904181610/tools/bin/../lib/gcc/arm-none-eabi/7.3.1/../../../../arm-none-eabi/lib/thumb/v7e-m/fpv4-sp/hard/crt0.o (exit)
c:/st/stm32cubeide_1.2.0/stm32cubeide/plugins/com.st.stm32cube.ide.mcu.externaltools.gnu-tools-for-stm32.7-2018-q2-update.win32_1.0.0.201904181610/tools/bin/../lib/gcc/arm-none-eabi/7.3.1/../../../../arm-none-eabi/lib/thumb/v7e-m/fpv4-sp/hard\libc_nano.a(lib_a-impure.o)
                              c:/st/stm32cubeide_1.2.0/stm32cubeide/plugins/com.st.stm32cube.ide.mcu.externaltools.gnu-tools-for-stm32.7-2018-q2-update.win32_1.0.0.201904181610/tools/bin/../lib/gcc/arm-none-eabi/7.3.1/../../../../arm-none-eabi/lib/thumb/v7e-m/fpv4-sp/hard\libc_nano.a(lib_a-exit.o) (_global_impure_ptr)
c:/st/stm32cubeide_1.2.0/stm32cubeide/plugins/com.st.stm32cube.ide.mcu.externaltools.gnu-tools-for-stm32.7-2018-q2-update.win32_1.0.0.201904181610/tools/bin/../lib/gcc/arm-none-eabi/7.3.1/../../../../arm-none-eabi/lib/thumb/v7e-m/fpv4-sp/hard\libc_nano.a(lib_a-init.o)
                              c:/st/stm32cubeide_1.2.0/stm32cubeide/plugins/com.st.stm32cube.ide.mcu.externaltools.gnu-tools-for-stm32.7-2018-q2-update.win32_1.0.0.201904181610/tools/bin/../lib/gcc/arm-none-eabi/7.3.1/../../../../arm-none-eabi/lib/thumb/v7e-m/fpv4-sp/hard/crt0.o (__libc_init_array)
c:/st/stm32cubeide_1.2.0/stm32cubeide/plugins/com.st.stm32cube.ide.mcu.externaltools.gnu-tools-for-stm32.7-2018-q2-update.win32_1.0.0.201904181610/tools/bin/../lib/gcc/arm-none-eabi/7.3.1/../../../../arm-none-eabi/lib/thumb/v7e-m/fpv4-sp/hard\libc_nano.a(lib_a-memcpy-stub.o)
                              Src/RING.o (memcpy)
c:/st/stm32cubeide_1.2.0/stm32cubeide/plugins/com.st.stm32cube.ide.mcu.externaltools.gnu-tools-for-stm32.7-2018-q2-update.win32_1.0.0.201904181610/tools/bin/../lib/gcc/arm-none-eabi/7.3.1/../../../../arm-none-eabi/lib/thumb/v7e-m/fpv4-sp/hard\libc_nano.a(lib_a-memset.o)
                              c:/st/stm32cubeide_1.2.0/stm32cubeide/plugins/com.st.stm32cube.ide.mcu.externaltools.gnu-tools-for-stm32.7-2018-q2-update.win32_1.0.0.201904181610/tools/bin/../lib/gcc/arm-none-eabi/7.3.1/../../../../arm-none-eabi/lib/thumb/v7e-m/fpv4-sp/hard/crt0.o (memset)

Allocating common symbols
Common symbol       size              file

hUsbDeviceFS        0x2c4             Src/usb_device.o
usb_tx              0x803             Src/ucan_fd_protocol_stm32g431.o
JumpAddress         0x4               Src/jump_to_boot.o
uwTick              0x4               Drivers/STM32G4xx_HAL_Driver/Src/stm32g4xx_hal.o
UserRxBufferFS      0x3e8             Src/usbd_cdc_if.o
UserTxBufferFS      0x3e8             Src/usbd_cdc_if.o
hfdcan1             0x64              Src/main.o
usb_rx              0x803             Src/ucan_fd_protocol_stm32g431.o
JumpToApplication   0x4               Src/jump_to_boot.o
hpcd_USB_FS         0x274             Src/usbd_conf.o
USBD_StrDesc        0x200             Src/usbd_desc.o

Discarded input sections

 .text          0x0000000000000000        0x0 c:/st/stm32cubeide_1.2.0/stm32cubeide/plugins/com.st.stm32cube.ide.mcu.externaltools.gnu-tools-for-stm32.7-2018-q2-update.win32_1.0.0.201904181610/tools/bin/../lib/gcc/arm-none-eabi/7.3.1/thumb/v7e-m/fpv4-sp/hard/crti.o
 .data          0x0000000000000000        0x0 c:/st/stm32cubeide_1.2.0/stm32cubeide/plugins/com.st.stm32cube.ide.mcu.externaltools.gnu-tools-for-stm32.7-2018-q2-update.win32_1.0.0.201904181610/tools/bin/../lib/gcc/arm-none-eabi/7.3.1/thumb/v7e-m/fpv4-sp/hard/crti.o
 .bss           0x0000000000000000        0x0 c:/st/stm32cubeide_1.2.0/stm32cubeide/plugins/com.st.stm32cube.ide.mcu.externaltools.gnu-tools-for-stm32.7-2018-q2-update.win32_1.0.0.201904181610/tools/bin/../lib/gcc/arm-none-eabi/7.3.1/thumb/v7e-m/fpv4-sp/hard/crti.o
 .data          0x0000000000000000        0x4 c:/st/stm32cubeide_1.2.0/stm32cubeide/plugins/com.st.stm32cube.ide.mcu.externaltools.gnu-tools-for-stm32.7-2018-q2-update.win32_1.0.0.201904181610/tools/bin/../lib/gcc/arm-none-eabi/7.3.1/thumb/v7e-m/fpv4-sp/hard/crtbegin.o
[...]
Memory Configuration

Name             Origin             Length             Attributes
RAM              0x0000000020000000 0x0000000000008000 xrw
FLASH            0x0000000008000000 0x0000000000020000 xr
*default*        0x0000000000000000 0xffffffffffffffff

Linker script and memory map

LOAD c:/st/stm32cubeide_1.2.0/stm32cubeide/plugins/com.st.stm32cube.ide.mcu.externaltools.gnu-tools-for-stm32.7-2018-q2-update.win32_1.0.0.201904181610/tools/bin/../lib/gcc/arm-none-eabi/7.3.1/thumb/v7e-m/fpv4-sp/hard/crti.o
LOAD c:/st/stm32cubeide_1.2.0/stm32cubeide/plugins/com.st.stm32cube.ide.mcu.externaltools.gnu-tools-for-stm32.7-2018-q2-update.win32_1.0.0.201904181610/tools/bin/../lib/gcc/arm-none-eabi/7.3.1/thumb/v7e-m/fpv4-sp/hard/crtbegin.o
LOAD c:/st/stm32cubeide_1.2.0/stm32cubeide/plugins/com.st.stm32cube.ide.mcu.externaltools.gnu-tools-for-stm32.7-2018-q2-update.win32_1.0.0.201904181610/tools/bin/../lib/gcc/arm-none-eabi/7.3.1/../../../../arm-none-eabi/lib/thumb/v7e-m/fpv4-sp/hard/crt0.o
LOAD Drivers/STM32G4xx_HAL_Driver/Src/stm32g4xx_hal.o
LOAD Drivers/STM32G4xx_HAL_Driver/Src/stm32g4xx_hal_cortex.o
LOAD Drivers/STM32G4xx_HAL_Driver/Src/stm32g4xx_hal_dma.o
LOAD Drivers/STM32G4xx_HAL_Driver/Src/stm32g4xx_hal_dma_ex.o
LOAD Drivers/STM32G4xx_HAL_Driver/Src/stm32g4xx_hal_exti.o
LOAD Drivers/STM32G4xx_HAL_Driver/Src/stm32g4xx_hal_fdcan.o
LOAD Drivers/STM32G4xx_HAL_Driver/Src/stm32g4xx_hal_flash.o
LOAD Drivers/STM32G4xx_HAL_Driver/Src/stm32g4xx_hal_flash_ex.o
LOAD Drivers/STM32G4xx_HAL_Driver/Src/stm32g4xx_hal_flash_ramfunc.o
LOAD Drivers/STM32G4xx_HAL_Driver/Src/stm32g4xx_hal_gpio.o
LOAD Drivers/STM32G4xx_HAL_Driver/Src/stm32g4xx_hal_pcd.o
LOAD Drivers/STM32G4xx_HAL_Driver/Src/stm32g4xx_hal_pcd_ex.o
LOAD Drivers/STM32G4xx_HAL_Driver/Src/stm32g4xx_hal_pwr.o
LOAD Drivers/STM32G4xx_HAL_Driver/Src/stm32g4xx_hal_pwr_ex.o
LOAD Drivers/STM32G4xx_HAL_Driver/Src/stm32g4xx_hal_rcc.o
LOAD Drivers/STM32G4xx_HAL_Driver/Src/stm32g4xx_hal_rcc_ex.o
LOAD Drivers/STM32G4xx_HAL_Driver/Src/stm32g4xx_hal_tim.o
LOAD Drivers/STM32G4xx_HAL_Driver/Src/stm32g4xx_hal_tim_ex.o
LOAD Drivers/STM32G4xx_HAL_Driver/Src/stm32g4xx_ll_pwr.o
LOAD Drivers/STM32G4xx_HAL_Driver/Src/stm32g4xx_ll_usb.o
LOAD Middlewares/ST/STM32_USB_Device_Library/Class/CDC/Src/usbd_cdc.o
LOAD Middlewares/ST/STM32_USB_Device_Library/Core/Src/usbd_core.o
LOAD Middlewares/ST/STM32_USB_Device_Library/Core/Src/usbd_ctlreq.o
LOAD Middlewares/ST/STM32_USB_Device_Library/Core/Src/usbd_ioreq.o
LOAD Src/RING.o
LOAD Src/jump_to_boot.o
LOAD Src/main.o
LOAD Src/stm32g4xx_hal_msp.o
LOAD Src/stm32g4xx_it.o
LOAD Src/syscalls.o
LOAD Src/sysmem.o
LOAD Src/system_stm32g4xx.o
LOAD Src/ucan_fd_protocol_stm32g431.o
LOAD Src/usb_device.o
LOAD Src/usbd_cdc_if.o
LOAD Src/usbd_conf.o
LOAD Src/usbd_desc.o
LOAD Startup/startup_stm32g431cbux.o
START GROUP
LOAD c:/st/stm32cubeide_1.2.0/stm32cubeide/plugins/com.st.stm32cube.ide.mcu.externaltools.gnu-tools-for-stm32.7-2018-q2-update.win32_1.0.0.201904181610/tools/bin/../lib/gcc/arm-none-eabi/7.3.1/../../../../arm-none-eabi/lib/thumb/v7e-m/fpv4-sp/hard\libc_nano.a
LOAD c:/st/stm32cubeide_1.2.0/stm32cubeide/plugins/com.st.stm32cube.ide.mcu.externaltools.gnu-tools-for-stm32.7-2018-q2-update.win32_1.0.0.201904181610/tools/bin/../lib/gcc/arm-none-eabi/7.3.1/../../../../arm-none-eabi/lib/thumb/v7e-m/fpv4-sp/hard\libm.a
END GROUP
START GROUP
LOAD c:/st/stm32cubeide_1.2.0/stm32cubeide/plugins/com.st.stm32cube.ide.mcu.externaltools.gnu-tools-for-stm32.7-2018-q2-update.win32_1.0.0.201904181610/tools/bin/../lib/gcc/arm-none-eabi/7.3.1/thumb/v7e-m/fpv4-sp/hard\libgcc.a
LOAD c:/st/stm32cubeide_1.2.0/stm32cubeide/plugins/com.st.stm32cube.ide.mcu.externaltools.gnu-tools-for-stm32.7-2018-q2-update.win32_1.0.0.201904181610/tools/bin/../lib/gcc/arm-none-eabi/7.3.1/../../../../arm-none-eabi/lib/thumb/v7e-m/fpv4-sp/hard\libc_nano.a
END GROUP
START GROUP
LOAD c:/st/stm32cubeide_1.2.0/stm32cubeide/plugins/com.st.stm32cube.ide.mcu.externaltools.gnu-tools-for-stm32.7-2018-q2-update.win32_1.0.0.201904181610/tools/bin/../lib/gcc/arm-none-eabi/7.3.1/thumb/v7e-m/fpv4-sp/hard\libgcc.a
LOAD c:/st/stm32cubeide_1.2.0/stm32cubeide/plugins/com.st.stm32cube.ide.mcu.externaltools.gnu-tools-for-stm32.7-2018-q2-update.win32_1.0.0.201904181610/tools/bin/../lib/gcc/arm-none-eabi/7.3.1/../../../../arm-none-eabi/lib/thumb/v7e-m/fpv4-sp/hard\libc_nano.a
LOAD c:/st/stm32cubeide_1.2.0/stm32cubeide/plugins/com.st.stm32cube.ide.mcu.externaltools.gnu-tools-for-stm32.7-2018-q2-update.win32_1.0.0.201904181610/tools/bin/../lib/gcc/arm-none-eabi/7.3.1/../../../../arm-none-eabi/lib/thumb/v7e-m/fpv4-sp/hard\libnosys.a
END GROUP
START GROUP
LOAD c:/st/stm32cubeide_1.2.0/stm32cubeide/plugins/com.st.stm32cube.ide.mcu.externaltools.gnu-tools-for-stm32.7-2018-q2-update.win32_1.0.0.201904181610/tools/bin/../lib/gcc/arm-none-eabi/7.3.1/thumb/v7e-m/fpv4-sp/hard\libgcc.a
LOAD c:/st/stm32cubeide_1.2.0/stm32cubeide/plugins/com.st.stm32cube.ide.mcu.externaltools.gnu-tools-for-stm32.7-2018-q2-update.win32_1.0.0.201904181610/tools/bin/../lib/gcc/arm-none-eabi/7.3.1/../../../../arm-none-eabi/lib/thumb/v7e-m/fpv4-sp/hard\libc_nano.a
LOAD c:/st/stm32cubeide_1.2.0/stm32cubeide/plugins/com.st.stm32cube.ide.mcu.externaltools.gnu-tools-for-stm32.7-2018-q2-update.win32_1.0.0.201904181610/tools/bin/../lib/gcc/arm-none-eabi/7.3.1/../../../../arm-none-eabi/lib/thumb/v7e-m/fpv4-sp/hard\libnosys.a
END GROUP
LOAD c:/st/stm32cubeide_1.2.0/stm32cubeide/plugins/com.st.stm32cube.ide.mcu.externaltools.gnu-tools-for-stm32.7-2018-q2-update.win32_1.0.0.201904181610/tools/bin/../lib/gcc/arm-none-eabi/7.3.1/thumb/v7e-m/fpv4-sp/hard/crtend.o
LOAD c:/st/stm32cubeide_1.2.0/stm32cubeide/plugins/com.st.stm32cube.ide.mcu.externaltools.gnu-tools-for-stm32.7-2018-q2-update.win32_1.0.0.201904181610/tools/bin/../lib/gcc/arm-none-eabi/7.3.1/thumb/v7e-m/fpv4-sp/hard/crtn.o
                0x0000000020008000                _estack = (ORIGIN (RAM) + LENGTH (RAM))
                0x0000000000000800                _Min_Heap_Size = 0x800
                0x0000000000000400                _Min_Stack_Size = 0x400

.isr_vector     0x0000000008000000      0x1d8
                0x0000000008000000                . = ALIGN (0x4)
 *(.isr_vector)
 .isr_vector    0x0000000008000000      0x1d8 Startup/startup_stm32g431cbux.o
                0x0000000008000000                g_pfnVectors
                0x00000000080001d8                . = ALIGN (0x4)

.text           0x00000000080001d8     0x60f0
                0x00000000080001d8                . = ALIGN (0x4)
 *(.text)
 .text          0x00000000080001d8       0x40 c:/st/stm32cubeide_1.2.0/stm32cubeide/plugins/com.st.stm32cube.ide.mcu.externaltools.gnu-tools-for-stm32.7-2018-q2-update.win32_1.0.0.201904181610/tools/bin/../lib/gcc/arm-none-eabi/7.3.1/thumb/v7e-m/fpv4-sp/hard/crtbegin.o
 *(.text*)
 .text.HAL_Init
                0x0000000008000218       0x30 Drivers/STM32G4xx_HAL_Driver/Src/stm32g4xx_hal.o
                0x0000000008000218                HAL_Init
 .text.HAL_InitTick
                0x0000000008000248       0x74 Drivers/STM32G4xx_HAL_Driver/Src/stm32g4xx_hal.o
                0x0000000008000248                HAL_InitTick
 .text.HAL_IncTick
                0x00000000080002bc       0x24 Drivers/STM32G4xx_HAL_Driver/Src/stm32g4xx_hal.o
                0x00000000080002bc                HAL_IncTick
 .text.HAL_GetTick
                0x00000000080002e0       0x18 Drivers/STM32G4xx_HAL_Driver/Src/stm32g4xx_hal.o
                0x00000000080002e0                HAL_GetTick
 .text.HAL_Delay
                0x00000000080002f8       0x44 Drivers/STM32G4xx_HAL_Driver/Src/stm32g4xx_hal.o
                0x00000000080002f8                HAL_Delay
 .text.__NVIC_SetPriorityGrouping
                0x000000000800033c       0x48 Drivers/STM32G4xx_HAL_Driver/Src/stm32g4xx_hal_cortex.o
 .text.__NVIC_GetPriorityGrouping
                0x0000000008000384       0x1c Drivers/STM32G4xx_HAL_Driver/Src/stm32g4xx_hal_cortex.o
 .text.__NVIC_EnableIRQ
                0x00000000080003a0       0x3c Drivers/STM32G4xx_HAL_Driver/Src/stm32g4xx_hal_cortex.o
 .text.__NVIC_SetPriority
                0x00000000080003dc       0x54 Drivers/STM32G4xx_HAL_Driver/Src/stm32g4xx_hal_cortex.o
 .text.NVIC_EncodePriority
                0x0000000008000430       0x66 Drivers/STM32G4xx_HAL_Driver/Src/stm32g4xx_hal_cortex.o
 *fill*         0x0000000008000496        0x2 
 .text.SysTick_Config
                0x0000000008000498       0x44 Drivers/STM32G4xx_HAL_Driver/Src/stm32g4xx_hal_cortex.o
 .text.HAL_NVIC_SetPriorityGrouping
                0x00000000080004dc       0x16 Drivers/STM32G4xx_HAL_Driver/Src/stm32g4xx_hal_cortex.o
                0x00000000080004dc                HAL_NVIC_SetPriorityGrouping
 .text.HAL_NVIC_SetPriority
                0x00000000080004f2       0x34 Drivers/STM32G4xx_HAL_Driver/Src/stm32g4xx_hal_cortex.o
                0x00000000080004f2                HAL_NVIC_SetPriority
 .text.HAL_NVIC_EnableIRQ
                0x0000000008000526       0x1c Drivers/STM32G4xx_HAL_Driver/Src/stm32g4xx_hal_cortex.o
                0x0000000008000526                HAL_NVIC_EnableIRQ
 .text.HAL_SYSTICK_Config
                0x0000000008000542       0x18 Drivers/STM32G4xx_HAL_Driver/Src/stm32g4xx_hal_cortex.o
                0x0000000008000542                HAL_SYSTICK_Config
 *fill*         0x000000000800055a        0x2 
 .text.HAL_FDCAN_Init
                0x000000000800055c      0x2b4 Drivers/STM32G4xx_HAL_Driver/Src/stm32g4xx_hal_fdcan.o
                0x000000000800055c                HAL_FDCAN_Init
 .text.FDCAN_CalcultateRamBlockAddresses
                0x0000000008000810       0xac Drivers/STM32G4xx_HAL_Driver/Src/stm32g4xx_hal_fdcan.o
 .text.HAL_GPIO_Init
                0x00000000080008bc      0x304 Drivers/STM32G4xx_HAL_Driver/Src/stm32g4xx_hal_gpio.o
                0x00000000080008bc                HAL_GPIO_Init
 .text.HAL_GPIO_WritePin
                0x0000000008000bc0       0x30 Drivers/STM32G4xx_HAL_Driver/Src/stm32g4xx_hal_gpio.o
                0x0000000008000bc0                HAL_GPIO_WritePin
 .text.HAL_GPIO_TogglePin
                0x0000000008000bf0       0x32 Drivers/STM32G4xx_HAL_Driver/Src/stm32g4xx_hal_gpio.o
                0x0000000008000bf0                HAL_GPIO_TogglePin
 .text.HAL_PCD_Init
                0x0000000008000c22      0x176 Drivers/STM32G4xx_HAL_Driver/Src/stm32g4xx_hal_pcd.o
                0x0000000008000c22                HAL_PCD_Init
 .text.HAL_PCD_Start
                0x0000000008000d98       0x44 Drivers/STM32G4xx_HAL_Driver/Src/stm32g4xx_hal_pcd.o
                0x0000000008000d98                HAL_PCD_Start
 .text.HAL_PCD_IRQHandler
                0x0000000008000ddc      0x29c Drivers/STM32G4xx_HAL_Driver/Src/stm32g4xx_hal_pcd.o
                0x0000000008000ddc                HAL_PCD_IRQHandler
 .text.HAL_PCD_SetAddress
                0x0000000008001078       0x4a Drivers/STM32G4xx_HAL_Driver/Src/stm32g4xx_hal_pcd.o
                0x0000000008001078                HAL_PCD_SetAddress
 .text.HAL_PCD_EP_Open
                0x00000000080010c2       0xc0 Drivers/STM32G4xx_HAL_Driver/Src/stm32g4xx_hal_pcd.o
                0x00000000080010c2                HAL_PCD_EP_Open
 .text.HAL_PCD_EP_Close
                0x0000000008001182       0x84 Drivers/STM32G4xx_HAL_Driver/Src/stm32g4xx_hal_pcd.o
                0x0000000008001182                HAL_PCD_EP_Close
 .text.HAL_PCD_EP_Receive
                0x0000000008001206       0x74 Drivers/STM32G4xx_HAL_Driver/Src/stm32g4xx_hal_pcd.o
                0x0000000008001206                HAL_PCD_EP_Receive
 .text.HAL_PCD_EP_GetRxCount
                0x000000000800127a       0x2a Drivers/STM32G4xx_HAL_Driver/Src/stm32g4xx_hal_pcd.o
                0x000000000800127a                HAL_PCD_EP_GetRxCount
 .text.HAL_PCD_EP_Transmit
                0x00000000080012a4       0x72 Drivers/STM32G4xx_HAL_Driver/Src/stm32g4xx_hal_pcd.o
                0x00000000080012a4                HAL_PCD_EP_Transmit
 .text.HAL_PCD_EP_SetStall
                0x0000000008001316       0xb4 Drivers/STM32G4xx_HAL_Driver/Src/stm32g4xx_hal_pcd.o
                0x0000000008001316                HAL_PCD_EP_SetStall
 .text.HAL_PCD_EP_ClrStall
                0x00000000080013ca       0x9c Drivers/STM32G4xx_HAL_Driver/Src/stm32g4xx_hal_pcd.o
                0x00000000080013ca                HAL_PCD_EP_ClrStall
 *fill*         0x0000000008001466        0x2 
 .text.PCD_EP_ISR_Handler
                0x0000000008001468      0x518 Drivers/STM32G4xx_HAL_Driver/Src/stm32g4xx_hal_pcd.o
 .text.HAL_PCDEx_PMAConfig
                0x0000000008001980       0x7a Drivers/STM32G4xx_HAL_Driver/Src/stm32g4xx_hal_pcd_ex.o
                0x0000000008001980                HAL_PCDEx_PMAConfig
 .text.HAL_PCDEx_ActivateLPM
                0x00000000080019fa       0x54 Drivers/STM32G4xx_HAL_Driver/Src/stm32g4xx_hal_pcd_ex.o
                0x00000000080019fa                HAL_PCDEx_ActivateLPM
 *fill*         0x0000000008001a4e        0x2 
 .text.HAL_PWREx_ControlVoltageScaling
                0x0000000008001a50      0x148 Drivers/STM32G4xx_HAL_Driver/Src/stm32g4xx_hal_pwr_ex.o
                0x0000000008001a50                HAL_PWREx_ControlVoltageScaling
 .text.HAL_RCC_OscConfig
                0x0000000008001b98      0x630 Drivers/STM32G4xx_HAL_Driver/Src/stm32g4xx_hal_rcc.o
                0x0000000008001b98                HAL_RCC_OscConfig
 .text.HAL_RCC_ClockConfig
                0x00000000080021c8      0x278 Drivers/STM32G4xx_HAL_Driver/Src/stm32g4xx_hal_rcc.o
                0x00000000080021c8                HAL_RCC_ClockConfig
 .text.HAL_RCC_GetSysClockFreq
                0x0000000008002440       0xc4 Drivers/STM32G4xx_HAL_Driver/Src/stm32g4xx_hal_rcc.o
                0x0000000008002440                HAL_RCC_GetSysClockFreq
 .text.RCC_GetSysClockFreqFromPLLSource
                0x0000000008002504       0x8c Drivers/STM32G4xx_HAL_Driver/Src/stm32g4xx_hal_rcc.o
 .text.HAL_RCCEx_PeriphCLKConfig
                0x0000000008002590      0x3e0 Drivers/STM32G4xx_HAL_Driver/Src/stm32g4xx_hal_rcc_ex.o
                0x0000000008002590                HAL_RCCEx_PeriphCLKConfig
 .text.USB_EnableGlobalInt
                0x0000000008002970       0x32 Drivers/STM32G4xx_HAL_Driver/Src/stm32g4xx_ll_usb.o
                0x0000000008002970                USB_EnableGlobalInt
 .text.USB_DisableGlobalInt
                0x00000000080029a2       0x36 Drivers/STM32G4xx_HAL_Driver/Src/stm32g4xx_ll_usb.o
                0x00000000080029a2                USB_DisableGlobalInt
 .text.USB_DevInit
                0x00000000080029d8       0x48 Drivers/STM32G4xx_HAL_Driver/Src/stm32g4xx_ll_usb.o
                0x00000000080029d8                USB_DevInit
 .text.USB_ActivateEndpoint
                0x0000000008002a20      0x5e0 Drivers/STM32G4xx_HAL_Driver/Src/stm32g4xx_ll_usb.o
                0x0000000008002a20                USB_ActivateEndpoint
 .text.USB_DeactivateEndpoint
                0x0000000008003000      0x32c Drivers/STM32G4xx_HAL_Driver/Src/stm32g4xx_ll_usb.o
                0x0000000008003000                USB_DeactivateEndpoint
 .text.USB_EPStartXfer
                0x000000000800332c      0x570 Drivers/STM32G4xx_HAL_Driver/Src/stm32g4xx_ll_usb.o
                0x000000000800332c                USB_EPStartXfer
 .text.USB_EPSetStall
                0x000000000800389c       0x84 Drivers/STM32G4xx_HAL_Driver/Src/stm32g4xx_ll_usb.o
                0x000000000800389c                USB_EPSetStall
 .text.USB_EPClearStall
                0x0000000008003920      0x128 Drivers/STM32G4xx_HAL_Driver/Src/stm32g4xx_ll_usb.o
                0x0000000008003920                USB_EPClearStall
 .text.USB_SetDevAddress
                0x0000000008003a48       0x28 Drivers/STM32G4xx_HAL_Driver/Src/stm32g4xx_ll_usb.o
                0x0000000008003a48                USB_SetDevAddress
 .text.USB_DevConnect
                0x0000000008003a70       0x2e Drivers/STM32G4xx_HAL_Driver/Src/stm32g4xx_ll_usb.o
                0x0000000008003a70                USB_DevConnect
 .text.USB_ReadInterrupts
                0x0000000008003a9e       0x20 Drivers/STM32G4xx_HAL_Driver/Src/stm32g4xx_ll_usb.o
                0x0000000008003a9e                USB_ReadInterrupts
 .text.USB_EP0_OutStart
                0x0000000008003abe       0x18 Drivers/STM32G4xx_HAL_Driver/Src/stm32g4xx_ll_usb.o
                0x0000000008003abe                USB_EP0_OutStart
 .text.USB_WritePMA
                0x0000000008003ad6       0x82 Drivers/STM32G4xx_HAL_Driver/Src/stm32g4xx_ll_usb.o
                0x0000000008003ad6                USB_WritePMA
 .text.USB_ReadPMA
                0x0000000008003b58       0x98 Drivers/STM32G4xx_HAL_Driver/Src/stm32g4xx_ll_usb.o
                0x0000000008003b58                USB_ReadPMA
 .text.USBD_CDC_Init
                0x0000000008003bf0       0xe8 Middlewares/ST/STM32_USB_Device_Library/Class/CDC/Src/usbd_cdc.o
 .text.USBD_CDC_DeInit
                0x0000000008003cd8       0x66 Middlewares/ST/STM32_USB_Device_Library/Class/CDC/Src/usbd_cdc.o
 .text.USBD_CDC_Setup
                0x0000000008003d3e      0x140 Middlewares/ST/STM32_USB_Device_Library/Class/CDC/Src/usbd_cdc.o
 .text.USBD_CDC_DataIn
                0x0000000008003e7e       0xa0 Middlewares/ST/STM32_USB_Device_Library/Class/CDC/Src/usbd_cdc.o
 .text.USBD_CDC_DataOut
                0x0000000008003f1e       0x56 Middlewares/ST/STM32_USB_Device_Library/Class/CDC/Src/usbd_cdc.o
 .text.USBD_CDC_EP0_RxReady
                0x0000000008003f74       0x50 Middlewares/ST/STM32_USB_Device_Library/Class/CDC/Src/usbd_cdc.o
 .text.USBD_CDC_GetFSCfgDesc
                0x0000000008003fc4       0x20 Middlewares/ST/STM32_USB_Device_Library/Class/CDC/Src/usbd_cdc.o
 .text.USBD_CDC_GetDeviceQualifierDescriptor
                0x0000000008003fe4       0x20 Middlewares/ST/STM32_USB_Device_Library/Class/CDC/Src/usbd_cdc.o
                0x0000000008003fe4                USBD_CDC_GetDeviceQualifierDescriptor
 .text.USBD_CDC_RegisterInterface
                0x0000000008004004       0x2e Middlewares/ST/STM32_USB_Device_Library/Class/CDC/Src/usbd_cdc.o
                0x0000000008004004                USBD_CDC_RegisterInterface
 .text.USBD_CDC_SetTxBuffer
                0x0000000008004032       0x34 Middlewares/ST/STM32_USB_Device_Library/Class/CDC/Src/usbd_cdc.o
                0x0000000008004032                USBD_CDC_SetTxBuffer
 .text.USBD_CDC_SetRxBuffer
                0x0000000008004066       0x28 Middlewares/ST/STM32_USB_Device_Library/Class/CDC/Src/usbd_cdc.o
                0x0000000008004066                USBD_CDC_SetRxBuffer
 .text.USBD_CDC_TransmitPacket
                0x000000000800408e       0x5e Middlewares/ST/STM32_USB_Device_Library/Class/CDC/Src/usbd_cdc.o
                0x000000000800408e                USBD_CDC_TransmitPacket
 .text.USBD_CDC_ReceivePacket
                0x00000000080040ec       0x54 Middlewares/ST/STM32_USB_Device_Library/Class/CDC/Src/usbd_cdc.o
                0x00000000080040ec                USBD_CDC_ReceivePacket
 .text.USBD_Init
                0x0000000008004140       0x56 Middlewares/ST/STM32_USB_Device_Library/Core/Src/usbd_core.o
                0x0000000008004140                USBD_Init
 .text.USBD_RegisterClass
                0x0000000008004196       0x34 Middlewares/ST/STM32_USB_Device_Library/Core/Src/usbd_core.o
                0x0000000008004196                USBD_RegisterClass
 .text.USBD_Start
                0x00000000080041ca       0x18 Middlewares/ST/STM32_USB_Device_Library/Core/Src/usbd_core.o
                0x00000000080041ca                USBD_Start
 .text.USBD_RunTestMode
                0x00000000080041e2       0x16 Middlewares/ST/STM32_USB_Device_Library/Core/Src/usbd_core.o
                0x00000000080041e2                USBD_RunTestMode
 .text.USBD_SetClassConfig
                0x00000000080041f8       0x3e Middlewares/ST/STM32_USB_Device_Library/Core/Src/usbd_core.o
                0x00000000080041f8                USBD_SetClassConfig
 .text.USBD_ClrClassConfig
                0x0000000008004236       0x26 Middlewares/ST/STM32_USB_Device_Library/Core/Src/usbd_core.o
                0x0000000008004236                USBD_ClrClassConfig
 .text.USBD_LL_SetupStage
                0x000000000800425c       0x96 Middlewares/ST/STM32_USB_Device_Library/Core/Src/usbd_core.o
                0x000000000800425c                USBD_LL_SetupStage
 .text.USBD_LL_DataOutStage
                0x00000000080042f2       0xe2 Middlewares/ST/STM32_USB_Device_Library/Core/Src/usbd_core.o
                0x00000000080042f2                USBD_LL_DataOutStage
 .text.USBD_LL_DataInStage
                0x00000000080043d4      0x14a Middlewares/ST/STM32_USB_Device_Library/Core/Src/usbd_core.o
                0x00000000080043d4                USBD_LL_DataInStage
 .text.USBD_LL_Reset
                0x000000000800451e       0x82 Middlewares/ST/STM32_USB_Device_Library/Core/Src/usbd_core.o
                0x000000000800451e                USBD_LL_Reset
 .text.USBD_LL_SetSpeed
                0x00000000080045a0       0x20 Middlewares/ST/STM32_USB_Device_Library/Core/Src/usbd_core.o
                0x00000000080045a0                USBD_LL_SetSpeed
 .text.USBD_LL_Suspend
                0x00000000080045c0       0x2a Middlewares/ST/STM32_USB_Device_Library/Core/Src/usbd_core.o
                0x00000000080045c0                USBD_LL_Suspend
 .text.USBD_LL_Resume
                0x00000000080045ea       0x2c Middlewares/ST/STM32_USB_Device_Library/Core/Src/usbd_core.o
                0x00000000080045ea                USBD_LL_Resume
 .text.USBD_LL_SOF
                0x0000000008004616       0x34 Middlewares/ST/STM32_USB_Device_Library/Core/Src/usbd_core.o
                0x0000000008004616                USBD_LL_SOF
 *fill*         0x000000000800464a        0x2 
 .text.USBD_StdDevReq
                0x000000000800464c       0xd4 Middlewares/ST/STM32_USB_Device_Library/Core/Src/usbd_ctlreq.o
                0x000000000800464c                USBD_StdDevReq
 .text.USBD_StdItfReq
                0x0000000008004720       0x8c Middlewares/ST/STM32_USB_Device_Library/Core/Src/usbd_ctlreq.o
                0x0000000008004720                USBD_StdItfReq
 .text.USBD_StdEPReq
                0x00000000080047ac      0x2ba Middlewares/ST/STM32_USB_Device_Library/Core/Src/usbd_ctlreq.o
                0x00000000080047ac                USBD_StdEPReq
 *fill*         0x0000000008004a66        0x2 
 .text.USBD_GetDescriptor
                0x0000000008004a68      0x324 Middlewares/ST/STM32_USB_Device_Library/Core/Src/usbd_ctlreq.o
 .text.USBD_SetAddress
                0x0000000008004d8c       0x84 Middlewares/ST/STM32_USB_Device_Library/Core/Src/usbd_ctlreq.o
 .text.USBD_SetConfig
                0x0000000008004e10      0x11c Middlewares/ST/STM32_USB_Device_Library/Core/Src/usbd_ctlreq.o
 .text.USBD_GetConfig
                0x0000000008004f2c       0x68 Middlewares/ST/STM32_USB_Device_Library/Core/Src/usbd_ctlreq.o
 .text.USBD_GetStatus
                0x0000000008004f94       0x66 Middlewares/ST/STM32_USB_Device_Library/Core/Src/usbd_ctlreq.o
 .text.USBD_SetFeature
                0x0000000008004ffa       0x28 Middlewares/ST/STM32_USB_Device_Library/Core/Src/usbd_ctlreq.o
 .text.USBD_ClrFeature
                0x0000000008005022       0x42 Middlewares/ST/STM32_USB_Device_Library/Core/Src/usbd_ctlreq.o
 .text.USBD_ParseSetupRequest
                0x0000000008005064       0x7a Middlewares/ST/STM32_USB_Device_Library/Core/Src/usbd_ctlreq.o
                0x0000000008005064                USBD_ParseSetupRequest
 .text.USBD_CtlError
                0x00000000080050de       0x22 Middlewares/ST/STM32_USB_Device_Library/Core/Src/usbd_ctlreq.o
                0x00000000080050de                USBD_CtlError
 .text.USBD_GetString
                0x0000000008005100       0x84 Middlewares/ST/STM32_USB_Device_Library/Core/Src/usbd_ctlreq.o
                0x0000000008005100                USBD_GetString
 .text.USBD_GetLen
                0x0000000008005184       0x30 Middlewares/ST/STM32_USB_Device_Library/Core/Src/usbd_ctlreq.o
 .text.USBD_CtlSendData
                0x00000000080051b4       0x38 Middlewares/ST/STM32_USB_Device_Library/Core/Src/usbd_ioreq.o
                0x00000000080051b4                USBD_CtlSendData
 .text.USBD_CtlContinueSendData
                0x00000000080051ec       0x24 Middlewares/ST/STM32_USB_Device_Library/Core/Src/usbd_ioreq.o
                0x00000000080051ec                USBD_CtlContinueSendData
 .text.USBD_CtlPrepareRx
                0x0000000008005210       0x3c Middlewares/ST/STM32_USB_Device_Library/Core/Src/usbd_ioreq.o
                0x0000000008005210                USBD_CtlPrepareRx
 .text.USBD_CtlContinueRx
                0x000000000800524c       0x24 Middlewares/ST/STM32_USB_Device_Library/Core/Src/usbd_ioreq.o
                0x000000000800524c                USBD_CtlContinueRx
 .text.USBD_CtlSendStatus
                0x0000000008005270       0x26 Middlewares/ST/STM32_USB_Device_Library/Core/Src/usbd_ioreq.o
                0x0000000008005270                USBD_CtlSendStatus
 .text.USBD_CtlReceiveStatus
                0x0000000008005296       0x26 Middlewares/ST/STM32_USB_Device_Library/Core/Src/usbd_ioreq.o
                0x0000000008005296                USBD_CtlReceiveStatus
 .text.RING_init
                0x00000000080052bc       0x30 Src/RING.o
                0x00000000080052bc                RING_init
 .text.RING_is_full
                0x00000000080052ec       0x24 Src/RING.o
                0x00000000080052ec                RING_is_full
 .text.RING_put
                0x0000000008005310       0xae Src/RING.o
                0x0000000008005310                RING_put
 *fill*         0x00000000080053be        0x2 
 .text.main     0x00000000080053c0       0x78 Src/main.o
                0x00000000080053c0                main
 .text.SystemClock_Config
                0x0000000008005438       0xd4 Src/main.o
                0x0000000008005438                SystemClock_Config
 .text.MX_FDCAN1_Init
                0x000000000800550c       0x90 Src/main.o
 .text.MX_GPIO_Init
                0x000000000800559c       0x94 Src/main.o
 .text.Error_Handler
                0x0000000008005630        0xe Src/main.o
                0x0000000008005630                Error_Handler
 *fill*         0x000000000800563e        0x2 
 .text.LL_PWR_DisableUCPDDeadBattery
                0x0000000008005640       0x20 Src/stm32g4xx_hal_msp.o
 .text.HAL_MspInit
                0x0000000008005660       0x48 Src/stm32g4xx_hal_msp.o
                0x0000000008005660                HAL_MspInit
 .text.HAL_FDCAN_MspInit
                0x00000000080056a8       0x88 Src/stm32g4xx_hal_msp.o
                0x00000000080056a8                HAL_FDCAN_MspInit
 .text.NMI_Handler
                0x0000000008005730        0xe Src/stm32g4xx_it.o
                0x0000000008005730                NMI_Handler
 .text.HardFault_Handler
                0x000000000800573e        0x6 Src/stm32g4xx_it.o
                0x000000000800573e                HardFault_Handler
 .text.MemManage_Handler
                0x0000000008005744        0x6 Src/stm32g4xx_it.o
                0x0000000008005744                MemManage_Handler
 .text.BusFault_Handler
                0x000000000800574a        0x6 Src/stm32g4xx_it.o
                0x000000000800574a                BusFault_Handler
 .text.UsageFault_Handler
                0x0000000008005750        0x6 Src/stm32g4xx_it.o
                0x0000000008005750                UsageFault_Handler
 .text.SVC_Handler
                0x0000000008005756        0xe Src/stm32g4xx_it.o
                0x0000000008005756                SVC_Handler
 .text.DebugMon_Handler
                0x0000000008005764        0xe Src/stm32g4xx_it.o
                0x0000000008005764                DebugMon_Handler
 .text.PendSV_Handler
                0x0000000008005772        0xe Src/stm32g4xx_it.o
                0x0000000008005772                PendSV_Handler
 .text.SysTick_Handler
                0x0000000008005780        0xc Src/stm32g4xx_it.o
                0x0000000008005780                SysTick_Handler
 .text.USB_LP_IRQHandler
                0x000000000800578c       0x14 Src/stm32g4xx_it.o
                0x000000000800578c                USB_LP_IRQHandler
 .text.SystemInit
                0x00000000080057a0       0x2c Src/system_stm32g4xx.o
                0x00000000080057a0                SystemInit
 .text.MX_USB_Device_Init
                0x00000000080057cc       0x60 Src/usb_device.o
                0x00000000080057cc                MX_USB_Device_Init
 .text.CDC_Init_FS
                0x000000000800582c       0x28 Src/usbd_cdc_if.o
 .text.CDC_DeInit_FS
                0x0000000008005854       0x10 Src/usbd_cdc_if.o
 .text.CDC_Control_FS
                0x0000000008005864       0xbc Src/usbd_cdc_if.o
 .text.CDC_Receive_FS
                0x0000000008005920       0x54 Src/usbd_cdc_if.o
 .text.CDC_Transmit_FS
                0x0000000008005974       0x4c Src/usbd_cdc_if.o
                0x0000000008005974                CDC_Transmit_FS
 .text.HAL_PCD_MspInit
                0x00000000080059c0       0x90 Src/usbd_conf.o
                0x00000000080059c0                HAL_PCD_MspInit
 .text.HAL_PCD_SetupStageCallback
                0x0000000008005a50       0x24 Src/usbd_conf.o
                0x0000000008005a50                HAL_PCD_SetupStageCallback
 .text.HAL_PCD_DataOutStageCallback
                0x0000000008005a74       0x30 Src/usbd_conf.o
                0x0000000008005a74                HAL_PCD_DataOutStageCallback
 .text.HAL_PCD_DataInStageCallback
                0x0000000008005aa4       0x2e Src/usbd_conf.o
                0x0000000008005aa4                HAL_PCD_DataInStageCallback
 .text.HAL_PCD_SOFCallback
                0x0000000008005ad2       0x1c Src/usbd_conf.o
                0x0000000008005ad2                HAL_PCD_SOFCallback
 .text.HAL_PCD_ResetCallback
                0x0000000008005aee       0x3c Src/usbd_conf.o
                0x0000000008005aee                HAL_PCD_ResetCallback
 *fill*         0x0000000008005b2a        0x2 
 .text.HAL_PCD_SuspendCallback
                0x0000000008005b2c       0x34 Src/usbd_conf.o
                0x0000000008005b2c                HAL_PCD_SuspendCallback
 .text.HAL_PCD_ResumeCallback
                0x0000000008005b60       0x38 Src/usbd_conf.o
                0x0000000008005b60                HAL_PCD_ResumeCallback
 .text.USBD_LL_Init
                0x0000000008005b98       0xc0 Src/usbd_conf.o
                0x0000000008005b98                USBD_LL_Init
 .text.USBD_LL_Start
                0x0000000008005c58       0x36 Src/usbd_conf.o
                0x0000000008005c58                USBD_LL_Start
 .text.USBD_LL_OpenEP
                0x0000000008005c8e       0x4c Src/usbd_conf.o
                0x0000000008005c8e                USBD_LL_OpenEP
 .text.USBD_LL_CloseEP
                0x0000000008005cda       0x3e Src/usbd_conf.o
                0x0000000008005cda                USBD_LL_CloseEP
 .text.USBD_LL_StallEP
                0x0000000008005d18       0x3e Src/usbd_conf.o
                0x0000000008005d18                USBD_LL_StallEP
 .text.USBD_LL_ClearStallEP
                0x0000000008005d56       0x3e Src/usbd_conf.o
                0x0000000008005d56                USBD_LL_ClearStallEP
 .text.USBD_LL_IsStallEP
                0x0000000008005d94       0x4c Src/usbd_conf.o
                0x0000000008005d94                USBD_LL_IsStallEP
 .text.USBD_LL_SetUSBAddress
                0x0000000008005de0       0x3e Src/usbd_conf.o
                0x0000000008005de0                USBD_LL_SetUSBAddress
 .text.USBD_LL_Transmit
                0x0000000008005e1e       0x46 Src/usbd_conf.o
                0x0000000008005e1e                USBD_LL_Transmit
 .text.USBD_LL_PrepareReceive
                0x0000000008005e64       0x46 Src/usbd_conf.o
                0x0000000008005e64                USBD_LL_PrepareReceive
 .text.USBD_LL_GetRxDataSize
                0x0000000008005eaa       0x26 Src/usbd_conf.o
                0x0000000008005eaa                USBD_LL_GetRxDataSize
 .text.HAL_PCDEx_LPM_Callback
                0x0000000008005ed0       0x6c Src/usbd_conf.o
                0x0000000008005ed0                HAL_PCDEx_LPM_Callback
 .text.USBD_static_malloc
                0x0000000008005f3c       0x1c Src/usbd_conf.o
                0x0000000008005f3c                USBD_static_malloc
 .text.USBD_static_free
                0x0000000008005f58       0x14 Src/usbd_conf.o
                0x0000000008005f58                USBD_static_free
 .text.SystemClockConfig_Resume
                0x0000000008005f6c        0xc Src/usbd_conf.o
 .text.USBD_Get_USB_Status
                0x0000000008005f78       0x58 Src/usbd_conf.o
 .text.USBD_CDC_DeviceDescriptor
                0x0000000008005fd0       0x24 Src/usbd_desc.o
                0x0000000008005fd0                USBD_CDC_DeviceDescriptor
 .text.USBD_CDC_LangIDStrDescriptor
                0x0000000008005ff4       0x24 Src/usbd_desc.o
                0x0000000008005ff4                USBD_CDC_LangIDStrDescriptor
 .text.USBD_CDC_ProductStrDescriptor
                0x0000000008006018       0x3c Src/usbd_desc.o
                0x0000000008006018                USBD_CDC_ProductStrDescriptor
 .text.USBD_CDC_ManufacturerStrDescriptor
                0x0000000008006054       0x28 Src/usbd_desc.o
                0x0000000008006054                USBD_CDC_ManufacturerStrDescriptor
 .text.USBD_CDC_SerialStrDescriptor
                0x000000000800607c       0x24 Src/usbd_desc.o
                0x000000000800607c                USBD_CDC_SerialStrDescriptor
 .text.USBD_CDC_ConfigStrDescriptor
                0x00000000080060a0       0x3c Src/usbd_desc.o
                0x00000000080060a0                USBD_CDC_ConfigStrDescriptor
 .text.USBD_CDC_InterfaceStrDescriptor
                0x00000000080060dc       0x3c Src/usbd_desc.o
                0x00000000080060dc                USBD_CDC_InterfaceStrDescriptor
 .text.Get_SerialNum
                0x0000000008006118       0x58 Src/usbd_desc.o
 .text.IntToUnicode
                0x0000000008006170       0x7c Src/usbd_desc.o
 .text.Reset_Handler
                0x00000000080061ec       0x50 Startup/startup_stm32g431cbux.o
                0x00000000080061ec                Reset_Handler
 .text.Default_Handler
                0x000000000800623c        0x2 Startup/startup_stm32g431cbux.o
                0x000000000800623c                RTC_Alarm_IRQHandler
                0x000000000800623c                EXTI2_IRQHandler
                0x000000000800623c                TIM8_TRG_COM_IRQHandler
                0x000000000800623c                TIM8_CC_IRQHandler
                0x000000000800623c                TIM1_CC_IRQHandler
                0x000000000800623c                USB_HP_IRQHandler
                0x000000000800623c                CORDIC_IRQHandler
                0x000000000800623c                EXTI3_IRQHandler
                0x000000000800623c                I2C3_ER_IRQHandler
                0x000000000800623c                EXTI0_IRQHandler
                0x000000000800623c                I2C2_EV_IRQHandler
                0x000000000800623c                FPU_IRQHandler
                0x000000000800623c                FDCAN1_IT1_IRQHandler
                0x000000000800623c                TIM1_UP_TIM16_IRQHandler
                0x000000000800623c                ADC1_2_IRQHandler
                0x000000000800623c                SPI1_IRQHandler
                0x000000000800623c                TIM6_DAC_IRQHandler
                0x000000000800623c                TIM8_UP_IRQHandler
                0x000000000800623c                DMA2_Channel2_IRQHandler
                0x000000000800623c                DMA1_Channel4_IRQHandler
                0x000000000800623c                USART3_IRQHandler
                0x000000000800623c                TIM4_IRQHandler
                0x000000000800623c                DMA2_Channel1_IRQHandler
                0x000000000800623c                I2C1_EV_IRQHandler
                0x000000000800623c                DMA1_Channel6_IRQHandler
                0x000000000800623c                UART4_IRQHandler
                0x000000000800623c                DMA2_Channel4_IRQHandler
                0x000000000800623c                TIM3_IRQHandler
                0x000000000800623c                RCC_IRQHandler
                0x000000000800623c                DMA1_Channel1_IRQHandler
                0x000000000800623c                Default_Handler
                0x000000000800623c                RTC_TAMP_LSECSS_IRQHandler
                0x000000000800623c                FMAC_IRQHandler
                0x000000000800623c                EXTI15_10_IRQHandler
                0x000000000800623c                TIM7_IRQHandler
                0x000000000800623c                UCPD1_IRQHandler
                0x000000000800623c                I2C3_EV_IRQHandler
                0x000000000800623c                EXTI9_5_IRQHandler
                0x000000000800623c                RTC_WKUP_IRQHandler
                0x000000000800623c                PVD_PVM_IRQHandler
                0x000000000800623c                SPI2_IRQHandler
                0x000000000800623c                DMA2_Channel5_IRQHandler
                0x000000000800623c                CRS_IRQHandler
                0x000000000800623c                DMA1_Channel5_IRQHandler
                0x000000000800623c                EXTI4_IRQHandler
                0x000000000800623c                RNG_IRQHandler
                0x000000000800623c                TIM1_TRG_COM_TIM17_IRQHandler
                0x000000000800623c                DMA1_Channel3_IRQHandler
                0x000000000800623c                WWDG_IRQHandler
                0x000000000800623c                LPUART1_IRQHandler
                0x000000000800623c                DMA2_Channel6_IRQHandler
                0x000000000800623c                FDCAN1_IT0_IRQHandler
                0x000000000800623c                TIM2_IRQHandler
                0x000000000800623c                COMP1_2_3_IRQHandler
                0x000000000800623c                EXTI1_IRQHandler
                0x000000000800623c                USART2_IRQHandler
                0x000000000800623c                I2C2_ER_IRQHandler
                0x000000000800623c                DMA1_Channel2_IRQHandler
                0x000000000800623c                TIM8_BRK_IRQHandler
                0x000000000800623c                FLASH_IRQHandler
                0x000000000800623c                USART1_IRQHandler
                0x000000000800623c                SPI3_IRQHandler
                0x000000000800623c                I2C1_ER_IRQHandler
                0x000000000800623c                LPTIM1_IRQHandler
                0x000000000800623c                DMAMUX_OVR_IRQHandler
                0x000000000800623c                USBWakeUp_IRQHandler
                0x000000000800623c                SAI1_IRQHandler
                0x000000000800623c                DMA2_Channel3_IRQHandler
                0x000000000800623c                COMP4_IRQHandler
                0x000000000800623c                TIM1_BRK_TIM15_IRQHandler
 *fill*         0x000000000800623e        0x2 
 .text.__libc_init_array
                0x0000000008006240       0x48 c:/st/stm32cubeide_1.2.0/stm32cubeide/plugins/com.st.stm32cube.ide.mcu.externaltools.gnu-tools-for-stm32.7-2018-q2-update.win32_1.0.0.201904181610/tools/bin/../lib/gcc/arm-none-eabi/7.3.1/../../../../arm-none-eabi/lib/thumb/v7e-m/fpv4-sp/hard\libc_nano.a(lib_a-init.o)
                0x0000000008006240                __libc_init_array
 .text.memcpy   0x0000000008006288       0x16 c:/st/stm32cubeide_1.2.0/stm32cubeide/plugins/com.st.stm32cube.ide.mcu.externaltools.gnu-tools-for-stm32.7-2018-q2-update.win32_1.0.0.201904181610/tools/bin/../lib/gcc/arm-none-eabi/7.3.1/../../../../arm-none-eabi/lib/thumb/v7e-m/fpv4-sp/hard\libc_nano.a(lib_a-memcpy-stub.o)
                0x0000000008006288                memcpy
 .text.memset   0x000000000800629e       0x10 c:/st/stm32cubeide_1.2.0/stm32cubeide/plugins/com.st.stm32cube.ide.mcu.externaltools.gnu-tools-for-stm32.7-2018-q2-update.win32_1.0.0.201904181610/tools/bin/../lib/gcc/arm-none-eabi/7.3.1/../../../../arm-none-eabi/lib/thumb/v7e-m/fpv4-sp/hard\libc_nano.a(lib_a-memset.o)
                0x000000000800629e                memset
 *(.glue_7)
 .glue_7        0x00000000080062ae        0x0 linker stubs
 *(.glue_7t)
 .glue_7t       0x00000000080062ae        0x0 linker stubs
 *(.eh_frame)
 *fill*         0x00000000080062ae        0x2 
 .eh_frame      0x00000000080062b0        0x0 c:/st/stm32cubeide_1.2.0/stm32cubeide/plugins/com.st.stm32cube.ide.mcu.externaltools.gnu-tools-for-stm32.7-2018-q2-update.win32_1.0.0.201904181610/tools/bin/../lib/gcc/arm-none-eabi/7.3.1/thumb/v7e-m/fpv4-sp/hard/crtbegin.o
 *(.init)
 .init          0x00000000080062b0        0x4 c:/st/stm32cubeide_1.2.0/stm32cubeide/plugins/com.st.stm32cube.ide.mcu.externaltools.gnu-tools-for-stm32.7-2018-q2-update.win32_1.0.0.201904181610/tools/bin/../lib/gcc/arm-none-eabi/7.3.1/thumb/v7e-m/fpv4-sp/hard/crti.o
                0x00000000080062b0                _init
 .init          0x00000000080062b4        0x8 c:/st/stm32cubeide_1.2.0/stm32cubeide/plugins/com.st.stm32cube.ide.mcu.externaltools.gnu-tools-for-stm32.7-2018-q2-update.win32_1.0.0.201904181610/tools/bin/../lib/gcc/arm-none-eabi/7.3.1/thumb/v7e-m/fpv4-sp/hard/crtn.o
 *(.fini)
 .fini          0x00000000080062bc        0x4 c:/st/stm32cubeide_1.2.0/stm32cubeide/plugins/com.st.stm32cube.ide.mcu.externaltools.gnu-tools-for-stm32.7-2018-q2-update.win32_1.0.0.201904181610/tools/bin/../lib/gcc/arm-none-eabi/7.3.1/thumb/v7e-m/fpv4-sp/hard/crti.o
                0x00000000080062bc                _fini
 .fini          0x00000000080062c0        0x8 c:/st/stm32cubeide_1.2.0/stm32cubeide/plugins/com.st.stm32cube.ide.mcu.externaltools.gnu-tools-for-stm32.7-2018-q2-update.win32_1.0.0.201904181610/tools/bin/../lib/gcc/arm-none-eabi/7.3.1/thumb/v7e-m/fpv4-sp/hard/crtn.o
                0x00000000080062c8                . = ALIGN (0x4)
                0x00000000080062c8                _etext = .

.vfp11_veneer   0x00000000080062c8        0x0
 .vfp11_veneer  0x00000000080062c8        0x0 linker stubs

.v4_bx          0x00000000080062c8        0x0
 .v4_bx         0x00000000080062c8        0x0 linker stubs

.iplt           0x00000000080062c8        0x0
 .iplt          0x00000000080062c8        0x0 c:/st/stm32cubeide_1.2.0/stm32cubeide/plugins/com.st.stm32cube.ide.mcu.externaltools.gnu-tools-for-stm32.7-2018-q2-update.win32_1.0.0.201904181610/tools/bin/../lib/gcc/arm-none-eabi/7.3.1/thumb/v7e-m/fpv4-sp/hard/crtbegin.o

.rodata         0x00000000080062c8       0x58
                0x00000000080062c8                . = ALIGN (0x4)
 *(.rodata)
 .rodata        0x00000000080062c8        0xa Src/main.o
 *fill*         0x00000000080062d2        0x2 
 .rodata        0x00000000080062d4       0x3a Src/usbd_desc.o
 *(.rodata*)
 *fill*         0x000000000800630e        0x2 
 .rodata.AHBPrescTable
                0x0000000008006310       0x10 Src/system_stm32g4xx.o
                0x0000000008006310                AHBPrescTable
                0x0000000008006320                . = ALIGN (0x4)

.rel.dyn        0x0000000008006320        0x0
 .rel.iplt      0x0000000008006320        0x0 c:/st/stm32cubeide_1.2.0/stm32cubeide/plugins/com.st.stm32cube.ide.mcu.externaltools.gnu-tools-for-stm32.7-2018-q2-update.win32_1.0.0.201904181610/tools/bin/../lib/gcc/arm-none-eabi/7.3.1/thumb/v7e-m/fpv4-sp/hard/crtbegin.o

.ARM.extab      0x0000000008006320        0x0
                0x0000000008006320                . = ALIGN (0x4)
 *(.ARM.extab* .gnu.linkonce.armextab.*)
                0x0000000008006320                . = ALIGN (0x4)

.ARM            0x0000000008006320        0x0
                0x0000000008006320                . = ALIGN (0x4)
                0x0000000008006320                __exidx_start = .
 *(.ARM.exidx*)
                0x0000000008006320                __exidx_end = .
                0x0000000008006320                . = ALIGN (0x4)

.preinit_array  0x0000000008006320        0x0
                0x0000000008006320                . = ALIGN (0x4)
                0x0000000008006320                PROVIDE (__preinit_array_start = .)
 *(.preinit_array*)
                0x0000000008006320                PROVIDE (__preinit_array_end = .)
                0x0000000008006320                . = ALIGN (0x4)

.init_array     0x0000000008006320        0x4
                0x0000000008006320                . = ALIGN (0x4)
                0x0000000008006320                PROVIDE (__init_array_start = .)
 *(SORT_BY_NAME(.init_array.*))
 *(.init_array*)
 .init_array    0x0000000008006320        0x4 c:/st/stm32cubeide_1.2.0/stm32cubeide/plugins/com.st.stm32cube.ide.mcu.externaltools.gnu-tools-for-stm32.7-2018-q2-update.win32_1.0.0.201904181610/tools/bin/../lib/gcc/arm-none-eabi/7.3.1/thumb/v7e-m/fpv4-sp/hard/crtbegin.o
                0x0000000008006324                PROVIDE (__init_array_end = .)
                0x0000000008006324                . = ALIGN (0x4)

.fini_array     0x0000000008006324        0x4
                0x0000000008006324                . = ALIGN (0x4)
                [!provide]                        PROVIDE (__fini_array_start = .)
 *(SORT_BY_NAME(.fini_array.*))
 *(.fini_array*)
 .fini_array    0x0000000008006324        0x4 c:/st/stm32cubeide_1.2.0/stm32cubeide/plugins/com.st.stm32cube.ide.mcu.externaltools.gnu-tools-for-stm32.7-2018-q2-update.win32_1.0.0.201904181610/tools/bin/../lib/gcc/arm-none-eabi/7.3.1/thumb/v7e-m/fpv4-sp/hard/crtbegin.o
                [!provide]                        PROVIDE (__fini_array_end = .)
                0x0000000008006328                . = ALIGN (0x4)
                0x0000000008006328                _sidata = LOADADDR (.data)

.data           0x0000000020000000       0xd4 load address 0x0000000008006328
                0x0000000020000000                . = ALIGN (0x4)
                0x0000000020000000                _sdata = .
 *(.data)
 *(.data*)
 .data.uwTickPrio
                0x0000000020000000        0x4 Drivers/STM32G4xx_HAL_Driver/Src/stm32g4xx_hal.o
                0x0000000020000000                uwTickPrio
 .data.uwTickFreq
                0x0000000020000004        0x4 Drivers/STM32G4xx_HAL_Driver/Src/stm32g4xx_hal.o
                0x0000000020000004                uwTickFreq
 .data.USBD_CDC_DeviceQualifierDesc
                0x0000000020000008        0xa Middlewares/ST/STM32_USB_Device_Library/Class/CDC/Src/usbd_cdc.o
 *fill*         0x0000000020000012        0x2 
 .data.USBD_CDC
                0x0000000020000014       0x38 Middlewares/ST/STM32_USB_Device_Library/Class/CDC/Src/usbd_cdc.o
                0x0000000020000014                USBD_CDC
 .data.USBD_CDC_CfgFSDesc
                0x000000002000004c       0x20 Middlewares/ST/STM32_USB_Device_Library/Class/CDC/Src/usbd_cdc.o
                0x000000002000004c                USBD_CDC_CfgFSDesc
 .data.SystemCoreClock
                0x000000002000006c        0x4 Src/system_stm32g4xx.o
                0x000000002000006c                SystemCoreClock
 .data.USBD_Interface_fops_FS
                0x0000000020000070       0x10 Src/usbd_cdc_if.o
                0x0000000020000070                USBD_Interface_fops_FS
 .data.CDC_Desc
                0x0000000020000080       0x20 Src/usbd_desc.o
                0x0000000020000080                CDC_Desc
 .data.USBD_CDC_DeviceDesc
                0x00000000200000a0       0x12 Src/usbd_desc.o
                0x00000000200000a0                USBD_CDC_DeviceDesc
 *fill*         0x00000000200000b2        0x2 
 .data.USBD_LangIDDesc
                0x00000000200000b4        0x4 Src/usbd_desc.o
                0x00000000200000b4                USBD_LangIDDesc
 .data.USBD_StringSerial
                0x00000000200000b8       0x1a Src/usbd_desc.o
                0x00000000200000b8                USBD_StringSerial
                0x00000000200000d4                . = ALIGN (0x4)
 *fill*         0x00000000200000d2        0x2 
                0x00000000200000d4                _edata = .

.igot.plt       0x00000000200000d4        0x0 load address 0x00000000080063fc
 .igot.plt      0x00000000200000d4        0x0 c:/st/stm32cubeide_1.2.0/stm32cubeide/plugins/com.st.stm32cube.ide.mcu.externaltools.gnu-tools-for-stm32.7-2018-q2-update.win32_1.0.0.201904181610/tools/bin/../lib/gcc/arm-none-eabi/7.3.1/thumb/v7e-m/fpv4-sp/hard/crtbegin.o
                0x00000000200000d4                . = ALIGN (0x4)

.bss            0x00000000200000d4     0x21b8 load address 0x00000000080063fc
                0x00000000200000d4                _sbss = .
                0x00000000200000d4                __bss_start__ = _sbss
 *(.bss)
 .bss           0x00000000200000d4       0x1c c:/st/stm32cubeide_1.2.0/stm32cubeide/plugins/com.st.stm32cube.ide.mcu.externaltools.gnu-tools-for-stm32.7-2018-q2-update.win32_1.0.0.201904181610/tools/bin/../lib/gcc/arm-none-eabi/7.3.1/thumb/v7e-m/fpv4-sp/hard/crtbegin.o
 *(.bss*)
 .bss.cfgidx.10071
                0x00000000200000f0        0x1 Middlewares/ST/STM32_USB_Device_Library/Core/Src/usbd_ctlreq.o
 *fill*         0x00000000200000f1        0x3 
 .bss.mem.10148
                0x00000000200000f4      0x220 Src/usbd_conf.o
 *(COMMON)
 COMMON         0x0000000020000314        0x4 Drivers/STM32G4xx_HAL_Driver/Src/stm32g4xx_hal.o
                0x0000000020000314                uwTick
 COMMON         0x0000000020000318       0x64 Src/main.o
                0x0000000020000318                hfdcan1
 COMMON         0x000000002000037c     0x1007 Src/ucan_fd_protocol_stm32g431.o
                0x000000002000037c                usb_tx
                0x0000000020000b80                usb_rx
 *fill*         0x0000000020001383        0x1 
 COMMON         0x0000000020001384      0x2c4 Src/usb_device.o
                0x0000000020001384                hUsbDeviceFS
 COMMON         0x0000000020001648      0x7d0 Src/usbd_cdc_if.o
                0x0000000020001648                UserRxBufferFS
                0x0000000020001a30                UserTxBufferFS
 COMMON         0x0000000020001e18      0x274 Src/usbd_conf.o
                0x0000000020001e18                hpcd_USB_FS
 COMMON         0x000000002000208c      0x200 Src/usbd_desc.o
                0x000000002000208c                USBD_StrDesc
                0x000000002000228c                . = ALIGN (0x4)
                0x000000002000228c                _ebss = .
                0x000000002000228c                __bss_end__ = _ebss

._user_heap_stack
                0x000000002000228c      0xc04 load address 0x00000000080063fc
                0x0000000020002290                . = ALIGN (0x8)
 *fill*         0x000000002000228c        0x4 
                0x0000000020002290                PROVIDE (end = .)
                [!provide]                        PROVIDE (_end = .)
                0x0000000020002a90                . = (. + _Min_Heap_Size)
 *fill*         0x0000000020002290      0x800 
                0x0000000020002e90                . = (. + _Min_Stack_Size)
 *fill*         0x0000000020002a90      0x400 
                0x0000000020002e90                . = ALIGN (0x8)

/DISCARD/
 libc.a(*)
 libm.a(*)
 libgcc.a(*)

.ARM.attributes
                0x0000000000000000       0x30
 *(.ARM.attributes)
 .ARM.attributes
                0x0000000000000000       0x22 c:/st/stm32cubeide_1.2.0/stm32cubeide/plugins/com.st.stm32cube.ide.mcu.externaltools.gnu-tools-for-stm32.7-2018-q2-update.win32_1.0.0.201904181610/tools/bin/../lib/gcc/arm-none-eabi/7.3.1/thumb/v7e-m/fpv4-sp/hard/crti.o
 .ARM.attributes
                0x0000000000000022       0x34 c:/st/stm32cubeide_1.2.0/stm32cubeide/plugins/com.st.stm32cube.ide.mcu.externaltools.gnu-tools-for-stm32.7-2018-q2-update.win32_1.0.0.201904181610/tools/bin/../lib/gcc/arm-none-eabi/7.3.1/thumb/v7e-m/fpv4-sp/hard/crtbegin.o
 .ARM.attributes
                0x0000000000000056       0x39 Drivers/STM32G4xx_HAL_Driver/Src/stm32g4xx_hal.o
 .ARM.attributes
                0x000000000000008f       0x39 Drivers/STM32G4xx_HAL_Driver/Src/stm32g4xx_hal_cortex.o
 .ARM.attributes
                0x00000000000000c8       0x39 Drivers/STM32G4xx_HAL_Driver/Src/stm32g4xx_hal_fdcan.o
 .ARM.attributes
                0x0000000000000101       0x39 Drivers/STM32G4xx_HAL_Driver/Src/stm32g4xx_hal_gpio.o
 .ARM.attributes
                0x000000000000013a       0x39 Drivers/STM32G4xx_HAL_Driver/Src/stm32g4xx_hal_pcd.o
 .ARM.attributes
                0x0000000000000173       0x39 Drivers/STM32G4xx_HAL_Driver/Src/stm32g4xx_hal_pcd_ex.o
 .ARM.attributes
                0x00000000000001ac       0x39 Drivers/STM32G4xx_HAL_Driver/Src/stm32g4xx_hal_pwr_ex.o
 .ARM.attributes
                0x00000000000001e5       0x39 Drivers/STM32G4xx_HAL_Driver/Src/stm32g4xx_hal_rcc.o
 .ARM.attributes
                0x000000000000021e       0x39 Drivers/STM32G4xx_HAL_Driver/Src/stm32g4xx_hal_rcc_ex.o
 .ARM.attributes
                0x0000000000000257       0x39 Drivers/STM32G4xx_HAL_Driver/Src/stm32g4xx_ll_usb.o
 .ARM.attributes
                0x0000000000000290       0x39 Middlewares/ST/STM32_USB_Device_Library/Class/CDC/Src/usbd_cdc.o
 .ARM.attributes
                0x00000000000002c9       0x39 Middlewares/ST/STM32_USB_Device_Library/Core/Src/usbd_core.o
 .ARM.attributes
                0x0000000000000302       0x39 Middlewares/ST/STM32_USB_Device_Library/Core/Src/usbd_ctlreq.o
 .ARM.attributes
                0x000000000000033b       0x39 Middlewares/ST/STM32_USB_Device_Library/Core/Src/usbd_ioreq.o
 .ARM.attributes
                0x0000000000000374       0x39 Src/RING.o
 .ARM.attributes
                0x00000000000003ad       0x39 Src/main.o
 .ARM.attributes
                0x00000000000003e6       0x39 Src/stm32g4xx_hal_msp.o
 .ARM.attributes
                0x000000000000041f       0x39 Src/stm32g4xx_it.o
 .ARM.attributes
                0x0000000000000458       0x39 Src/system_stm32g4xx.o
 .ARM.attributes
                0x0000000000000491       0x39 Src/ucan_fd_protocol_stm32g431.o
 .ARM.attributes
                0x00000000000004ca       0x39 Src/usb_device.o
 .ARM.attributes
                0x0000000000000503       0x39 Src/usbd_cdc_if.o
 .ARM.attributes
                0x000000000000053c       0x39 Src/usbd_conf.o
 .ARM.attributes
                0x0000000000000575       0x39 Src/usbd_desc.o
 .ARM.attributes
                0x00000000000005ae       0x21 Startup/startup_stm32g431cbux.o
 .ARM.attributes
                0x00000000000005cf       0x34 c:/st/stm32cubeide_1.2.0/stm32cubeide/plugins/com.st.stm32cube.ide.mcu.externaltools.gnu-tools-for-stm32.7-2018-q2-update.win32_1.0.0.201904181610/tools/bin/../lib/gcc/arm-none-eabi/7.3.1/../../../../arm-none-eabi/lib/thumb/v7e-m/fpv4-sp/hard\libc_nano.a(lib_a-init.o)
 .ARM.attributes
                0x0000000000000603       0x34 c:/st/stm32cubeide_1.2.0/stm32cubeide/plugins/com.st.stm32cube.ide.mcu.externaltools.gnu-tools-for-stm32.7-2018-q2-update.win32_1.0.0.201904181610/tools/bin/../lib/gcc/arm-none-eabi/7.3.1/../../../../arm-none-eabi/lib/thumb/v7e-m/fpv4-sp/hard\libc_nano.a(lib_a-memcpy-stub.o)
 .ARM.attributes
                0x0000000000000637       0x34 c:/st/stm32cubeide_1.2.0/stm32cubeide/plugins/com.st.stm32cube.ide.mcu.externaltools.gnu-tools-for-stm32.7-2018-q2-update.win32_1.0.0.201904181610/tools/bin/../lib/gcc/arm-none-eabi/7.3.1/../../../../arm-none-eabi/lib/thumb/v7e-m/fpv4-sp/hard\libc_nano.a(lib_a-memset.o)
 .ARM.attributes
                0x000000000000066b       0x22 c:/st/stm32cubeide_1.2.0/stm32cubeide/plugins/com.st.stm32cube.ide.mcu.externaltools.gnu-tools-for-stm32.7-2018-q2-update.win32_1.0.0.201904181610/tools/bin/../lib/gcc/arm-none-eabi/7.3.1/thumb/v7e-m/fpv4-sp/hard/crtn.o
OUTPUT(CDC_libUSB_basic.elf elf32-littlearm)

.debug_info     0x0000000000000000    0x169dc
 .debug_info    0x0000000000000000      0xbaa Drivers/STM32G4xx_HAL_Driver/Src/stm32g4xx_hal.o
 .debug_info    0x0000000000000baa      0xebb Drivers/STM32G4xx_HAL_Driver/Src/stm32g4xx_hal_cortex.o
 .debug_info    0x0000000000001a65     0x1957 Drivers/STM32G4xx_HAL_Driver/Src/stm32g4xx_hal_fdcan.o
 .debug_info    0x00000000000033bc      0x969 Drivers/STM32G4xx_HAL_Driver/Src/stm32g4xx_hal_gpio.o
 .debug_info    0x0000000000003d25      0xf4e Drivers/STM32G4xx_HAL_Driver/Src/stm32g4xx_hal_pcd.o
 .debug_info    0x0000000000004c73      0x968 Drivers/STM32G4xx_HAL_Driver/Src/stm32g4xx_hal_pcd_ex.o
 .debug_info    0x00000000000055db      0xa9c Drivers/STM32G4xx_HAL_Driver/Src/stm32g4xx_hal_pwr_ex.o
 .debug_info    0x0000000000006077      0xca5 Drivers/STM32G4xx_HAL_Driver/Src/stm32g4xx_hal_rcc.o
 .debug_info    0x0000000000006d1c      0xd92 Drivers/STM32G4xx_HAL_Driver/Src/stm32g4xx_hal_rcc_ex.o
 .debug_info    0x0000000000007aae     0x15ff Drivers/STM32G4xx_HAL_Driver/Src/stm32g4xx_ll_usb.o
 .debug_info    0x00000000000090ad     0x1830 Middlewares/ST/STM32_USB_Device_Library/Class/CDC/Src/usbd_cdc.o
 .debug_info    0x000000000000a8dd     0x12c7 Middlewares/ST/STM32_USB_Device_Library/Core/Src/usbd_core.o
 .debug_info    0x000000000000bba4     0x1237 Middlewares/ST/STM32_USB_Device_Library/Core/Src/usbd_ctlreq.o
 .debug_info    0x000000000000cddb     0x1028 Middlewares/ST/STM32_USB_Device_Library/Core/Src/usbd_ioreq.o
 .debug_info    0x000000000000de03      0x422 Src/RING.o
 .debug_info    0x000000000000e225     0x1610 Src/main.o
 .debug_info    0x000000000000f835      0xc1f Src/stm32g4xx_hal_msp.o
 .debug_info    0x0000000000010454      0x793 Src/stm32g4xx_it.o
 .debug_info    0x0000000000010be7      0x6af Src/system_stm32g4xx.o
 .debug_info    0x0000000000011296      0x4f3 Src/ucan_fd_protocol_stm32g431.o
 .debug_info    0x0000000000011789      0xf70 Src/usb_device.o
 .debug_info    0x00000000000126f9     0x1277 Src/usbd_cdc_if.o
 .debug_info    0x0000000000013970     0x223e Src/usbd_conf.o
 .debug_info    0x0000000000015bae      0xe0c Src/usbd_desc.o
 .debug_info    0x00000000000169ba       0x22 Startup/startup_stm32g431cbux.o

.debug_abbrev   0x0000000000000000     0x3292
 .debug_abbrev  0x0000000000000000      0x1fb Drivers/STM32G4xx_HAL_Driver/Src/stm32g4xx_hal.o
 .debug_abbrev  0x00000000000001fb      0x2f1 Drivers/STM32G4xx_HAL_Driver/Src/stm32g4xx_hal_cortex.o
 .debug_abbrev  0x00000000000004ec      0x1be Drivers/STM32G4xx_HAL_Driver/Src/stm32g4xx_hal_fdcan.o
 .debug_abbrev  0x00000000000006aa      0x1c0 Drivers/STM32G4xx_HAL_Driver/Src/stm32g4xx_hal_gpio.o
 .debug_abbrev  0x000000000000086a      0x27d Drivers/STM32G4xx_HAL_Driver/Src/stm32g4xx_hal_pcd.o
 .debug_abbrev  0x0000000000000ae7      0x1eb Drivers/STM32G4xx_HAL_Driver/Src/stm32g4xx_hal_pcd_ex.o
 .debug_abbrev  0x0000000000000cd2      0x1fd Drivers/STM32G4xx_HAL_Driver/Src/stm32g4xx_hal_pwr_ex.o
 .debug_abbrev  0x0000000000000ecf      0x245 Drivers/STM32G4xx_HAL_Driver/Src/stm32g4xx_hal_rcc.o
 .debug_abbrev  0x0000000000001114      0x204 Drivers/STM32G4xx_HAL_Driver/Src/stm32g4xx_hal_rcc_ex.o
 .debug_abbrev  0x0000000000001318      0x239 Drivers/STM32G4xx_HAL_Driver/Src/stm32g4xx_ll_usb.o
 .debug_abbrev  0x0000000000001551      0x2cf Middlewares/ST/STM32_USB_Device_Library/Class/CDC/Src/usbd_cdc.o
 .debug_abbrev  0x0000000000001820      0x270 Middlewares/ST/STM32_USB_Device_Library/Core/Src/usbd_core.o
 .debug_abbrev  0x0000000000001a90      0x2a0 Middlewares/ST/STM32_USB_Device_Library/Core/Src/usbd_ctlreq.o
 .debug_abbrev  0x0000000000001d30      0x1e0 Middlewares/ST/STM32_USB_Device_Library/Core/Src/usbd_ioreq.o
 .debug_abbrev  0x0000000000001f10      0x1b2 Src/RING.o
 .debug_abbrev  0x00000000000020c2      0x25d Src/main.o
 .debug_abbrev  0x000000000000231f      0x164 Src/stm32g4xx_hal_msp.o
 .debug_abbrev  0x0000000000002483      0x155 Src/stm32g4xx_it.o
 .debug_abbrev  0x00000000000025d8      0x147 Src/system_stm32g4xx.o
 .debug_abbrev  0x000000000000271f      0x185 Src/ucan_fd_protocol_stm32g431.o
 .debug_abbrev  0x00000000000028a4      0x1be Src/usb_device.o
 .debug_abbrev  0x0000000000002a62      0x292 Src/usbd_cdc_if.o
 .debug_abbrev  0x0000000000002cf4      0x2fc Src/usbd_conf.o
 .debug_abbrev  0x0000000000002ff0      0x290 Src/usbd_desc.o
 .debug_abbrev  0x0000000000003280       0x12 Startup/startup_stm32g431cbux.o

.debug_aranges  0x0000000000000000      0xf38
 .debug_aranges
                0x0000000000000000      0x130 Drivers/STM32G4xx_HAL_Driver/Src/stm32g4xx_hal.o
 .debug_aranges
                0x0000000000000130      0x118 Drivers/STM32G4xx_HAL_Driver/Src/stm32g4xx_hal_cortex.o
 .debug_aranges
                0x0000000000000248      0x208 Drivers/STM32G4xx_HAL_Driver/Src/stm32g4xx_hal_fdcan.o
 .debug_aranges
                0x0000000000000450       0x58 Drivers/STM32G4xx_HAL_Driver/Src/stm32g4xx_hal_gpio.o
 .debug_aranges
                0x00000000000004a8      0x120 Drivers/STM32G4xx_HAL_Driver/Src/stm32g4xx_hal_pcd.o
 .debug_aranges
                0x00000000000005c8       0x58 Drivers/STM32G4xx_HAL_Driver/Src/stm32g4xx_hal_pcd_ex.o
 .debug_aranges
                0x0000000000000620      0x140 Drivers/STM32G4xx_HAL_Driver/Src/stm32g4xx_hal_pwr_ex.o
 .debug_aranges
                0x0000000000000760       0x98 Drivers/STM32G4xx_HAL_Driver/Src/stm32g4xx_hal_rcc.o
 .debug_aranges
                0x00000000000007f8       0xb0 Drivers/STM32G4xx_HAL_Driver/Src/stm32g4xx_hal_rcc_ex.o
 .debug_aranges
                0x00000000000008a8      0x108 Drivers/STM32G4xx_HAL_Driver/Src/stm32g4xx_ll_usb.o
 .debug_aranges
                0x00000000000009b0       0x80 Middlewares/ST/STM32_USB_Device_Library/Class/CDC/Src/usbd_cdc.o
 .debug_aranges
                0x0000000000000a30       0xb8 Middlewares/ST/STM32_USB_Device_Library/Core/Src/usbd_core.o
 .debug_aranges
                0x0000000000000ae8       0x88 Middlewares/ST/STM32_USB_Device_Library/Core/Src/usbd_ctlreq.o
 .debug_aranges
                0x0000000000000b70       0x50 Middlewares/ST/STM32_USB_Device_Library/Core/Src/usbd_ioreq.o
 .debug_aranges
                0x0000000000000bc0       0x40 Src/RING.o
 .debug_aranges
                0x0000000000000c00       0x40 Src/main.o
 .debug_aranges
                0x0000000000000c40       0x38 Src/stm32g4xx_hal_msp.o
 .debug_aranges
                0x0000000000000c78       0x68 Src/stm32g4xx_it.o
 .debug_aranges
                0x0000000000000ce0       0x28 Src/system_stm32g4xx.o
 .debug_aranges
                0x0000000000000d08       0x28 Src/ucan_fd_protocol_stm32g431.o
 .debug_aranges
                0x0000000000000d30       0x20 Src/usb_device.o
 .debug_aranges
                0x0000000000000d50       0x40 Src/usbd_cdc_if.o
 .debug_aranges
                0x0000000000000d90      0x120 Src/usbd_conf.o
 .debug_aranges
                0x0000000000000eb0       0x60 Src/usbd_desc.o
 .debug_aranges
                0x0000000000000f10       0x28 Startup/startup_stm32g431cbux.o

.debug_ranges   0x0000000000000000      0xdb0
 .debug_ranges  0x0000000000000000      0x120 Drivers/STM32G4xx_HAL_Driver/Src/stm32g4xx_hal.o
 .debug_ranges  0x0000000000000120      0x108 Drivers/STM32G4xx_HAL_Driver/Src/stm32g4xx_hal_cortex.o
 .debug_ranges  0x0000000000000228      0x1f8 Drivers/STM32G4xx_HAL_Driver/Src/stm32g4xx_hal_fdcan.o
 .debug_ranges  0x0000000000000420       0x48 Drivers/STM32G4xx_HAL_Driver/Src/stm32g4xx_hal_gpio.o
 .debug_ranges  0x0000000000000468      0x110 Drivers/STM32G4xx_HAL_Driver/Src/stm32g4xx_hal_pcd.o
 .debug_ranges  0x0000000000000578       0x48 Drivers/STM32G4xx_HAL_Driver/Src/stm32g4xx_hal_pcd_ex.o
 .debug_ranges  0x00000000000005c0      0x130 Drivers/STM32G4xx_HAL_Driver/Src/stm32g4xx_hal_pwr_ex.o
 .debug_ranges  0x00000000000006f0       0x88 Drivers/STM32G4xx_HAL_Driver/Src/stm32g4xx_hal_rcc.o
 .debug_ranges  0x0000000000000778       0xa0 Drivers/STM32G4xx_HAL_Driver/Src/stm32g4xx_hal_rcc_ex.o
 .debug_ranges  0x0000000000000818       0xf8 Drivers/STM32G4xx_HAL_Driver/Src/stm32g4xx_ll_usb.o
 .debug_ranges  0x0000000000000910       0x70 Middlewares/ST/STM32_USB_Device_Library/Class/CDC/Src/usbd_cdc.o
 .debug_ranges  0x0000000000000980       0xa8 Middlewares/ST/STM32_USB_Device_Library/Core/Src/usbd_core.o
 .debug_ranges  0x0000000000000a28       0x78 Middlewares/ST/STM32_USB_Device_Library/Core/Src/usbd_ctlreq.o
 .debug_ranges  0x0000000000000aa0       0x40 Middlewares/ST/STM32_USB_Device_Library/Core/Src/usbd_ioreq.o
 .debug_ranges  0x0000000000000ae0       0x30 Src/RING.o
 .debug_ranges  0x0000000000000b10       0x30 Src/main.o
 .debug_ranges  0x0000000000000b40       0x28 Src/stm32g4xx_hal_msp.o
 .debug_ranges  0x0000000000000b68       0x58 Src/stm32g4xx_it.o
 .debug_ranges  0x0000000000000bc0       0x18 Src/system_stm32g4xx.o
 .debug_ranges  0x0000000000000bd8       0x18 Src/ucan_fd_protocol_stm32g431.o
 .debug_ranges  0x0000000000000bf0       0x10 Src/usb_device.o
 .debug_ranges  0x0000000000000c00       0x30 Src/usbd_cdc_if.o
 .debug_ranges  0x0000000000000c30      0x110 Src/usbd_conf.o
 .debug_ranges  0x0000000000000d40       0x50 Src/usbd_desc.o
 .debug_ranges  0x0000000000000d90       0x20 Startup/startup_stm32g431cbux.o

.debug_macro    0x0000000000000000    0x20549
 .debug_macro   0x0000000000000000      0x222 Drivers/STM32G4xx_HAL_Driver/Src/stm32g4xx_hal.o
 .debug_macro   0x0000000000000222      0xa5a Drivers/STM32G4xx_HAL_Driver/Src/stm32g4xx_hal.o
 .debug_macro   0x0000000000000c7c      0x15b Drivers/STM32G4xx_HAL_Driver/Src/stm32g4xx_hal.o
 .debug_macro   0x0000000000000dd7       0x2e Drivers/STM32G4xx_HAL_Driver/Src/stm32g4xx_hal.o
 .debug_macro   0x0000000000000e05       0x28 Drivers/STM32G4xx_HAL_Driver/Src/stm32g4xx_hal.o
 .debug_macro   0x0000000000000e2d       0x22 Drivers/STM32G4xx_HAL_Driver/Src/stm32g4xx_hal.o
 .debug_macro   0x0000000000000e4f       0x8e Drivers/STM32G4xx_HAL_Driver/Src/stm32g4xx_hal.o
 .debug_macro   0x0000000000000edd       0x51 Drivers/STM32G4xx_HAL_Driver/Src/stm32g4xx_hal.o
 .debug_macro   0x0000000000000f2e       0xef Drivers/STM32G4xx_HAL_Driver/Src/stm32g4xx_hal.o
 .debug_macro   0x000000000000101d       0x6a Drivers/STM32G4xx_HAL_Driver/Src/stm32g4xx_hal.o
 .debug_macro   0x0000000000001087      0x1df Drivers/STM32G4xx_HAL_Driver/Src/stm32g4xx_hal.o
 .debug_macro   0x0000000000001266       0x1c Drivers/STM32G4xx_HAL_Driver/Src/stm32g4xx_hal.o
 .debug_macro   0x0000000000001282       0x22 Drivers/STM32G4xx_HAL_Driver/Src/stm32g4xx_hal.o
 .debug_macro   0x00000000000012a4       0xdf Drivers/STM32G4xx_HAL_Driver/Src/stm32g4xx_hal.o
 .debug_macro   0x0000000000001383     0x102d Drivers/STM32G4xx_HAL_Driver/Src/stm32g4xx_hal.o
 .debug_macro   0x00000000000023b0      0x11f Drivers/STM32G4xx_HAL_Driver/Src/stm32g4xx_hal.o
 .debug_macro   0x00000000000024cf    0x113a4 Drivers/STM32G4xx_HAL_Driver/Src/stm32g4xx_hal.o
 .debug_macro   0x0000000000013873       0x43 Drivers/STM32G4xx_HAL_Driver/Src/stm32g4xx_hal.o
 .debug_macro   0x00000000000138b6     0x34d1 Drivers/STM32G4xx_HAL_Driver/Src/stm32g4xx_hal.o
 .debug_macro   0x0000000000016d87      0x174 Drivers/STM32G4xx_HAL_Driver/Src/stm32g4xx_hal.o
 .debug_macro   0x0000000000016efb       0x5a Drivers/STM32G4xx_HAL_Driver/Src/stm32g4xx_hal.o
 .debug_macro   0x0000000000016f55     0x13de Drivers/STM32G4xx_HAL_Driver/Src/stm32g4xx_hal.o
 .debug_macro   0x0000000000018333      0x535 Drivers/STM32G4xx_HAL_Driver/Src/stm32g4xx_hal.o
 .debug_macro   0x0000000000018868      0x137 Drivers/STM32G4xx_HAL_Driver/Src/stm32g4xx_hal.o
 .debug_macro   0x000000000001899f      0x289 Drivers/STM32G4xx_HAL_Driver/Src/stm32g4xx_hal.o
 .debug_macro   0x0000000000018c28      0x41d Drivers/STM32G4xx_HAL_Driver/Src/stm32g4xx_hal.o
 .debug_macro   0x0000000000019045      0x18b Drivers/STM32G4xx_HAL_Driver/Src/stm32g4xx_hal.o
 .debug_macro   0x00000000000191d0       0x43 Drivers/STM32G4xx_HAL_Driver/Src/stm32g4xx_hal.o
 .debug_macro   0x0000000000019213      0x23d Drivers/STM32G4xx_HAL_Driver/Src/stm32g4xx_hal.o
 .debug_macro   0x0000000000019450      0x212 Drivers/STM32G4xx_HAL_Driver/Src/stm32g4xx_hal.o
 .debug_macro   0x0000000000019662      0x6af Drivers/STM32G4xx_HAL_Driver/Src/stm32g4xx_hal.o
 .debug_macro   0x0000000000019d11      0x401 Drivers/STM32G4xx_HAL_Driver/Src/stm32g4xx_hal.o
 .debug_macro   0x000000000001a112      0x107 Drivers/STM32G4xx_HAL_Driver/Src/stm32g4xx_hal.o
 .debug_macro   0x000000000001a219       0x65 Drivers/STM32G4xx_HAL_Driver/Src/stm32g4xx_hal.o
 .debug_macro   0x000000000001a27e      0x234 Drivers/STM32G4xx_HAL_Driver/Src/stm32g4xx_hal.o
 .debug_macro   0x000000000001a4b2      0x122 Drivers/STM32G4xx_HAL_Driver/Src/stm32g4xx_hal.o
 .debug_macro   0x000000000001a5d4      0x3d1 Drivers/STM32G4xx_HAL_Driver/Src/stm32g4xx_hal.o
 .debug_macro   0x000000000001a9a5      0x307 Drivers/STM32G4xx_HAL_Driver/Src/stm32g4xx_hal.o
 .debug_macro   0x000000000001acac      0x1d4 Drivers/STM32G4xx_HAL_Driver/Src/stm32g4xx_hal_cortex.o
 .debug_macro   0x000000000001ae80      0x2e6 Drivers/STM32G4xx_HAL_Driver/Src/stm32g4xx_hal_fdcan.o
 .debug_macro   0x000000000001b166      0x20c Drivers/STM32G4xx_HAL_Driver/Src/stm32g4xx_hal_gpio.o
 .debug_macro   0x000000000001b372      0x1e0 Drivers/STM32G4xx_HAL_Driver/Src/stm32g4xx_hal_pcd.o
 .debug_macro   0x000000000001b552      0x1d4 Drivers/STM32G4xx_HAL_Driver/Src/stm32g4xx_hal_pcd_ex.o
 .debug_macro   0x000000000001b726      0x1fe Drivers/STM32G4xx_HAL_Driver/Src/stm32g4xx_hal_pwr_ex.o
 .debug_macro   0x000000000001b924      0x210 Drivers/STM32G4xx_HAL_Driver/Src/stm32g4xx_hal_rcc.o
 .debug_macro   0x000000000001bb34      0x1fe Drivers/STM32G4xx_HAL_Driver/Src/stm32g4xx_hal_rcc_ex.o
 .debug_macro   0x000000000001bd32      0x1d4 Drivers/STM32G4xx_HAL_Driver/Src/stm32g4xx_ll_usb.o
 .debug_macro   0x000000000001bf06      0x3e1 Middlewares/ST/STM32_USB_Device_Library/Class/CDC/Src/usbd_cdc.o
 .debug_macro   0x000000000001c2e7       0x40 Middlewares/ST/STM32_USB_Device_Library/Class/CDC/Src/usbd_cdc.o
 .debug_macro   0x000000000001c327       0x18 Middlewares/ST/STM32_USB_Device_Library/Class/CDC/Src/usbd_cdc.o
 .debug_macro   0x000000000001c33f       0x94 Middlewares/ST/STM32_USB_Device_Library/Class/CDC/Src/usbd_cdc.o
 .debug_macro   0x000000000001c3d3       0x3c Middlewares/ST/STM32_USB_Device_Library/Class/CDC/Src/usbd_cdc.o
 .debug_macro   0x000000000001c40f       0x34 Middlewares/ST/STM32_USB_Device_Library/Class/CDC/Src/usbd_cdc.o
 .debug_macro   0x000000000001c443       0x16 Middlewares/ST/STM32_USB_Device_Library/Class/CDC/Src/usbd_cdc.o
 .debug_macro   0x000000000001c459       0x57 Middlewares/ST/STM32_USB_Device_Library/Class/CDC/Src/usbd_cdc.o
 .debug_macro   0x000000000001c4b0       0x97 Middlewares/ST/STM32_USB_Device_Library/Class/CDC/Src/usbd_cdc.o
 .debug_macro   0x000000000001c547      0x330 Middlewares/ST/STM32_USB_Device_Library/Class/CDC/Src/usbd_cdc.o
 .debug_macro   0x000000000001c877       0xfd Middlewares/ST/STM32_USB_Device_Library/Class/CDC/Src/usbd_cdc.o
 .debug_macro   0x000000000001c974       0x10 Middlewares/ST/STM32_USB_Device_Library/Class/CDC/Src/usbd_cdc.o
 .debug_macro   0x000000000001c984       0x52 Middlewares/ST/STM32_USB_Device_Library/Class/CDC/Src/usbd_cdc.o
 .debug_macro   0x000000000001c9d6       0x1f Middlewares/ST/STM32_USB_Device_Library/Class/CDC/Src/usbd_cdc.o
 .debug_macro   0x000000000001c9f5       0x43 Middlewares/ST/STM32_USB_Device_Library/Class/CDC/Src/usbd_cdc.o
 .debug_macro   0x000000000001ca38       0x20 Middlewares/ST/STM32_USB_Device_Library/Class/CDC/Src/usbd_cdc.o
 .debug_macro   0x000000000001ca58      0x1a3 Middlewares/ST/STM32_USB_Device_Library/Class/CDC/Src/usbd_cdc.o
 .debug_macro   0x000000000001cbfb       0x10 Middlewares/ST/STM32_USB_Device_Library/Class/CDC/Src/usbd_cdc.o
 .debug_macro   0x000000000001cc0b       0x1c Middlewares/ST/STM32_USB_Device_Library/Class/CDC/Src/usbd_cdc.o
 .debug_macro   0x000000000001cc27       0x52 Middlewares/ST/STM32_USB_Device_Library/Class/CDC/Src/usbd_cdc.o
 .debug_macro   0x000000000001cc79       0x40 Middlewares/ST/STM32_USB_Device_Library/Class/CDC/Src/usbd_cdc.o
 .debug_macro   0x000000000001ccb9       0x10 Middlewares/ST/STM32_USB_Device_Library/Class/CDC/Src/usbd_cdc.o
 .debug_macro   0x000000000001ccc9       0x40 Middlewares/ST/STM32_USB_Device_Library/Class/CDC/Src/usbd_cdc.o
 .debug_macro   0x000000000001cd09       0xd7 Middlewares/ST/STM32_USB_Device_Library/Class/CDC/Src/usbd_cdc.o
 .debug_macro   0x000000000001cde0       0x1c Middlewares/ST/STM32_USB_Device_Library/Class/CDC/Src/usbd_cdc.o
 .debug_macro   0x000000000001cdfc       0x3d Middlewares/ST/STM32_USB_Device_Library/Class/CDC/Src/usbd_cdc.o
 .debug_macro   0x000000000001ce39       0x16 Middlewares/ST/STM32_USB_Device_Library/Class/CDC/Src/usbd_cdc.o
 .debug_macro   0x000000000001ce4f      0x145 Middlewares/ST/STM32_USB_Device_Library/Class/CDC/Src/usbd_cdc.o
 .debug_macro   0x000000000001cf94       0x16 Middlewares/ST/STM32_USB_Device_Library/Class/CDC/Src/usbd_cdc.o
 .debug_macro   0x000000000001cfaa       0x35 Middlewares/ST/STM32_USB_Device_Library/Class/CDC/Src/usbd_cdc.o
 .debug_macro   0x000000000001cfdf       0x16 Middlewares/ST/STM32_USB_Device_Library/Class/CDC/Src/usbd_cdc.o
 .debug_macro   0x000000000001cff5       0x29 Middlewares/ST/STM32_USB_Device_Library/Class/CDC/Src/usbd_cdc.o
 .debug_macro   0x000000000001d01e       0x16 Middlewares/ST/STM32_USB_Device_Library/Class/CDC/Src/usbd_cdc.o
 .debug_macro   0x000000000001d034       0x20 Middlewares/ST/STM32_USB_Device_Library/Class/CDC/Src/usbd_cdc.o
 .debug_macro   0x000000000001d054       0xd9 Middlewares/ST/STM32_USB_Device_Library/Class/CDC/Src/usbd_cdc.o
 .debug_macro   0x000000000001d12d       0x54 Middlewares/ST/STM32_USB_Device_Library/Class/CDC/Src/usbd_cdc.o
 .debug_macro   0x000000000001d181       0x5f Middlewares/ST/STM32_USB_Device_Library/Class/CDC/Src/usbd_cdc.o
 .debug_macro   0x000000000001d1e0      0x1c2 Middlewares/ST/STM32_USB_Device_Library/Class/CDC/Src/usbd_cdc.o
 .debug_macro   0x000000000001d3a2       0x8f Middlewares/ST/STM32_USB_Device_Library/Class/CDC/Src/usbd_cdc.o
 .debug_macro   0x000000000001d431      0x3c8 Middlewares/ST/STM32_USB_Device_Library/Core/Src/usbd_core.o
 .debug_macro   0x000000000001d7f9      0x1c8 Middlewares/ST/STM32_USB_Device_Library/Core/Src/usbd_core.o
 .debug_macro   0x000000000001d9c1      0x3d2 Middlewares/ST/STM32_USB_Device_Library/Core/Src/usbd_ctlreq.o
 .debug_macro   0x000000000001dd93      0x3ce Middlewares/ST/STM32_USB_Device_Library/Core/Src/usbd_ioreq.o
 .debug_macro   0x000000000001e161      0x209 Src/RING.o
 .debug_macro   0x000000000001e36a      0x20e Src/RING.o
 .debug_macro   0x000000000001e578       0x10 Src/RING.o
 .debug_macro   0x000000000001e588       0x1c Src/RING.o
 .debug_macro   0x000000000001e5a4      0x3ef Src/main.o
 .debug_macro   0x000000000001e993       0x46 Src/main.o
 .debug_macro   0x000000000001e9d9      0x32a Src/main.o
 .debug_macro   0x000000000001ed03      0x1ec Src/stm32g4xx_hal_msp.o
 .debug_macro   0x000000000001eeef      0x1f6 Src/stm32g4xx_it.o
 .debug_macro   0x000000000001f0e5      0x1da Src/system_stm32g4xx.o
 .debug_macro   0x000000000001f2bf      0x212 Src/ucan_fd_protocol_stm32g431.o
 .debug_macro   0x000000000001f4d1       0x16 Src/ucan_fd_protocol_stm32g431.o
 .debug_macro   0x000000000001f4e7      0x408 Src/usb_device.o
 .debug_macro   0x000000000001f8ef       0x22 Src/usb_device.o
 .debug_macro   0x000000000001f911      0x42c Src/usbd_cdc_if.o
 .debug_macro   0x000000000001fd3d      0x3eb Src/usbd_conf.o
 .debug_macro   0x0000000000020128      0x405 Src/usbd_desc.o
 .debug_macro   0x000000000002052d       0x1c Src/usbd_desc.o

.debug_line     0x0000000000000000     0xf008
 .debug_line    0x0000000000000000      0x973 Drivers/STM32G4xx_HAL_Driver/Src/stm32g4xx_hal.o
 .debug_line    0x0000000000000973      0x9f9 Drivers/STM32G4xx_HAL_Driver/Src/stm32g4xx_hal_cortex.o
 .debug_line    0x000000000000136c      0xebc Drivers/STM32G4xx_HAL_Driver/Src/stm32g4xx_hal_fdcan.o
 .debug_line    0x0000000000002228      0x877 Drivers/STM32G4xx_HAL_Driver/Src/stm32g4xx_hal_gpio.o
 .debug_line    0x0000000000002a9f      0xb83 Drivers/STM32G4xx_HAL_Driver/Src/stm32g4xx_hal_pcd.o
 .debug_line    0x0000000000003622      0x79a Drivers/STM32G4xx_HAL_Driver/Src/stm32g4xx_hal_pcd_ex.o
 .debug_line    0x0000000000003dbc      0xa5e Drivers/STM32G4xx_HAL_Driver/Src/stm32g4xx_hal_pwr_ex.o
 .debug_line    0x000000000000481a      0x9b2 Drivers/STM32G4xx_HAL_Driver/Src/stm32g4xx_hal_rcc.o
 .debug_line    0x00000000000051cc      0xb5c Drivers/STM32G4xx_HAL_Driver/Src/stm32g4xx_hal_rcc_ex.o
 .debug_line    0x0000000000005d28      0xbb0 Drivers/STM32G4xx_HAL_Driver/Src/stm32g4xx_ll_usb.o
 .debug_line    0x00000000000068d8      0xb43 Middlewares/ST/STM32_USB_Device_Library/Class/CDC/Src/usbd_cdc.o
 .debug_line    0x000000000000741b      0xba6 Middlewares/ST/STM32_USB_Device_Library/Core/Src/usbd_core.o
 .debug_line    0x0000000000007fc1      0xc34 Middlewares/ST/STM32_USB_Device_Library/Core/Src/usbd_ctlreq.o
 .debug_line    0x0000000000008bf5      0xa0f Middlewares/ST/STM32_USB_Device_Library/Core/Src/usbd_ioreq.o
 .debug_line    0x0000000000009604      0x769 Src/RING.o
 .debug_line    0x0000000000009d6d      0xa30 Src/main.o
 .debug_line    0x000000000000a79d      0x72c Src/stm32g4xx_hal_msp.o
 .debug_line    0x000000000000aec9      0x79a Src/stm32g4xx_it.o
 .debug_line    0x000000000000b663      0x6e8 Src/system_stm32g4xx.o
 .debug_line    0x000000000000bd4b      0x757 Src/ucan_fd_protocol_stm32g431.o
 .debug_line    0x000000000000c4a2      0x9e6 Src/usb_device.o
 .debug_line    0x000000000000ce88      0xa66 Src/usbd_cdc_if.o
 .debug_line    0x000000000000d8ee      0xc5e Src/usbd_conf.o
 .debug_line    0x000000000000e54c      0xa38 Src/usbd_desc.o
 .debug_line    0x000000000000ef84       0x84 Startup/startup_stm32g431cbux.o

.debug_str      0x0000000000000000    0xba8da
 .debug_str     0x0000000000000000    0xb049e Drivers/STM32G4xx_HAL_Driver/Src/stm32g4xx_hal.o
                                      0xb08eb (size before relaxing)
 .debug_str     0x00000000000b049e      0x3f2 Drivers/STM32G4xx_HAL_Driver/Src/stm32g4xx_hal_cortex.o
                                      0xb05f2 (size before relaxing)
 .debug_str     0x00000000000b0890     0x1650 Drivers/STM32G4xx_HAL_Driver/Src/stm32g4xx_hal_fdcan.o
                                      0xb1398 (size before relaxing)
 .debug_str     0x00000000000b1ee0      0x296 Drivers/STM32G4xx_HAL_Driver/Src/stm32g4xx_hal_gpio.o
                                      0xb009a (size before relaxing)
 .debug_str     0x00000000000b2176      0x636 Drivers/STM32G4xx_HAL_Driver/Src/stm32g4xx_hal_pcd.o
                                      0xb0377 (size before relaxing)
 .debug_str     0x00000000000b27ac      0x1c6 Drivers/STM32G4xx_HAL_Driver/Src/stm32g4xx_hal_pcd_ex.o
                                      0xb01a0 (size before relaxing)
 .debug_str     0x00000000000b2972      0x4d6 Drivers/STM32G4xx_HAL_Driver/Src/stm32g4xx_hal_pwr_ex.o
                                      0xb0310 (size before relaxing)
 .debug_str     0x00000000000b2e48      0x4e5 Drivers/STM32G4xx_HAL_Driver/Src/stm32g4xx_hal_rcc.o
                                      0xb03a6 (size before relaxing)
 .debug_str     0x00000000000b332d      0x579 Drivers/STM32G4xx_HAL_Driver/Src/stm32g4xx_hal_rcc_ex.o
                                      0xb04bf (size before relaxing)
 .debug_str     0x00000000000b38a6      0x30f Drivers/STM32G4xx_HAL_Driver/Src/stm32g4xx_ll_usb.o
                                      0xb01bd (size before relaxing)
 .debug_str     0x00000000000b3bb5     0x5374 Middlewares/ST/STM32_USB_Device_Library/Class/CDC/Src/usbd_cdc.o
                                      0xb543b (size before relaxing)
 .debug_str     0x00000000000b8f29      0x1b5 Middlewares/ST/STM32_USB_Device_Library/Core/Src/usbd_core.o
                                      0xb4da5 (size before relaxing)
 .debug_str     0x00000000000b90de      0x134 Middlewares/ST/STM32_USB_Device_Library/Core/Src/usbd_ctlreq.o
                                      0xb4d2b (size before relaxing)
 .debug_str     0x00000000000b9212       0xc9 Middlewares/ST/STM32_USB_Device_Library/Core/Src/usbd_ioreq.o
                                      0xb4cb3 (size before relaxing)
 .debug_str     0x00000000000b92db      0xda5 Src/RING.o
                                      0xb09cb (size before relaxing)
 .debug_str     0x00000000000ba080       0x7e Src/main.o
                                      0xb5d3b (size before relaxing)
 .debug_str     0x00000000000ba0fe       0x1b Src/stm32g4xx_hal_msp.o
                                      0xb0dfa (size before relaxing)
 .debug_str     0x00000000000ba119       0xd6 Src/stm32g4xx_it.o
                                      0xb0c72 (size before relaxing)
 .debug_str     0x00000000000ba1ef       0x52 Src/system_stm32g4xx.o
                                      0xafe28 (size before relaxing)
 .debug_str     0x00000000000ba241      0x13e Src/ucan_fd_protocol_stm32g431.o
                                      0xb0bed (size before relaxing)
 .debug_str     0x00000000000ba37f       0xe2 Src/usb_device.o
                                      0xb4fe4 (size before relaxing)
 .debug_str     0x00000000000ba461       0xa7 Src/usbd_cdc_if.o
                                      0xb5dd2 (size before relaxing)
 .debug_str     0x00000000000ba508      0x15f Src/usbd_conf.o
                                      0xb5b95 (size before relaxing)
 .debug_str     0x00000000000ba667      0x242 Src/usbd_desc.o
                                      0xb4c09 (size before relaxing)
 .debug_str     0x00000000000ba8a9       0x31 Startup/startup_stm32g431cbux.o
                                         0x60 (size before relaxing)

.comment        0x0000000000000000       0x7b
 .comment       0x0000000000000000       0x7b Drivers/STM32G4xx_HAL_Driver/Src/stm32g4xx_hal.o
                                         0x7c (size before relaxing)
 .comment       0x000000000000007b       0x7c Drivers/STM32G4xx_HAL_Driver/Src/stm32g4xx_hal_cortex.o
 .comment       0x000000000000007b       0x7c Drivers/STM32G4xx_HAL_Driver/Src/stm32g4xx_hal_fdcan.o
 .comment       0x000000000000007b       0x7c Drivers/STM32G4xx_HAL_Driver/Src/stm32g4xx_hal_gpio.o
 .comment       0x000000000000007b       0x7c Drivers/STM32G4xx_HAL_Driver/Src/stm32g4xx_hal_pcd.o
 .comment       0x000000000000007b       0x7c Drivers/STM32G4xx_HAL_Driver/Src/stm32g4xx_hal_pcd_ex.o
 .comment       0x000000000000007b       0x7c Drivers/STM32G4xx_HAL_Driver/Src/stm32g4xx_hal_pwr_ex.o
 .comment       0x000000000000007b       0x7c Drivers/STM32G4xx_HAL_Driver/Src/stm32g4xx_hal_rcc.o
 .comment       0x000000000000007b       0x7c Drivers/STM32G4xx_HAL_Driver/Src/stm32g4xx_hal_rcc_ex.o
 .comment       0x000000000000007b       0x7c Drivers/STM32G4xx_HAL_Driver/Src/stm32g4xx_ll_usb.o
 .comment       0x000000000000007b       0x7c Middlewares/ST/STM32_USB_Device_Library/Class/CDC/Src/usbd_cdc.o
 .comment       0x000000000000007b       0x7c Middlewares/ST/STM32_USB_Device_Library/Core/Src/usbd_core.o
 .comment       0x000000000000007b       0x7c Middlewares/ST/STM32_USB_Device_Library/Core/Src/usbd_ctlreq.o
 .comment       0x000000000000007b       0x7c Middlewares/ST/STM32_USB_Device_Library/Core/Src/usbd_ioreq.o
 .comment       0x000000000000007b       0x7c Src/RING.o
 .comment       0x000000000000007b       0x7c Src/main.o
 .comment       0x000000000000007b       0x7c Src/stm32g4xx_hal_msp.o
 .comment       0x000000000000007b       0x7c Src/stm32g4xx_it.o
 .comment       0x000000000000007b       0x7c Src/system_stm32g4xx.o
 .comment       0x000000000000007b       0x7c Src/ucan_fd_protocol_stm32g431.o
 .comment       0x000000000000007b       0x7c Src/usb_device.o
 .comment       0x000000000000007b       0x7c Src/usbd_cdc_if.o
 .comment       0x000000000000007b       0x7c Src/usbd_conf.o
 .comment       0x000000000000007b       0x7c Src/usbd_desc.o

.debug_frame    0x0000000000000000     0x3cd4
 .debug_frame   0x0000000000000000      0x4a0 Drivers/STM32G4xx_HAL_Driver/Src/stm32g4xx_hal.o
 .debug_frame   0x00000000000004a0      0x498 Drivers/STM32G4xx_HAL_Driver/Src/stm32g4xx_hal_cortex.o
 .debug_frame   0x0000000000000938      0x9b0 Drivers/STM32G4xx_HAL_Driver/Src/stm32g4xx_hal_fdcan.o
 .debug_frame   0x00000000000012e8      0x14c Drivers/STM32G4xx_HAL_Driver/Src/stm32g4xx_hal_gpio.o
 .debug_frame   0x0000000000001434      0x504 Drivers/STM32G4xx_HAL_Driver/Src/stm32g4xx_hal_pcd.o
 .debug_frame   0x0000000000001938      0x14c Drivers/STM32G4xx_HAL_Driver/Src/stm32g4xx_hal_pcd_ex.o
 .debug_frame   0x0000000000001a84      0x4fc Drivers/STM32G4xx_HAL_Driver/Src/stm32g4xx_hal_pwr_ex.o
 .debug_frame   0x0000000000001f80      0x23c Drivers/STM32G4xx_HAL_Driver/Src/stm32g4xx_hal_rcc.o
 .debug_frame   0x00000000000021bc      0x2ac Drivers/STM32G4xx_HAL_Driver/Src/stm32g4xx_hal_rcc_ex.o
 .debug_frame   0x0000000000002468      0x4d8 Drivers/STM32G4xx_HAL_Driver/Src/stm32g4xx_ll_usb.o
 .debug_frame   0x0000000000002940      0x1f8 Middlewares/ST/STM32_USB_Device_Library/Class/CDC/Src/usbd_cdc.o
 .debug_frame   0x0000000000002b38      0x300 Middlewares/ST/STM32_USB_Device_Library/Core/Src/usbd_core.o
 .debug_frame   0x0000000000002e38      0x218 Middlewares/ST/STM32_USB_Device_Library/Core/Src/usbd_ctlreq.o
 .debug_frame   0x0000000000003050      0x10c Middlewares/ST/STM32_USB_Device_Library/Core/Src/usbd_ioreq.o
 .debug_frame   0x000000000000315c       0xd0 Src/RING.o
 .debug_frame   0x000000000000322c       0xb8 Src/main.o
 .debug_frame   0x00000000000032e4       0x9c Src/stm32g4xx_hal_msp.o
 .debug_frame   0x0000000000003380      0x128 Src/stm32g4xx_it.o
 .debug_frame   0x00000000000034a8       0x58 Src/system_stm32g4xx.o
 .debug_frame   0x0000000000003500       0x5c Src/ucan_fd_protocol_stm32g431.o
 .debug_frame   0x000000000000355c       0x2c Src/usb_device.o
 .debug_frame   0x0000000000003588       0xbc Src/usbd_cdc_if.o
 .debug_frame   0x0000000000003644      0x4bc Src/usbd_conf.o
 .debug_frame   0x0000000000003b00      0x160 Src/usbd_desc.o
 .debug_frame   0x0000000000003c60       0x2c c:/st/stm32cubeide_1.2.0/stm32cubeide/plugins/com.st.stm32cube.ide.mcu.externaltools.gnu-tools-for-stm32.7-2018-q2-update.win32_1.0.0.201904181610/tools/bin/../lib/gcc/arm-none-eabi/7.3.1/../../../../arm-none-eabi/lib/thumb/v7e-m/fpv4-sp/hard\libc_nano.a(lib_a-init.o)
 .debug_frame   0x0000000000003c8c       0x28 c:/st/stm32cubeide_1.2.0/stm32cubeide/plugins/com.st.stm32cube.ide.mcu.externaltools.gnu-tools-for-stm32.7-2018-q2-update.win32_1.0.0.201904181610/tools/bin/../lib/gcc/arm-none-eabi/7.3.1/../../../../arm-none-eabi/lib/thumb/v7e-m/fpv4-sp/hard\libc_nano.a(lib_a-memcpy-stub.o)
 .debug_frame   0x0000000000003cb4       0x20 c:/st/stm32cubeide_1.2.0/stm32cubeide/plugins/com.st.stm32cube.ide.mcu.externaltools.gnu-tools-for-stm32.7-2018-q2-update.win32_1.0.0.201904181610/tools/bin/../lib/gcc/arm-none-eabi/7.3.1/../../../../arm-none-eabi/lib/thumb/v7e-m/fpv4-sp/hard\libc_nano.a(lib_a-memset.o)
