Archive member included to satisfy reference by file (symbol)

c:/st/stm32cubeide_1.2.0/stm32cubeide/plugins/com.st.stm32cube.ide.mcu.externaltools.gnu-tools-for-stm32.7-2018-q2-update.win32_1.0.0.201904181610/tools/bin/../lib/gcc/arm-none-eabi/7.3.1/../../../../arm-none-eabi/lib/thumb/v7e-m/fpv4-sp/hard\libc_nano.a(lib_a-errno.o)
                              Src/syscalls.o (__errno)
c:/st/stm32cubeide_1.2.0/stm32cubeide/plugins/com.st.stm32cube.ide.mcu.externaltools.gnu-tools-for-stm32.7-2018-q2-update.win32_1.0.0.201904181610/tools/bin/../lib/gcc/arm-none-eabi/7.3.1/../../../../arm-none-eabi/lib/thumb/v7e-m/fpv4-sp/hard\libc_nano.a(lib_a-exit.o)
                              c:/st/stm32cubeide_1.2.0/stm32cubeide/plugins/com.st.stm32cube.ide.mcu.externaltools.gnu-tools-for-stm32.7-2018-q2-update.win32_1.0.0.201904181610/tools/bin/../lib/gcc/arm-none-eabi/7.3.1/../../../../arm-none-eabi/lib/thumb/v7e-m/fpv4-sp/hard/crt0.o (exit)
c:/st/stm32cubeide_1.2.0/stm32cubeide/plugins/com.st.stm32cube.ide.mcu.externaltools.gnu-tools-for-stm32.7-2018-q2-update.win32_1.0.0.201904181610/tools/bin/../lib/gcc/arm-none-eabi/7.3.1/../../../../arm-none-eabi/lib/thumb/v7e-m/fpv4-sp/hard\libc_nano.a(lib_a-impure.o)
                              c:/st/stm32cubeide_1.2.0/stm32cubeide/plugins/com.st.stm32cube.ide.mcu.externaltools.gnu-tools-for-stm32.7-2018-q2-update.win32_1.0.0.201904181610/tools/bin/../lib/gcc/arm-none-eabi/7.3.1/../../../../arm-none-eabi/lib/thumb/v7e-m/fpv4-sp/hard\libc_nano.a(lib_a-exit.o) (_global_impure_ptr)
c:/st/stm32cubeide_1.2.0/stm32cubeide/plugins/com.st.stm32cube.ide.mcu.externaltools.gnu-tools-for-stm32.7-2018-q2-update.win32_1.0.0.201904181610/tools/bin/../lib/gcc/arm-none-eabi/7.3.1/../../../../arm-none-eabi/lib/thumb/v7e-m/fpv4-sp/hard\libc_nano.a(lib_a-init.o)
                              c:/st/stm32cubeide_1.2.0/stm32cubeide/plugins/com.st.stm32cube.ide.mcu.externaltools.gnu-tools-for-stm32.7-2018-q2-update.win32_1.0.0.201904181610/tools/bin/../lib/gcc/arm-none-eabi/7.3.1/../../../../arm-none-eabi/lib/thumb/v7e-m/fpv4-sp/hard/crt0.o (__libc_init_array)
c:/st/stm32cubeide_1.2.0/stm32cubeide/plugins/com.st.stm32cube.ide.mcu.externaltools.gnu-tools-for-stm32.7-2018-q2-update.win32_1.0.0.201904181610/tools/bin/../lib/gcc/arm-none-eabi/7.3.1/../../../../arm-none-eabi/lib/thumb/v7e-m/fpv4-sp/hard\libc_nano.a(lib_a-memcpy-stub.o)
                              Src/RING.o (memcpy)
c:/st/stm32cubeide_1.2.0/stm32cubeide/plugins/com.st.stm32cube.ide.mcu.externaltools.gnu-tools-for-stm32.7-2018-q2-update.win32_1.0.0.201904181610/tools/bin/../lib/gcc/arm-none-eabi/7.3.1/../../../../arm-none-eabi/lib/thumb/v7e-m/fpv4-sp/hard\libc_nano.a(lib_a-memset.o)
                              c:/st/stm32cubeide_1.2.0/stm32cubeide/plugins/com.st.stm32cube.ide.mcu.externaltools.gnu-tools-for-stm32.7-2018-q2-update.win32_1.0.0.201904181610/tools/bin/../lib/gcc/arm-none-eabi/7.3.1/../../../../arm-none-eabi/lib/thumb/v7e-m/fpv4-sp/hard/crt0.o (memset)

Allocating common symbols
Common symbol       size              file

hUsbDeviceFS        0x2c4             Src/usb_device.o
usb_tx              0xab3             Src/main.o
JumpAddress         0x4               Src/jump_to_boot.o
uwTick              0x4               Drivers/STM32G4xx_HAL_Driver/Src/stm32g4xx_hal.o
UserRxBufferFS      0x3e8             Src/usbd_cdc_if.o
UserTxBufferFS      0x3e8             Src/usbd_cdc_if.o
hfdcan1             0x64              Src/main.o
usb_rx              0xab3             Src/main.o
JumpToApplication   0x4               Src/jump_to_boot.o
hpcd_USB_FS         0x274             Src/usbd_conf.o
USBD_StrDesc        0x200             Src/usbd_desc.o

Discarded input sections

 .text          0x0000000000000000        0x0 c:/st/stm32cubeide_1.2.0/stm32cubeide/plugins/com.st.stm32cube.ide.mcu.externaltools.gnu-tools-for-stm32.7-2018-q2-update.win32_1.0.0.201904181610/tools/bin/../lib/gcc/arm-none-eabi/7.3.1/thumb/v7e-m/fpv4-sp/hard/crti.o
 .data          0x0000000000000000        0x0 c:/st/stm32cubeide_1.2.0/stm32cubeide/plugins/com.st.stm32cube.ide.mcu.externaltools.gnu-tools-for-stm32.7-2018-q2-update.win32_1.0.0.201904181610/tools/bin/../lib/gcc/arm-none-eabi/7.3.1/thumb/v7e-m/fpv4-sp/hard/crti.o
 .bss           0x0000000000000000        0x0 c:/st/stm32cubeide_1.2.0/stm32cubeide/plugins/com.st.stm32cube.ide.mcu.externaltools.gnu-tools-for-stm32.7-2018-q2-update.win32_1.0.0.201904181610/tools/bin/../lib/gcc/arm-none-eabi/7.3.1/thumb/v7e-m/fpv4-sp/hard/crti.o
 .data          0x0000000000000000        0x4 c:/st/stm32cubeide_1.2.0/stm32cubeide/plugins/com.st.stm32cube.ide.mcu.externaltools.gnu-tools-for-stm32.7-2018-q2-update.win32_1.0.0.201904181610/tools/bin/../lib/gcc/arm-none-eabi/7.3.1/thumb/v7e-m/fpv4-sp/hard/crtbegin.o
[...]
Memory Configuration

Name             Origin             Length             Attributes
RAM              0x0000000020000000 0x0000000000008000 xrw
FLASH            0x0000000008000000 0x0000000000020000 xr
*default*        0x0000000000000000 0xffffffffffffffff

Linker script and memory map

LOAD c:/st/stm32cubeide_1.2.0/stm32cubeide/plugins/com.st.stm32cube.ide.mcu.externaltools.gnu-tools-for-stm32.7-2018-q2-update.win32_1.0.0.201904181610/tools/bin/../lib/gcc/arm-none-eabi/7.3.1/thumb/v7e-m/fpv4-sp/hard/crti.o
LOAD c:/st/stm32cubeide_1.2.0/stm32cubeide/plugins/com.st.stm32cube.ide.mcu.externaltools.gnu-tools-for-stm32.7-2018-q2-update.win32_1.0.0.201904181610/tools/bin/../lib/gcc/arm-none-eabi/7.3.1/thumb/v7e-m/fpv4-sp/hard/crtbegin.o
LOAD c:/st/stm32cubeide_1.2.0/stm32cubeide/plugins/com.st.stm32cube.ide.mcu.externaltools.gnu-tools-for-stm32.7-2018-q2-update.win32_1.0.0.201904181610/tools/bin/../lib/gcc/arm-none-eabi/7.3.1/../../../../arm-none-eabi/lib/thumb/v7e-m/fpv4-sp/hard/crt0.o
LOAD Drivers/STM32G4xx_HAL_Driver/Src/stm32g4xx_hal.o
LOAD Drivers/STM32G4xx_HAL_Driver/Src/stm32g4xx_hal_cortex.o
LOAD Drivers/STM32G4xx_HAL_Driver/Src/stm32g4xx_hal_dma.o
LOAD Drivers/STM32G4xx_HAL_Driver/Src/stm32g4xx_hal_dma_ex.o
LOAD Drivers/STM32G4xx_HAL_Driver/Src/stm32g4xx_hal_exti.o
LOAD Drivers/STM32G4xx_HAL_Driver/Src/stm32g4xx_hal_fdcan.o
LOAD Drivers/STM32G4xx_HAL_Driver/Src/stm32g4xx_hal_flash.o
LOAD Drivers/STM32G4xx_HAL_Driver/Src/stm32g4xx_hal_flash_ex.o
LOAD Drivers/STM32G4xx_HAL_Driver/Src/stm32g4xx_hal_flash_ramfunc.o
LOAD Drivers/STM32G4xx_HAL_Driver/Src/stm32g4xx_hal_gpio.o
LOAD Drivers/STM32G4xx_HAL_Driver/Src/stm32g4xx_hal_pcd.o
LOAD Drivers/STM32G4xx_HAL_Driver/Src/stm32g4xx_hal_pcd_ex.o
LOAD Drivers/STM32G4xx_HAL_Driver/Src/stm32g4xx_hal_pwr.o
LOAD Drivers/STM32G4xx_HAL_Driver/Src/stm32g4xx_hal_pwr_ex.o
LOAD Drivers/STM32G4xx_HAL_Driver/Src/stm32g4xx_hal_rcc.o
LOAD Drivers/STM32G4xx_HAL_Driver/Src/stm32g4xx_hal_rcc_ex.o
LOAD Drivers/STM32G4xx_HAL_Driver/Src/stm32g4xx_hal_tim.o
LOAD Drivers/STM32G4xx_HAL_Driver/Src/stm32g4xx_hal_tim_ex.o
LOAD Drivers/STM32G4xx_HAL_Driver/Src/stm32g4xx_ll_pwr.o
LOAD Drivers/STM32G4xx_HAL_Driver/Src/stm32g4xx_ll_usb.o
LOAD Middlewares/ST/STM32_USB_Device_Library/Class/CDC/Src/usbd_cdc.o
LOAD Middlewares/ST/STM32_USB_Device_Library/Core/Src/usbd_core.o
LOAD Middlewares/ST/STM32_USB_Device_Library/Core/Src/usbd_ctlreq.o
LOAD Middlewares/ST/STM32_USB_Device_Library/Core/Src/usbd_ioreq.o
LOAD Src/RING.o
LOAD Src/jump_to_boot.o
LOAD Src/main.o
LOAD Src/stm32g4xx_hal_msp.o
LOAD Src/stm32g4xx_it.o
LOAD Src/syscalls.o
LOAD Src/sysmem.o
LOAD Src/system_stm32g4xx.o
LOAD Src/ucan_fd_protocol_stm32g431.o
LOAD Src/usb_device.o
LOAD Src/usbd_cdc_if.o
LOAD Src/usbd_conf.o
LOAD Src/usbd_desc.o
LOAD Startup/startup_stm32g431cbux.o
START GROUP
LOAD c:/st/stm32cubeide_1.2.0/stm32cubeide/plugins/com.st.stm32cube.ide.mcu.externaltools.gnu-tools-for-stm32.7-2018-q2-update.win32_1.0.0.201904181610/tools/bin/../lib/gcc/arm-none-eabi/7.3.1/../../../../arm-none-eabi/lib/thumb/v7e-m/fpv4-sp/hard\libc_nano.a
LOAD c:/st/stm32cubeide_1.2.0/stm32cubeide/plugins/com.st.stm32cube.ide.mcu.externaltools.gnu-tools-for-stm32.7-2018-q2-update.win32_1.0.0.201904181610/tools/bin/../lib/gcc/arm-none-eabi/7.3.1/../../../../arm-none-eabi/lib/thumb/v7e-m/fpv4-sp/hard\libm.a
END GROUP
START GROUP
LOAD c:/st/stm32cubeide_1.2.0/stm32cubeide/plugins/com.st.stm32cube.ide.mcu.externaltools.gnu-tools-for-stm32.7-2018-q2-update.win32_1.0.0.201904181610/tools/bin/../lib/gcc/arm-none-eabi/7.3.1/thumb/v7e-m/fpv4-sp/hard\libgcc.a
LOAD c:/st/stm32cubeide_1.2.0/stm32cubeide/plugins/com.st.stm32cube.ide.mcu.externaltools.gnu-tools-for-stm32.7-2018-q2-update.win32_1.0.0.201904181610/tools/bin/../lib/gcc/arm-none-eabi/7.3.1/../../../../arm-none-eabi/lib/thumb/v7e-m/fpv4-sp/hard\libc_nano.a
END GROUP
START GROUP
LOAD c:/st/stm32cubeide_1.2.0/stm32cubeide/plugins/com.st.stm32cube.ide.mcu.externaltools.gnu-tools-for-stm32.7-2018-q2-update.win32_1.0.0.201904181610/tools/bin/../lib/gcc/arm-none-eabi/7.3.1/thumb/v7e-m/fpv4-sp/hard\libgcc.a
LOAD c:/st/stm32cubeide_1.2.0/stm32cubeide/plugins/com.st.stm32cube.ide.mcu.externaltools.gnu-tools-for-stm32.7-2018-q2-update.win32_1.0.0.201904181610/tools/bin/../lib/gcc/arm-none-eabi/7.3.1/../../../../arm-none-eabi/lib/thumb/v7e-m/fpv4-sp/hard\libc_nano.a
LOAD c:/st/stm32cubeide_1.2.0/stm32cubeide/plugins/com.st.stm32cube.ide.mcu.externaltools.gnu-tools-for-stm32.7-2018-q2-update.win32_1.0.0.201904181610/tools/bin/../lib/gcc/arm-none-eabi/7.3.1/../../../../arm-none-eabi/lib/thumb/v7e-m/fpv4-sp/hard\libnosys.a
END GROUP
START GROUP
LOAD c:/st/stm32cubeide_1.2.0/stm32cubeide/plugins/com.st.stm32cube.ide.mcu.externaltools.gnu-tools-for-stm32.7-2018-q2-update.win32_1.0.0.201904181610/tools/bin/../lib/gcc/arm-none-eabi/7.3.1/thumb/v7e-m/fpv4-sp/hard\libgcc.a
LOAD c:/st/stm32cubeide_1.2.0/stm32cubeide/plugins/com.st.stm32cube.ide.mcu.externaltools.gnu-tools-for-stm32.7-2018-q2-update.win32_1.0.0.201904181610/tools/bin/../lib/gcc/arm-none-eabi/7.3.1/../../../../arm-none-eabi/lib/thumb/v7e-m/fpv4-sp/hard\libc_nano.a
LOAD c:/st/stm32cubeide_1.2.0/stm32cubeide/plugins/com.st.stm32cube.ide.mcu.externaltools.gnu-tools-for-stm32.7-2018-q2-update.win32_1.0.0.201904181610/tools/bin/../lib/gcc/arm-none-eabi/7.3.1/../../../../arm-none-eabi/lib/thumb/v7e-m/fpv4-sp/hard\libnosys.a
END GROUP
LOAD c:/st/stm32cubeide_1.2.0/stm32cubeide/plugins/com.st.stm32cube.ide.mcu.externaltools.gnu-tools-for-stm32.7-2018-q2-update.win32_1.0.0.201904181610/tools/bin/../lib/gcc/arm-none-eabi/7.3.1/thumb/v7e-m/fpv4-sp/hard/crtend.o
LOAD c:/st/stm32cubeide_1.2.0/stm32cubeide/plugins/com.st.stm32cube.ide.mcu.externaltools.gnu-tools-for-stm32.7-2018-q2-update.win32_1.0.0.201904181610/tools/bin/../lib/gcc/arm-none-eabi/7.3.1/thumb/v7e-m/fpv4-sp/hard/crtn.o
                0x0000000020008000                _estack = (ORIGIN (RAM) + LENGTH (RAM))
                0x0000000000000800                _Min_Heap_Size = 0x800
                0x0000000000000400                _Min_Stack_Size = 0x400

.isr_vector     0x0000000008000000      0x1d8
                0x0000000008000000                . = ALIGN (0x4)
 *(.isr_vector)
 .isr_vector    0x0000000008000000      0x1d8 Startup/startup_stm32g431cbux.o
                0x0000000008000000                g_pfnVectors
                0x00000000080001d8                . = ALIGN (0x4)

.text           0x00000000080001d8     0x678c
                0x00000000080001d8                . = ALIGN (0x4)
 *(.text)
 .text          0x00000000080001d8       0x40 c:/st/stm32cubeide_1.2.0/stm32cubeide/plugins/com.st.stm32cube.ide.mcu.externaltools.gnu-tools-for-stm32.7-2018-q2-update.win32_1.0.0.201904181610/tools/bin/../lib/gcc/arm-none-eabi/7.3.1/thumb/v7e-m/fpv4-sp/hard/crtbegin.o
 *(.text*)
 .text.HAL_Init
                0x0000000008000218       0x30 Drivers/STM32G4xx_HAL_Driver/Src/stm32g4xx_hal.o
                0x0000000008000218                HAL_Init
 .text.HAL_InitTick
                0x0000000008000248       0x74 Drivers/STM32G4xx_HAL_Driver/Src/stm32g4xx_hal.o
                0x0000000008000248                HAL_InitTick
 .text.HAL_IncTick
                0x00000000080002bc       0x24 Drivers/STM32G4xx_HAL_Driver/Src/stm32g4xx_hal.o
                0x00000000080002bc                HAL_IncTick
 .text.HAL_GetTick
                0x00000000080002e0       0x18 Drivers/STM32G4xx_HAL_Driver/Src/stm32g4xx_hal.o
                0x00000000080002e0                HAL_GetTick
 .text.HAL_Delay
                0x00000000080002f8       0x44 Drivers/STM32G4xx_HAL_Driver/Src/stm32g4xx_hal.o
                0x00000000080002f8                HAL_Delay
 .text.__NVIC_SetPriorityGrouping
                0x000000000800033c       0x48 Drivers/STM32G4xx_HAL_Driver/Src/stm32g4xx_hal_cortex.o
 .text.__NVIC_GetPriorityGrouping
                0x0000000008000384       0x1c Drivers/STM32G4xx_HAL_Driver/Src/stm32g4xx_hal_cortex.o
 .text.__NVIC_EnableIRQ
                0x00000000080003a0       0x3c Drivers/STM32G4xx_HAL_Driver/Src/stm32g4xx_hal_cortex.o
 .text.__NVIC_SetPriority
                0x00000000080003dc       0x54 Drivers/STM32G4xx_HAL_Driver/Src/stm32g4xx_hal_cortex.o
 .text.NVIC_EncodePriority
                0x0000000008000430       0x66 Drivers/STM32G4xx_HAL_Driver/Src/stm32g4xx_hal_cortex.o
 *fill*         0x0000000008000496        0x2 
 .text.SysTick_Config
                0x0000000008000498       0x44 Drivers/STM32G4xx_HAL_Driver/Src/stm32g4xx_hal_cortex.o
 .text.HAL_NVIC_SetPriorityGrouping
                0x00000000080004dc       0x16 Drivers/STM32G4xx_HAL_Driver/Src/stm32g4xx_hal_cortex.o
                0x00000000080004dc                HAL_NVIC_SetPriorityGrouping
 .text.HAL_NVIC_SetPriority
                0x00000000080004f2       0x34 Drivers/STM32G4xx_HAL_Driver/Src/stm32g4xx_hal_cortex.o
                0x00000000080004f2                HAL_NVIC_SetPriority
 .text.HAL_NVIC_EnableIRQ
                0x0000000008000526       0x1c Drivers/STM32G4xx_HAL_Driver/Src/stm32g4xx_hal_cortex.o
                0x0000000008000526                HAL_NVIC_EnableIRQ
 .text.HAL_SYSTICK_Config
                0x0000000008000542       0x18 Drivers/STM32G4xx_HAL_Driver/Src/stm32g4xx_hal_cortex.o
                0x0000000008000542                HAL_SYSTICK_Config
 *fill*         0x000000000800055a        0x2 
 .text.HAL_FDCAN_Init
                0x000000000800055c      0x2b4 Drivers/STM32G4xx_HAL_Driver/Src/stm32g4xx_hal_fdcan.o
                0x000000000800055c                HAL_FDCAN_Init
 .text.HAL_FDCAN_Start
                0x0000000008000810       0x50 Drivers/STM32G4xx_HAL_Driver/Src/stm32g4xx_hal_fdcan.o
                0x0000000008000810                HAL_FDCAN_Start
 .text.HAL_FDCAN_AddMessageToTxFifoQ
                0x0000000008000860       0x88 Drivers/STM32G4xx_HAL_Driver/Src/stm32g4xx_hal_fdcan.o
                0x0000000008000860                HAL_FDCAN_AddMessageToTxFifoQ
 .text.HAL_FDCAN_IRQHandler
                0x00000000080008e8      0x272 Drivers/STM32G4xx_HAL_Driver/Src/stm32g4xx_hal_fdcan.o
                0x00000000080008e8                HAL_FDCAN_IRQHandler
 .text.HAL_FDCAN_TxEventFifoCallback
                0x0000000008000b5a       0x16 Drivers/STM32G4xx_HAL_Driver/Src/stm32g4xx_hal_fdcan.o
                0x0000000008000b5a                HAL_FDCAN_TxEventFifoCallback
 .text.HAL_FDCAN_RxFifo0Callback
                0x0000000008000b70       0x16 Drivers/STM32G4xx_HAL_Driver/Src/stm32g4xx_hal_fdcan.o
                0x0000000008000b70                HAL_FDCAN_RxFifo0Callback
 .text.HAL_FDCAN_RxFifo1Callback
                0x0000000008000b86       0x16 Drivers/STM32G4xx_HAL_Driver/Src/stm32g4xx_hal_fdcan.o
                0x0000000008000b86                HAL_FDCAN_RxFifo1Callback
 .text.HAL_FDCAN_TxFifoEmptyCallback
                0x0000000008000b9c       0x14 Drivers/STM32G4xx_HAL_Driver/Src/stm32g4xx_hal_fdcan.o
                0x0000000008000b9c                HAL_FDCAN_TxFifoEmptyCallback
 .text.HAL_FDCAN_TxBufferCompleteCallback
                0x0000000008000bb0       0x16 Drivers/STM32G4xx_HAL_Driver/Src/stm32g4xx_hal_fdcan.o
                0x0000000008000bb0                HAL_FDCAN_TxBufferCompleteCallback
 .text.HAL_FDCAN_TxBufferAbortCallback
                0x0000000008000bc6       0x16 Drivers/STM32G4xx_HAL_Driver/Src/stm32g4xx_hal_fdcan.o
                0x0000000008000bc6                HAL_FDCAN_TxBufferAbortCallback
 .text.HAL_FDCAN_TimestampWraparoundCallback
                0x0000000008000bdc       0x14 Drivers/STM32G4xx_HAL_Driver/Src/stm32g4xx_hal_fdcan.o
                0x0000000008000bdc                HAL_FDCAN_TimestampWraparoundCallback
 .text.HAL_FDCAN_TimeoutOccurredCallback
                0x0000000008000bf0       0x14 Drivers/STM32G4xx_HAL_Driver/Src/stm32g4xx_hal_fdcan.o
                0x0000000008000bf0                HAL_FDCAN_TimeoutOccurredCallback
 .text.HAL_FDCAN_HighPriorityMessageCallback
                0x0000000008000c04       0x14 Drivers/STM32G4xx_HAL_Driver/Src/stm32g4xx_hal_fdcan.o
                0x0000000008000c04                HAL_FDCAN_HighPriorityMessageCallback
 .text.HAL_FDCAN_ErrorCallback
                0x0000000008000c18       0x14 Drivers/STM32G4xx_HAL_Driver/Src/stm32g4xx_hal_fdcan.o
                0x0000000008000c18                HAL_FDCAN_ErrorCallback
 .text.HAL_FDCAN_ErrorStatusCallback
                0x0000000008000c2c       0x16 Drivers/STM32G4xx_HAL_Driver/Src/stm32g4xx_hal_fdcan.o
                0x0000000008000c2c                HAL_FDCAN_ErrorStatusCallback
 *fill*         0x0000000008000c42        0x2 
 .text.FDCAN_CalcultateRamBlockAddresses
                0x0000000008000c44       0xac Drivers/STM32G4xx_HAL_Driver/Src/stm32g4xx_hal_fdcan.o
 .text.FDCAN_CopyMessageToRAM
                0x0000000008000cf0       0xf8 Drivers/STM32G4xx_HAL_Driver/Src/stm32g4xx_hal_fdcan.o
 .text.HAL_GPIO_Init
                0x0000000008000de8      0x304 Drivers/STM32G4xx_HAL_Driver/Src/stm32g4xx_hal_gpio.o
                0x0000000008000de8                HAL_GPIO_Init
 .text.HAL_GPIO_WritePin
                0x00000000080010ec       0x30 Drivers/STM32G4xx_HAL_Driver/Src/stm32g4xx_hal_gpio.o
                0x00000000080010ec                HAL_GPIO_WritePin
 .text.HAL_GPIO_TogglePin
                0x000000000800111c       0x32 Drivers/STM32G4xx_HAL_Driver/Src/stm32g4xx_hal_gpio.o
                0x000000000800111c                HAL_GPIO_TogglePin
 .text.HAL_PCD_Init
                0x000000000800114e      0x176 Drivers/STM32G4xx_HAL_Driver/Src/stm32g4xx_hal_pcd.o
                0x000000000800114e                HAL_PCD_Init
 .text.HAL_PCD_Start
                0x00000000080012c4       0x44 Drivers/STM32G4xx_HAL_Driver/Src/stm32g4xx_hal_pcd.o
                0x00000000080012c4                HAL_PCD_Start
 .text.HAL_PCD_IRQHandler
                0x0000000008001308      0x29c Drivers/STM32G4xx_HAL_Driver/Src/stm32g4xx_hal_pcd.o
                0x0000000008001308                HAL_PCD_IRQHandler
 .text.HAL_PCD_SetAddress
                0x00000000080015a4       0x4a Drivers/STM32G4xx_HAL_Driver/Src/stm32g4xx_hal_pcd.o
                0x00000000080015a4                HAL_PCD_SetAddress
 .text.HAL_PCD_EP_Open
                0x00000000080015ee       0xc0 Drivers/STM32G4xx_HAL_Driver/Src/stm32g4xx_hal_pcd.o
                0x00000000080015ee                HAL_PCD_EP_Open
 .text.HAL_PCD_EP_Close
                0x00000000080016ae       0x84 Drivers/STM32G4xx_HAL_Driver/Src/stm32g4xx_hal_pcd.o
                0x00000000080016ae                HAL_PCD_EP_Close
 .text.HAL_PCD_EP_Receive
                0x0000000008001732       0x74 Drivers/STM32G4xx_HAL_Driver/Src/stm32g4xx_hal_pcd.o
                0x0000000008001732                HAL_PCD_EP_Receive
 .text.HAL_PCD_EP_GetRxCount
                0x00000000080017a6       0x2a Drivers/STM32G4xx_HAL_Driver/Src/stm32g4xx_hal_pcd.o
                0x00000000080017a6                HAL_PCD_EP_GetRxCount
 .text.HAL_PCD_EP_Transmit
                0x00000000080017d0       0x72 Drivers/STM32G4xx_HAL_Driver/Src/stm32g4xx_hal_pcd.o
                0x00000000080017d0                HAL_PCD_EP_Transmit
 .text.HAL_PCD_EP_SetStall
                0x0000000008001842       0xb4 Drivers/STM32G4xx_HAL_Driver/Src/stm32g4xx_hal_pcd.o
                0x0000000008001842                HAL_PCD_EP_SetStall
 .text.HAL_PCD_EP_ClrStall
                0x00000000080018f6       0x9c Drivers/STM32G4xx_HAL_Driver/Src/stm32g4xx_hal_pcd.o
                0x00000000080018f6                HAL_PCD_EP_ClrStall
 *fill*         0x0000000008001992        0x2 
 .text.PCD_EP_ISR_Handler
                0x0000000008001994      0x518 Drivers/STM32G4xx_HAL_Driver/Src/stm32g4xx_hal_pcd.o
 .text.HAL_PCDEx_PMAConfig
                0x0000000008001eac       0x7a Drivers/STM32G4xx_HAL_Driver/Src/stm32g4xx_hal_pcd_ex.o
                0x0000000008001eac                HAL_PCDEx_PMAConfig
 .text.HAL_PCDEx_ActivateLPM
                0x0000000008001f26       0x54 Drivers/STM32G4xx_HAL_Driver/Src/stm32g4xx_hal_pcd_ex.o
                0x0000000008001f26                HAL_PCDEx_ActivateLPM
 *fill*         0x0000000008001f7a        0x2 
 .text.HAL_PWREx_ControlVoltageScaling
                0x0000000008001f7c      0x148 Drivers/STM32G4xx_HAL_Driver/Src/stm32g4xx_hal_pwr_ex.o
                0x0000000008001f7c                HAL_PWREx_ControlVoltageScaling
 .text.HAL_RCC_OscConfig
                0x00000000080020c4      0x630 Drivers/STM32G4xx_HAL_Driver/Src/stm32g4xx_hal_rcc.o
                0x00000000080020c4                HAL_RCC_OscConfig
 .text.HAL_RCC_ClockConfig
                0x00000000080026f4      0x278 Drivers/STM32G4xx_HAL_Driver/Src/stm32g4xx_hal_rcc.o
                0x00000000080026f4                HAL_RCC_ClockConfig
 .text.HAL_RCC_GetSysClockFreq
                0x000000000800296c       0xc4 Drivers/STM32G4xx_HAL_Driver/Src/stm32g4xx_hal_rcc.o
                0x000000000800296c                HAL_RCC_GetSysClockFreq
 .text.RCC_GetSysClockFreqFromPLLSource
                0x0000000008002a30       0x8c Drivers/STM32G4xx_HAL_Driver/Src/stm32g4xx_hal_rcc.o
 .text.HAL_RCCEx_PeriphCLKConfig
                0x0000000008002abc      0x3e0 Drivers/STM32G4xx_HAL_Driver/Src/stm32g4xx_hal_rcc_ex.o
                0x0000000008002abc                HAL_RCCEx_PeriphCLKConfig
 .text.HAL_RCCEx_CRSConfig
                0x0000000008002e9c       0x84 Drivers/STM32G4xx_HAL_Driver/Src/stm32g4xx_hal_rcc_ex.o
                0x0000000008002e9c                HAL_RCCEx_CRSConfig
 .text.USB_EnableGlobalInt
                0x0000000008002f20       0x32 Drivers/STM32G4xx_HAL_Driver/Src/stm32g4xx_ll_usb.o
                0x0000000008002f20                USB_EnableGlobalInt
 .text.USB_DisableGlobalInt
                0x0000000008002f52       0x36 Drivers/STM32G4xx_HAL_Driver/Src/stm32g4xx_ll_usb.o
                0x0000000008002f52                USB_DisableGlobalInt
 .text.USB_DevInit
                0x0000000008002f88       0x48 Drivers/STM32G4xx_HAL_Driver/Src/stm32g4xx_ll_usb.o
                0x0000000008002f88                USB_DevInit
 .text.USB_ActivateEndpoint
                0x0000000008002fd0      0x5e0 Drivers/STM32G4xx_HAL_Driver/Src/stm32g4xx_ll_usb.o
                0x0000000008002fd0                USB_ActivateEndpoint
 .text.USB_DeactivateEndpoint
                0x00000000080035b0      0x32c Drivers/STM32G4xx_HAL_Driver/Src/stm32g4xx_ll_usb.o
                0x00000000080035b0                USB_DeactivateEndpoint
 .text.USB_EPStartXfer
                0x00000000080038dc      0x570 Drivers/STM32G4xx_HAL_Driver/Src/stm32g4xx_ll_usb.o
                0x00000000080038dc                USB_EPStartXfer
 .text.USB_EPSetStall
                0x0000000008003e4c       0x84 Drivers/STM32G4xx_HAL_Driver/Src/stm32g4xx_ll_usb.o
                0x0000000008003e4c                USB_EPSetStall
 .text.USB_EPClearStall
                0x0000000008003ed0      0x128 Drivers/STM32G4xx_HAL_Driver/Src/stm32g4xx_ll_usb.o
                0x0000000008003ed0                USB_EPClearStall
 .text.USB_SetDevAddress
                0x0000000008003ff8       0x28 Drivers/STM32G4xx_HAL_Driver/Src/stm32g4xx_ll_usb.o
                0x0000000008003ff8                USB_SetDevAddress
 .text.USB_DevConnect
                0x0000000008004020       0x2e Drivers/STM32G4xx_HAL_Driver/Src/stm32g4xx_ll_usb.o
                0x0000000008004020                USB_DevConnect
 .text.USB_ReadInterrupts
                0x000000000800404e       0x20 Drivers/STM32G4xx_HAL_Driver/Src/stm32g4xx_ll_usb.o
                0x000000000800404e                USB_ReadInterrupts
 .text.USB_EP0_OutStart
                0x000000000800406e       0x18 Drivers/STM32G4xx_HAL_Driver/Src/stm32g4xx_ll_usb.o
                0x000000000800406e                USB_EP0_OutStart
 .text.USB_WritePMA
                0x0000000008004086       0x82 Drivers/STM32G4xx_HAL_Driver/Src/stm32g4xx_ll_usb.o
                0x0000000008004086                USB_WritePMA
 .text.USB_ReadPMA
                0x0000000008004108       0x98 Drivers/STM32G4xx_HAL_Driver/Src/stm32g4xx_ll_usb.o
                0x0000000008004108                USB_ReadPMA
 .text.USBD_CDC_Init
                0x00000000080041a0       0xd8 Middlewares/ST/STM32_USB_Device_Library/Class/CDC/Src/usbd_cdc.o
 .text.USBD_CDC_DeInit
                0x0000000008004278       0x66 Middlewares/ST/STM32_USB_Device_Library/Class/CDC/Src/usbd_cdc.o
 .text.USBD_CDC_Setup
                0x00000000080042de      0x140 Middlewares/ST/STM32_USB_Device_Library/Class/CDC/Src/usbd_cdc.o
 .text.USBD_CDC_DataIn
                0x000000000800441e       0x9e Middlewares/ST/STM32_USB_Device_Library/Class/CDC/Src/usbd_cdc.o
 .text.USBD_CDC_DataOut
                0x00000000080044bc       0x50 Middlewares/ST/STM32_USB_Device_Library/Class/CDC/Src/usbd_cdc.o
 .text.USBD_CDC_EP0_RxReady
                0x000000000800450c       0x50 Middlewares/ST/STM32_USB_Device_Library/Class/CDC/Src/usbd_cdc.o
 .text.USBD_CDC_GetFSCfgDesc
                0x000000000800455c       0x20 Middlewares/ST/STM32_USB_Device_Library/Class/CDC/Src/usbd_cdc.o
 .text.USBD_CDC_GetDeviceQualifierDescriptor
                0x000000000800457c       0x20 Middlewares/ST/STM32_USB_Device_Library/Class/CDC/Src/usbd_cdc.o
                0x000000000800457c                USBD_CDC_GetDeviceQualifierDescriptor
 .text.USBD_CDC_RegisterInterface
                0x000000000800459c       0x2e Middlewares/ST/STM32_USB_Device_Library/Class/CDC/Src/usbd_cdc.o
                0x000000000800459c                USBD_CDC_RegisterInterface
 .text.USBD_CDC_SetTxBuffer
                0x00000000080045ca       0x30 Middlewares/ST/STM32_USB_Device_Library/Class/CDC/Src/usbd_cdc.o
                0x00000000080045ca                USBD_CDC_SetTxBuffer
 .text.USBD_CDC_SetRxBuffer
                0x00000000080045fa       0x26 Middlewares/ST/STM32_USB_Device_Library/Class/CDC/Src/usbd_cdc.o
                0x00000000080045fa                USBD_CDC_SetRxBuffer
 .text.USBD_CDC_ReceivePacket
                0x0000000008004620       0x4e Middlewares/ST/STM32_USB_Device_Library/Class/CDC/Src/usbd_cdc.o
                0x0000000008004620                USBD_CDC_ReceivePacket
 .text.USBD_Init
                0x000000000800466e       0x56 Middlewares/ST/STM32_USB_Device_Library/Core/Src/usbd_core.o
                0x000000000800466e                USBD_Init
 .text.USBD_RegisterClass
                0x00000000080046c4       0x34 Middlewares/ST/STM32_USB_Device_Library/Core/Src/usbd_core.o
                0x00000000080046c4                USBD_RegisterClass
 .text.USBD_Start
                0x00000000080046f8       0x18 Middlewares/ST/STM32_USB_Device_Library/Core/Src/usbd_core.o
                0x00000000080046f8                USBD_Start
 .text.USBD_RunTestMode
                0x0000000008004710       0x16 Middlewares/ST/STM32_USB_Device_Library/Core/Src/usbd_core.o
                0x0000000008004710                USBD_RunTestMode
 .text.USBD_SetClassConfig
                0x0000000008004726       0x3e Middlewares/ST/STM32_USB_Device_Library/Core/Src/usbd_core.o
                0x0000000008004726                USBD_SetClassConfig
 .text.USBD_ClrClassConfig
                0x0000000008004764       0x26 Middlewares/ST/STM32_USB_Device_Library/Core/Src/usbd_core.o
                0x0000000008004764                USBD_ClrClassConfig
 .text.USBD_LL_SetupStage
                0x000000000800478a       0x96 Middlewares/ST/STM32_USB_Device_Library/Core/Src/usbd_core.o
                0x000000000800478a                USBD_LL_SetupStage
 .text.USBD_LL_DataOutStage
                0x0000000008004820       0xe2 Middlewares/ST/STM32_USB_Device_Library/Core/Src/usbd_core.o
                0x0000000008004820                USBD_LL_DataOutStage
 .text.USBD_LL_DataInStage
                0x0000000008004902      0x14a Middlewares/ST/STM32_USB_Device_Library/Core/Src/usbd_core.o
                0x0000000008004902                USBD_LL_DataInStage
 .text.USBD_LL_Reset
                0x0000000008004a4c       0x82 Middlewares/ST/STM32_USB_Device_Library/Core/Src/usbd_core.o
                0x0000000008004a4c                USBD_LL_Reset
 .text.USBD_LL_SetSpeed
                0x0000000008004ace       0x20 Middlewares/ST/STM32_USB_Device_Library/Core/Src/usbd_core.o
                0x0000000008004ace                USBD_LL_SetSpeed
 .text.USBD_LL_Suspend
                0x0000000008004aee       0x2a Middlewares/ST/STM32_USB_Device_Library/Core/Src/usbd_core.o
                0x0000000008004aee                USBD_LL_Suspend
 .text.USBD_LL_Resume
                0x0000000008004b18       0x2c Middlewares/ST/STM32_USB_Device_Library/Core/Src/usbd_core.o
                0x0000000008004b18                USBD_LL_Resume
 .text.USBD_LL_SOF
                0x0000000008004b44       0x34 Middlewares/ST/STM32_USB_Device_Library/Core/Src/usbd_core.o
                0x0000000008004b44                USBD_LL_SOF
 .text.USBD_StdDevReq
                0x0000000008004b78       0xd4 Middlewares/ST/STM32_USB_Device_Library/Core/Src/usbd_ctlreq.o
                0x0000000008004b78                USBD_StdDevReq
 .text.USBD_StdItfReq
                0x0000000008004c4c       0x8c Middlewares/ST/STM32_USB_Device_Library/Core/Src/usbd_ctlreq.o
                0x0000000008004c4c                USBD_StdItfReq
 .text.USBD_StdEPReq
                0x0000000008004cd8      0x2ba Middlewares/ST/STM32_USB_Device_Library/Core/Src/usbd_ctlreq.o
                0x0000000008004cd8                USBD_StdEPReq
 *fill*         0x0000000008004f92        0x2 
 .text.USBD_GetDescriptor
                0x0000000008004f94      0x324 Middlewares/ST/STM32_USB_Device_Library/Core/Src/usbd_ctlreq.o
 .text.USBD_SetAddress
                0x00000000080052b8       0x84 Middlewares/ST/STM32_USB_Device_Library/Core/Src/usbd_ctlreq.o
 .text.USBD_SetConfig
                0x000000000800533c      0x11c Middlewares/ST/STM32_USB_Device_Library/Core/Src/usbd_ctlreq.o
 .text.USBD_GetConfig
                0x0000000008005458       0x68 Middlewares/ST/STM32_USB_Device_Library/Core/Src/usbd_ctlreq.o
 .text.USBD_GetStatus
                0x00000000080054c0       0x66 Middlewares/ST/STM32_USB_Device_Library/Core/Src/usbd_ctlreq.o
 .text.USBD_SetFeature
                0x0000000008005526       0x28 Middlewares/ST/STM32_USB_Device_Library/Core/Src/usbd_ctlreq.o
 .text.USBD_ClrFeature
                0x000000000800554e       0x42 Middlewares/ST/STM32_USB_Device_Library/Core/Src/usbd_ctlreq.o
 .text.USBD_ParseSetupRequest
                0x0000000008005590       0x7a Middlewares/ST/STM32_USB_Device_Library/Core/Src/usbd_ctlreq.o
                0x0000000008005590                USBD_ParseSetupRequest
 .text.USBD_CtlError
                0x000000000800560a       0x22 Middlewares/ST/STM32_USB_Device_Library/Core/Src/usbd_ctlreq.o
                0x000000000800560a                USBD_CtlError
 .text.USBD_GetString
                0x000000000800562c       0x84 Middlewares/ST/STM32_USB_Device_Library/Core/Src/usbd_ctlreq.o
                0x000000000800562c                USBD_GetString
 .text.USBD_GetLen
                0x00000000080056b0       0x30 Middlewares/ST/STM32_USB_Device_Library/Core/Src/usbd_ctlreq.o
 .text.USBD_CtlSendData
                0x00000000080056e0       0x38 Middlewares/ST/STM32_USB_Device_Library/Core/Src/usbd_ioreq.o
                0x00000000080056e0                USBD_CtlSendData
 .text.USBD_CtlContinueSendData
                0x0000000008005718       0x24 Middlewares/ST/STM32_USB_Device_Library/Core/Src/usbd_ioreq.o
                0x0000000008005718                USBD_CtlContinueSendData
 .text.USBD_CtlPrepareRx
                0x000000000800573c       0x3c Middlewares/ST/STM32_USB_Device_Library/Core/Src/usbd_ioreq.o
                0x000000000800573c                USBD_CtlPrepareRx
 .text.USBD_CtlContinueRx
                0x0000000008005778       0x24 Middlewares/ST/STM32_USB_Device_Library/Core/Src/usbd_ioreq.o
                0x0000000008005778                USBD_CtlContinueRx
 .text.USBD_CtlSendStatus
                0x000000000800579c       0x26 Middlewares/ST/STM32_USB_Device_Library/Core/Src/usbd_ioreq.o
                0x000000000800579c                USBD_CtlSendStatus
 .text.USBD_CtlReceiveStatus
                0x00000000080057c2       0x26 Middlewares/ST/STM32_USB_Device_Library/Core/Src/usbd_ioreq.o
                0x00000000080057c2                USBD_CtlReceiveStatus
 .text.RING_init
                0x00000000080057e8       0x30 Src/RING.o
                0x00000000080057e8                RING_init
 .text.RING_is_full
                0x0000000008005818       0x24 Src/RING.o
                0x0000000008005818                RING_is_full
 .text.RING_put
                0x000000000800583c       0xce Src/RING.o
                0x000000000800583c                RING_put
 *fill*         0x000000000800590a        0x2 
 .text.main     0x000000000800590c       0xdc Src/main.o
                0x000000000800590c                main
 .text.SystemClock_Config
                0x00000000080059e8      0x114 Src/main.o
                0x00000000080059e8                SystemClock_Config
 .text.MX_FDCAN1_Init
                0x0000000008005afc       0x8c Src/main.o
                0x0000000008005afc                MX_FDCAN1_Init
 .text.MX_GPIO_Init
                0x0000000008005b88       0x94 Src/main.o
 .text.Error_Handler
                0x0000000008005c1c        0xe Src/main.o
                0x0000000008005c1c                Error_Handler
 *fill*         0x0000000008005c2a        0x2 
 .text.LL_PWR_DisableUCPDDeadBattery
                0x0000000008005c2c       0x20 Src/stm32g4xx_hal_msp.o
 .text.HAL_MspInit
                0x0000000008005c4c       0x48 Src/stm32g4xx_hal_msp.o
                0x0000000008005c4c                HAL_MspInit
 .text.HAL_FDCAN_MspInit
                0x0000000008005c94       0x98 Src/stm32g4xx_hal_msp.o
                0x0000000008005c94                HAL_FDCAN_MspInit
 .text.NMI_Handler
                0x0000000008005d2c        0xe Src/stm32g4xx_it.o
                0x0000000008005d2c                NMI_Handler
 .text.HardFault_Handler
                0x0000000008005d3a        0x6 Src/stm32g4xx_it.o
                0x0000000008005d3a                HardFault_Handler
 .text.MemManage_Handler
                0x0000000008005d40        0x6 Src/stm32g4xx_it.o
                0x0000000008005d40                MemManage_Handler
 .text.BusFault_Handler
                0x0000000008005d46        0x6 Src/stm32g4xx_it.o
                0x0000000008005d46                BusFault_Handler
 .text.UsageFault_Handler
                0x0000000008005d4c        0x6 Src/stm32g4xx_it.o
                0x0000000008005d4c                UsageFault_Handler
 .text.SVC_Handler
                0x0000000008005d52        0xe Src/stm32g4xx_it.o
                0x0000000008005d52                SVC_Handler
 .text.DebugMon_Handler
                0x0000000008005d60        0xe Src/stm32g4xx_it.o
                0x0000000008005d60                DebugMon_Handler
 .text.PendSV_Handler
                0x0000000008005d6e        0xe Src/stm32g4xx_it.o
                0x0000000008005d6e                PendSV_Handler
 .text.SysTick_Handler
                0x0000000008005d7c        0xc Src/stm32g4xx_it.o
                0x0000000008005d7c                SysTick_Handler
 .text.USB_LP_IRQHandler
                0x0000000008005d88       0x14 Src/stm32g4xx_it.o
                0x0000000008005d88                USB_LP_IRQHandler
 .text.FDCAN1_IT1_IRQHandler
                0x0000000008005d9c       0x14 Src/stm32g4xx_it.o
                0x0000000008005d9c                FDCAN1_IT1_IRQHandler
 .text.SystemInit
                0x0000000008005db0       0x2c Src/system_stm32g4xx.o
                0x0000000008005db0                SystemInit
 .text.UCAN_get_frame_size
                0x0000000008005ddc       0x2c Src/ucan_fd_protocol_stm32g431.o
                0x0000000008005ddc                UCAN_get_frame_size
 .text.MX_USB_Device_Init
                0x0000000008005e08       0x60 Src/usb_device.o
                0x0000000008005e08                MX_USB_Device_Init
 .text.CDC_Init_FS
                0x0000000008005e68       0x28 Src/usbd_cdc_if.o
 .text.CDC_DeInit_FS
                0x0000000008005e90       0x10 Src/usbd_cdc_if.o
 .text.CDC_Control_FS
                0x0000000008005ea0       0xbc Src/usbd_cdc_if.o
 .text.CDC_Receive_FS
                0x0000000008005f5c      0x100 Src/usbd_cdc_if.o
 .text.HAL_PCD_MspInit
                0x000000000800605c       0x90 Src/usbd_conf.o
                0x000000000800605c                HAL_PCD_MspInit
 .text.HAL_PCD_SetupStageCallback
                0x00000000080060ec       0x24 Src/usbd_conf.o
                0x00000000080060ec                HAL_PCD_SetupStageCallback
 .text.HAL_PCD_DataOutStageCallback
                0x0000000008006110       0x30 Src/usbd_conf.o
                0x0000000008006110                HAL_PCD_DataOutStageCallback
 .text.HAL_PCD_DataInStageCallback
                0x0000000008006140       0x2e Src/usbd_conf.o
                0x0000000008006140                HAL_PCD_DataInStageCallback
 .text.HAL_PCD_SOFCallback
                0x000000000800616e       0x1c Src/usbd_conf.o
                0x000000000800616e                HAL_PCD_SOFCallback
 .text.HAL_PCD_ResetCallback
                0x000000000800618a       0x3c Src/usbd_conf.o
                0x000000000800618a                HAL_PCD_ResetCallback
 *fill*         0x00000000080061c6        0x2 
 .text.HAL_PCD_SuspendCallback
                0x00000000080061c8       0x34 Src/usbd_conf.o
                0x00000000080061c8                HAL_PCD_SuspendCallback
 .text.HAL_PCD_ResumeCallback
                0x00000000080061fc       0x38 Src/usbd_conf.o
                0x00000000080061fc                HAL_PCD_ResumeCallback
 .text.USBD_LL_Init
                0x0000000008006234       0xc0 Src/usbd_conf.o
                0x0000000008006234                USBD_LL_Init
 .text.USBD_LL_Start
                0x00000000080062f4       0x36 Src/usbd_conf.o
                0x00000000080062f4                USBD_LL_Start
 .text.USBD_LL_OpenEP
                0x000000000800632a       0x4c Src/usbd_conf.o
                0x000000000800632a                USBD_LL_OpenEP
 .text.USBD_LL_CloseEP
                0x0000000008006376       0x3e Src/usbd_conf.o
                0x0000000008006376                USBD_LL_CloseEP
 .text.USBD_LL_StallEP
                0x00000000080063b4       0x3e Src/usbd_conf.o
                0x00000000080063b4                USBD_LL_StallEP
 .text.USBD_LL_ClearStallEP
                0x00000000080063f2       0x3e Src/usbd_conf.o
                0x00000000080063f2                USBD_LL_ClearStallEP
 .text.USBD_LL_IsStallEP
                0x0000000008006430       0x4c Src/usbd_conf.o
                0x0000000008006430                USBD_LL_IsStallEP
 .text.USBD_LL_SetUSBAddress
                0x000000000800647c       0x3e Src/usbd_conf.o
                0x000000000800647c                USBD_LL_SetUSBAddress
 .text.USBD_LL_Transmit
                0x00000000080064ba       0x46 Src/usbd_conf.o
                0x00000000080064ba                USBD_LL_Transmit
 .text.USBD_LL_PrepareReceive
                0x0000000008006500       0x46 Src/usbd_conf.o
                0x0000000008006500                USBD_LL_PrepareReceive
 .text.USBD_LL_GetRxDataSize
                0x0000000008006546       0x26 Src/usbd_conf.o
                0x0000000008006546                USBD_LL_GetRxDataSize
 .text.HAL_PCDEx_LPM_Callback
                0x000000000800656c       0x6c Src/usbd_conf.o
                0x000000000800656c                HAL_PCDEx_LPM_Callback
 .text.USBD_static_malloc
                0x00000000080065d8       0x1c Src/usbd_conf.o
                0x00000000080065d8                USBD_static_malloc
 .text.USBD_static_free
                0x00000000080065f4       0x14 Src/usbd_conf.o
                0x00000000080065f4                USBD_static_free
 .text.SystemClockConfig_Resume
                0x0000000008006608        0xc Src/usbd_conf.o
 .text.USBD_Get_USB_Status
                0x0000000008006614       0x58 Src/usbd_conf.o
 .text.USBD_CDC_DeviceDescriptor
                0x000000000800666c       0x24 Src/usbd_desc.o
                0x000000000800666c                USBD_CDC_DeviceDescriptor
 .text.USBD_CDC_LangIDStrDescriptor
                0x0000000008006690       0x24 Src/usbd_desc.o
                0x0000000008006690                USBD_CDC_LangIDStrDescriptor
 .text.USBD_CDC_ProductStrDescriptor
                0x00000000080066b4       0x3c Src/usbd_desc.o
                0x00000000080066b4                USBD_CDC_ProductStrDescriptor
 .text.USBD_CDC_ManufacturerStrDescriptor
                0x00000000080066f0       0x28 Src/usbd_desc.o
                0x00000000080066f0                USBD_CDC_ManufacturerStrDescriptor
 .text.USBD_CDC_SerialStrDescriptor
                0x0000000008006718       0x24 Src/usbd_desc.o
                0x0000000008006718                USBD_CDC_SerialStrDescriptor
 .text.USBD_CDC_ConfigStrDescriptor
                0x000000000800673c       0x3c Src/usbd_desc.o
                0x000000000800673c                USBD_CDC_ConfigStrDescriptor
 .text.USBD_CDC_InterfaceStrDescriptor
                0x0000000008006778       0x3c Src/usbd_desc.o
                0x0000000008006778                USBD_CDC_InterfaceStrDescriptor
 .text.Get_SerialNum
                0x00000000080067b4       0x58 Src/usbd_desc.o
 .text.IntToUnicode
                0x000000000800680c       0x7c Src/usbd_desc.o
 .text.Reset_Handler
                0x0000000008006888       0x50 Startup/startup_stm32g431cbux.o
                0x0000000008006888                Reset_Handler
 .text.Default_Handler
                0x00000000080068d8        0x2 Startup/startup_stm32g431cbux.o
                0x00000000080068d8                RTC_Alarm_IRQHandler
                0x00000000080068d8                EXTI2_IRQHandler
                0x00000000080068d8                TIM8_TRG_COM_IRQHandler
                0x00000000080068d8                TIM8_CC_IRQHandler
                0x00000000080068d8                TIM1_CC_IRQHandler
                0x00000000080068d8                USB_HP_IRQHandler
                0x00000000080068d8                CORDIC_IRQHandler
                0x00000000080068d8                EXTI3_IRQHandler
                0x00000000080068d8                I2C3_ER_IRQHandler
                0x00000000080068d8                EXTI0_IRQHandler
                0x00000000080068d8                I2C2_EV_IRQHandler
                0x00000000080068d8                FPU_IRQHandler
                0x00000000080068d8                TIM1_UP_TIM16_IRQHandler
                0x00000000080068d8                ADC1_2_IRQHandler
                0x00000000080068d8                SPI1_IRQHandler
                0x00000000080068d8                TIM6_DAC_IRQHandler
                0x00000000080068d8                TIM8_UP_IRQHandler
                0x00000000080068d8                DMA2_Channel2_IRQHandler
                0x00000000080068d8                DMA1_Channel4_IRQHandler
                0x00000000080068d8                USART3_IRQHandler
                0x00000000080068d8                TIM4_IRQHandler
                0x00000000080068d8                DMA2_Channel1_IRQHandler
                0x00000000080068d8                I2C1_EV_IRQHandler
                0x00000000080068d8                DMA1_Channel6_IRQHandler
                0x00000000080068d8                UART4_IRQHandler
                0x00000000080068d8                DMA2_Channel4_IRQHandler
                0x00000000080068d8                TIM3_IRQHandler
                0x00000000080068d8                RCC_IRQHandler
                0x00000000080068d8                DMA1_Channel1_IRQHandler
                0x00000000080068d8                Default_Handler
                0x00000000080068d8                RTC_TAMP_LSECSS_IRQHandler
                0x00000000080068d8                FMAC_IRQHandler
                0x00000000080068d8                EXTI15_10_IRQHandler
                0x00000000080068d8                TIM7_IRQHandler
                0x00000000080068d8                UCPD1_IRQHandler
                0x00000000080068d8                I2C3_EV_IRQHandler
                0x00000000080068d8                EXTI9_5_IRQHandler
                0x00000000080068d8                RTC_WKUP_IRQHandler
                0x00000000080068d8                PVD_PVM_IRQHandler
                0x00000000080068d8                SPI2_IRQHandler
                0x00000000080068d8                DMA2_Channel5_IRQHandler
                0x00000000080068d8                CRS_IRQHandler
                0x00000000080068d8                DMA1_Channel5_IRQHandler
                0x00000000080068d8                EXTI4_IRQHandler
                0x00000000080068d8                RNG_IRQHandler
                0x00000000080068d8                TIM1_TRG_COM_TIM17_IRQHandler
                0x00000000080068d8                DMA1_Channel3_IRQHandler
                0x00000000080068d8                WWDG_IRQHandler
                0x00000000080068d8                LPUART1_IRQHandler
                0x00000000080068d8                DMA2_Channel6_IRQHandler
                0x00000000080068d8                FDCAN1_IT0_IRQHandler
                0x00000000080068d8                TIM2_IRQHandler
                0x00000000080068d8                COMP1_2_3_IRQHandler
                0x00000000080068d8                EXTI1_IRQHandler
                0x00000000080068d8                USART2_IRQHandler
                0x00000000080068d8                I2C2_ER_IRQHandler
                0x00000000080068d8                DMA1_Channel2_IRQHandler
                0x00000000080068d8                TIM8_BRK_IRQHandler
                0x00000000080068d8                FLASH_IRQHandler
                0x00000000080068d8                USART1_IRQHandler
                0x00000000080068d8                SPI3_IRQHandler
                0x00000000080068d8                I2C1_ER_IRQHandler
                0x00000000080068d8                LPTIM1_IRQHandler
                0x00000000080068d8                DMAMUX_OVR_IRQHandler
                0x00000000080068d8                USBWakeUp_IRQHandler
                0x00000000080068d8                SAI1_IRQHandler
                0x00000000080068d8                DMA2_Channel3_IRQHandler
                0x00000000080068d8                COMP4_IRQHandler
                0x00000000080068d8                TIM1_BRK_TIM15_IRQHandler
 *fill*         0x00000000080068da        0x2 
 .text.__libc_init_array
                0x00000000080068dc       0x48 c:/st/stm32cubeide_1.2.0/stm32cubeide/plugins/com.st.stm32cube.ide.mcu.externaltools.gnu-tools-for-stm32.7-2018-q2-update.win32_1.0.0.201904181610/tools/bin/../lib/gcc/arm-none-eabi/7.3.1/../../../../arm-none-eabi/lib/thumb/v7e-m/fpv4-sp/hard\libc_nano.a(lib_a-init.o)
                0x00000000080068dc                __libc_init_array
 .text.memcpy   0x0000000008006924       0x16 c:/st/stm32cubeide_1.2.0/stm32cubeide/plugins/com.st.stm32cube.ide.mcu.externaltools.gnu-tools-for-stm32.7-2018-q2-update.win32_1.0.0.201904181610/tools/bin/../lib/gcc/arm-none-eabi/7.3.1/../../../../arm-none-eabi/lib/thumb/v7e-m/fpv4-sp/hard\libc_nano.a(lib_a-memcpy-stub.o)
                0x0000000008006924                memcpy
 .text.memset   0x000000000800693a       0x10 c:/st/stm32cubeide_1.2.0/stm32cubeide/plugins/com.st.stm32cube.ide.mcu.externaltools.gnu-tools-for-stm32.7-2018-q2-update.win32_1.0.0.201904181610/tools/bin/../lib/gcc/arm-none-eabi/7.3.1/../../../../arm-none-eabi/lib/thumb/v7e-m/fpv4-sp/hard\libc_nano.a(lib_a-memset.o)
                0x000000000800693a                memset
 *(.glue_7)
 .glue_7        0x000000000800694a        0x0 linker stubs
 *(.glue_7t)
 .glue_7t       0x000000000800694a        0x0 linker stubs
 *(.eh_frame)
 *fill*         0x000000000800694a        0x2 
 .eh_frame      0x000000000800694c        0x0 c:/st/stm32cubeide_1.2.0/stm32cubeide/plugins/com.st.stm32cube.ide.mcu.externaltools.gnu-tools-for-stm32.7-2018-q2-update.win32_1.0.0.201904181610/tools/bin/../lib/gcc/arm-none-eabi/7.3.1/thumb/v7e-m/fpv4-sp/hard/crtbegin.o
 *(.init)
 .init          0x000000000800694c        0x4 c:/st/stm32cubeide_1.2.0/stm32cubeide/plugins/com.st.stm32cube.ide.mcu.externaltools.gnu-tools-for-stm32.7-2018-q2-update.win32_1.0.0.201904181610/tools/bin/../lib/gcc/arm-none-eabi/7.3.1/thumb/v7e-m/fpv4-sp/hard/crti.o
                0x000000000800694c                _init
 .init          0x0000000008006950        0x8 c:/st/stm32cubeide_1.2.0/stm32cubeide/plugins/com.st.stm32cube.ide.mcu.externaltools.gnu-tools-for-stm32.7-2018-q2-update.win32_1.0.0.201904181610/tools/bin/../lib/gcc/arm-none-eabi/7.3.1/thumb/v7e-m/fpv4-sp/hard/crtn.o
 *(.fini)
 .fini          0x0000000008006958        0x4 c:/st/stm32cubeide_1.2.0/stm32cubeide/plugins/com.st.stm32cube.ide.mcu.externaltools.gnu-tools-for-stm32.7-2018-q2-update.win32_1.0.0.201904181610/tools/bin/../lib/gcc/arm-none-eabi/7.3.1/thumb/v7e-m/fpv4-sp/hard/crti.o
                0x0000000008006958                _fini
 .fini          0x000000000800695c        0x8 c:/st/stm32cubeide_1.2.0/stm32cubeide/plugins/com.st.stm32cube.ide.mcu.externaltools.gnu-tools-for-stm32.7-2018-q2-update.win32_1.0.0.201904181610/tools/bin/../lib/gcc/arm-none-eabi/7.3.1/thumb/v7e-m/fpv4-sp/hard/crtn.o
                0x0000000008006964                . = ALIGN (0x4)
                0x0000000008006964                _etext = .

.vfp11_veneer   0x0000000008006964        0x0
 .vfp11_veneer  0x0000000008006964        0x0 linker stubs

.v4_bx          0x0000000008006964        0x0
 .v4_bx         0x0000000008006964        0x0 linker stubs

.iplt           0x0000000008006964        0x0
 .iplt          0x0000000008006964        0x0 c:/st/stm32cubeide_1.2.0/stm32cubeide/plugins/com.st.stm32cube.ide.mcu.externaltools.gnu-tools-for-stm32.7-2018-q2-update.win32_1.0.0.201904181610/tools/bin/../lib/gcc/arm-none-eabi/7.3.1/thumb/v7e-m/fpv4-sp/hard/crtbegin.o

.rodata         0x0000000008006964       0x5c
                0x0000000008006964                . = ALIGN (0x4)
 *(.rodata)
 .rodata        0x0000000008006964       0x3a Src/usbd_desc.o
 *(.rodata*)
 *fill*         0x000000000800699e        0x2 
 .rodata.DLCtoBytes
                0x00000000080069a0       0x10 Drivers/STM32G4xx_HAL_Driver/Src/stm32g4xx_hal_fdcan.o
 .rodata.AHBPrescTable
                0x00000000080069b0       0x10 Src/system_stm32g4xx.o
                0x00000000080069b0                AHBPrescTable
                0x00000000080069c0                . = ALIGN (0x4)

.rel.dyn        0x00000000080069c0        0x0
 .rel.iplt      0x00000000080069c0        0x0 c:/st/stm32cubeide_1.2.0/stm32cubeide/plugins/com.st.stm32cube.ide.mcu.externaltools.gnu-tools-for-stm32.7-2018-q2-update.win32_1.0.0.201904181610/tools/bin/../lib/gcc/arm-none-eabi/7.3.1/thumb/v7e-m/fpv4-sp/hard/crtbegin.o

.ARM.extab      0x00000000080069c0        0x0
                0x00000000080069c0                . = ALIGN (0x4)
 *(.ARM.extab* .gnu.linkonce.armextab.*)
                0x00000000080069c0                . = ALIGN (0x4)

.ARM            0x00000000080069c0        0x0
                0x00000000080069c0                . = ALIGN (0x4)
                0x00000000080069c0                __exidx_start = .
 *(.ARM.exidx*)
                0x00000000080069c0                __exidx_end = .
                0x00000000080069c0                . = ALIGN (0x4)

.preinit_array  0x00000000080069c0        0x0
                0x00000000080069c0                . = ALIGN (0x4)
                0x00000000080069c0                PROVIDE (__preinit_array_start = .)
 *(.preinit_array*)
                0x00000000080069c0                PROVIDE (__preinit_array_end = .)
                0x00000000080069c0                . = ALIGN (0x4)

.init_array     0x00000000080069c0        0x4
                0x00000000080069c0                . = ALIGN (0x4)
                0x00000000080069c0                PROVIDE (__init_array_start = .)
 *(SORT_BY_NAME(.init_array.*))
 *(.init_array*)
 .init_array    0x00000000080069c0        0x4 c:/st/stm32cubeide_1.2.0/stm32cubeide/plugins/com.st.stm32cube.ide.mcu.externaltools.gnu-tools-for-stm32.7-2018-q2-update.win32_1.0.0.201904181610/tools/bin/../lib/gcc/arm-none-eabi/7.3.1/thumb/v7e-m/fpv4-sp/hard/crtbegin.o
                0x00000000080069c4                PROVIDE (__init_array_end = .)
                0x00000000080069c4                . = ALIGN (0x4)

.fini_array     0x00000000080069c4        0x4
                0x00000000080069c4                . = ALIGN (0x4)
                [!provide]                        PROVIDE (__fini_array_start = .)
 *(SORT_BY_NAME(.fini_array.*))
 *(.fini_array*)
 .fini_array    0x00000000080069c4        0x4 c:/st/stm32cubeide_1.2.0/stm32cubeide/plugins/com.st.stm32cube.ide.mcu.externaltools.gnu-tools-for-stm32.7-2018-q2-update.win32_1.0.0.201904181610/tools/bin/../lib/gcc/arm-none-eabi/7.3.1/thumb/v7e-m/fpv4-sp/hard/crtbegin.o
                [!provide]                        PROVIDE (__fini_array_end = .)
                0x00000000080069c8                . = ALIGN (0x4)
                0x00000000080069c8                _sidata = LOADADDR (.data)

.data           0x0000000020000000       0xf4 load address 0x00000000080069c8
                0x0000000020000000                . = ALIGN (0x4)
                0x0000000020000000                _sdata = .
 *(.data)
 *(.data*)
 .data.uwTickPrio
                0x0000000020000000        0x4 Drivers/STM32G4xx_HAL_Driver/Src/stm32g4xx_hal.o
                0x0000000020000000                uwTickPrio
 .data.uwTickFreq
                0x0000000020000004        0x4 Drivers/STM32G4xx_HAL_Driver/Src/stm32g4xx_hal.o
                0x0000000020000004                uwTickFreq
 .data.USBD_CDC_DeviceQualifierDesc
                0x0000000020000008        0xa Middlewares/ST/STM32_USB_Device_Library/Class/CDC/Src/usbd_cdc.o
 *fill*         0x0000000020000012        0x2 
 .data.USBD_CDC
                0x0000000020000014       0x38 Middlewares/ST/STM32_USB_Device_Library/Class/CDC/Src/usbd_cdc.o
                0x0000000020000014                USBD_CDC
 .data.USBD_CDC_CfgFSDesc
                0x000000002000004c       0x20 Middlewares/ST/STM32_USB_Device_Library/Class/CDC/Src/usbd_cdc.o
                0x000000002000004c                USBD_CDC_CfgFSDesc
 .data.SystemCoreClock
                0x000000002000006c        0x4 Src/system_stm32g4xx.o
                0x000000002000006c                SystemCoreClock
 .data.sizeof_array.8462
                0x0000000020000070       0x20 Src/ucan_fd_protocol_stm32g431.o
 .data.USBD_Interface_fops_FS
                0x0000000020000090       0x10 Src/usbd_cdc_if.o
                0x0000000020000090                USBD_Interface_fops_FS
 .data.CDC_Desc
                0x00000000200000a0       0x20 Src/usbd_desc.o
                0x00000000200000a0                CDC_Desc
 .data.USBD_CDC_DeviceDesc
                0x00000000200000c0       0x12 Src/usbd_desc.o
                0x00000000200000c0                USBD_CDC_DeviceDesc
 *fill*         0x00000000200000d2        0x2 
 .data.USBD_LangIDDesc
                0x00000000200000d4        0x4 Src/usbd_desc.o
                0x00000000200000d4                USBD_LangIDDesc
 .data.USBD_StringSerial
                0x00000000200000d8       0x1a Src/usbd_desc.o
                0x00000000200000d8                USBD_StringSerial
                0x00000000200000f4                . = ALIGN (0x4)
 *fill*         0x00000000200000f2        0x2 
                0x00000000200000f4                _edata = .

.igot.plt       0x00000000200000f4        0x0 load address 0x0000000008006abc
 .igot.plt      0x00000000200000f4        0x0 c:/st/stm32cubeide_1.2.0/stm32cubeide/plugins/com.st.stm32cube.ide.mcu.externaltools.gnu-tools-for-stm32.7-2018-q2-update.win32_1.0.0.201904181610/tools/bin/../lib/gcc/arm-none-eabi/7.3.1/thumb/v7e-m/fpv4-sp/hard/crtbegin.o
                0x00000000200000f4                . = ALIGN (0x4)

.bss            0x00000000200000f4     0x2564 load address 0x0000000008006abc
                0x00000000200000f4                _sbss = .
                0x00000000200000f4                __bss_start__ = _sbss
 *(.bss)
 .bss           0x00000000200000f4       0x1c c:/st/stm32cubeide_1.2.0/stm32cubeide/plugins/com.st.stm32cube.ide.mcu.externaltools.gnu-tools-for-stm32.7-2018-q2-update.win32_1.0.0.201904181610/tools/bin/../lib/gcc/arm-none-eabi/7.3.1/thumb/v7e-m/fpv4-sp/hard/crtbegin.o
 *(.bss*)
 .bss.cfgidx.10071
                0x0000000020000110        0x1 Middlewares/ST/STM32_USB_Device_Library/Core/Src/usbd_ctlreq.o
 *fill*         0x0000000020000111        0x3 
 .bss.buff_offset.10419
                0x0000000020000114        0x4 Src/usbd_cdc_if.o
 .bss.frame_size.10417
                0x0000000020000118        0x4 Src/usbd_cdc_if.o
 .bss.buff_start.10420
                0x000000002000011c        0x4 Src/usbd_cdc_if.o
 .bss.mem.10491
                0x0000000020000120       0x60 Src/usbd_conf.o
 *(COMMON)
 COMMON         0x0000000020000180        0x4 Drivers/STM32G4xx_HAL_Driver/Src/stm32g4xx_hal.o
                0x0000000020000180                uwTick
 COMMON         0x0000000020000184     0x15cb Src/main.o
                0x0000000020000184                usb_tx
                0x0000000020000c38                hfdcan1
                0x0000000020000c9c                usb_rx
 *fill*         0x000000002000174f        0x1 
 COMMON         0x0000000020001750      0x2c4 Src/usb_device.o
                0x0000000020001750                hUsbDeviceFS
 COMMON         0x0000000020001a14      0x7d0 Src/usbd_cdc_if.o
                0x0000000020001a14                UserRxBufferFS
                0x0000000020001dfc                UserTxBufferFS
 COMMON         0x00000000200021e4      0x274 Src/usbd_conf.o
                0x00000000200021e4                hpcd_USB_FS
 COMMON         0x0000000020002458      0x200 Src/usbd_desc.o
                0x0000000020002458                USBD_StrDesc
                0x0000000020002658                . = ALIGN (0x4)
                0x0000000020002658                _ebss = .
                0x0000000020002658                __bss_end__ = _ebss

._user_heap_stack
                0x0000000020002658      0xc00 load address 0x0000000008006abc
                0x0000000020002658                . = ALIGN (0x8)
                0x0000000020002658                PROVIDE (end = .)
                [!provide]                        PROVIDE (_end = .)
                0x0000000020002e58                . = (. + _Min_Heap_Size)
 *fill*         0x0000000020002658      0x800 
                0x0000000020003258                . = (. + _Min_Stack_Size)
 *fill*         0x0000000020002e58      0x400 
                0x0000000020003258                . = ALIGN (0x8)

/DISCARD/
 libc.a(*)
 libm.a(*)
 libgcc.a(*)

.ARM.attributes
                0x0000000000000000       0x30
 *(.ARM.attributes)
 .ARM.attributes
                0x0000000000000000       0x22 c:/st/stm32cubeide_1.2.0/stm32cubeide/plugins/com.st.stm32cube.ide.mcu.externaltools.gnu-tools-for-stm32.7-2018-q2-update.win32_1.0.0.201904181610/tools/bin/../lib/gcc/arm-none-eabi/7.3.1/thumb/v7e-m/fpv4-sp/hard/crti.o
 .ARM.attributes
                0x0000000000000022       0x34 c:/st/stm32cubeide_1.2.0/stm32cubeide/plugins/com.st.stm32cube.ide.mcu.externaltools.gnu-tools-for-stm32.7-2018-q2-update.win32_1.0.0.201904181610/tools/bin/../lib/gcc/arm-none-eabi/7.3.1/thumb/v7e-m/fpv4-sp/hard/crtbegin.o
 .ARM.attributes
                0x0000000000000056       0x39 Drivers/STM32G4xx_HAL_Driver/Src/stm32g4xx_hal.o
 .ARM.attributes
                0x000000000000008f       0x39 Drivers/STM32G4xx_HAL_Driver/Src/stm32g4xx_hal_cortex.o
 .ARM.attributes
                0x00000000000000c8       0x39 Drivers/STM32G4xx_HAL_Driver/Src/stm32g4xx_hal_fdcan.o
 .ARM.attributes
                0x0000000000000101       0x39 Drivers/STM32G4xx_HAL_Driver/Src/stm32g4xx_hal_gpio.o
 .ARM.attributes
                0x000000000000013a       0x39 Drivers/STM32G4xx_HAL_Driver/Src/stm32g4xx_hal_pcd.o
 .ARM.attributes
                0x0000000000000173       0x39 Drivers/STM32G4xx_HAL_Driver/Src/stm32g4xx_hal_pcd_ex.o
 .ARM.attributes
                0x00000000000001ac       0x39 Drivers/STM32G4xx_HAL_Driver/Src/stm32g4xx_hal_pwr_ex.o
 .ARM.attributes
                0x00000000000001e5       0x39 Drivers/STM32G4xx_HAL_Driver/Src/stm32g4xx_hal_rcc.o
 .ARM.attributes
                0x000000000000021e       0x39 Drivers/STM32G4xx_HAL_Driver/Src/stm32g4xx_hal_rcc_ex.o
 .ARM.attributes
                0x0000000000000257       0x39 Drivers/STM32G4xx_HAL_Driver/Src/stm32g4xx_ll_usb.o
 .ARM.attributes
                0x0000000000000290       0x39 Middlewares/ST/STM32_USB_Device_Library/Class/CDC/Src/usbd_cdc.o
 .ARM.attributes
                0x00000000000002c9       0x39 Middlewares/ST/STM32_USB_Device_Library/Core/Src/usbd_core.o
 .ARM.attributes
                0x0000000000000302       0x39 Middlewares/ST/STM32_USB_Device_Library/Core/Src/usbd_ctlreq.o
 .ARM.attributes
                0x000000000000033b       0x39 Middlewares/ST/STM32_USB_Device_Library/Core/Src/usbd_ioreq.o
 .ARM.attributes
                0x0000000000000374       0x39 Src/RING.o
 .ARM.attributes
                0x00000000000003ad       0x39 Src/main.o
 .ARM.attributes
                0x00000000000003e6       0x39 Src/stm32g4xx_hal_msp.o
 .ARM.attributes
                0x000000000000041f       0x39 Src/stm32g4xx_it.o
 .ARM.attributes
                0x0000000000000458       0x39 Src/system_stm32g4xx.o
 .ARM.attributes
                0x0000000000000491       0x39 Src/ucan_fd_protocol_stm32g431.o
 .ARM.attributes
                0x00000000000004ca       0x39 Src/usb_device.o
 .ARM.attributes
                0x0000000000000503       0x39 Src/usbd_cdc_if.o
 .ARM.attributes
                0x000000000000053c       0x39 Src/usbd_conf.o
 .ARM.attributes
                0x0000000000000575       0x39 Src/usbd_desc.o
 .ARM.attributes
                0x00000000000005ae       0x21 Startup/startup_stm32g431cbux.o
 .ARM.attributes
                0x00000000000005cf       0x34 c:/st/stm32cubeide_1.2.0/stm32cubeide/plugins/com.st.stm32cube.ide.mcu.externaltools.gnu-tools-for-stm32.7-2018-q2-update.win32_1.0.0.201904181610/tools/bin/../lib/gcc/arm-none-eabi/7.3.1/../../../../arm-none-eabi/lib/thumb/v7e-m/fpv4-sp/hard\libc_nano.a(lib_a-init.o)
 .ARM.attributes
                0x0000000000000603       0x34 c:/st/stm32cubeide_1.2.0/stm32cubeide/plugins/com.st.stm32cube.ide.mcu.externaltools.gnu-tools-for-stm32.7-2018-q2-update.win32_1.0.0.201904181610/tools/bin/../lib/gcc/arm-none-eabi/7.3.1/../../../../arm-none-eabi/lib/thumb/v7e-m/fpv4-sp/hard\libc_nano.a(lib_a-memcpy-stub.o)
 .ARM.attributes
                0x0000000000000637       0x34 c:/st/stm32cubeide_1.2.0/stm32cubeide/plugins/com.st.stm32cube.ide.mcu.externaltools.gnu-tools-for-stm32.7-2018-q2-update.win32_1.0.0.201904181610/tools/bin/../lib/gcc/arm-none-eabi/7.3.1/../../../../arm-none-eabi/lib/thumb/v7e-m/fpv4-sp/hard\libc_nano.a(lib_a-memset.o)
 .ARM.attributes
                0x000000000000066b       0x22 c:/st/stm32cubeide_1.2.0/stm32cubeide/plugins/com.st.stm32cube.ide.mcu.externaltools.gnu-tools-for-stm32.7-2018-q2-update.win32_1.0.0.201904181610/tools/bin/../lib/gcc/arm-none-eabi/7.3.1/thumb/v7e-m/fpv4-sp/hard/crtn.o
OUTPUT(CDC_libUSB_basic.elf elf32-littlearm)

.debug_info     0x0000000000000000    0x18250
 .debug_info    0x0000000000000000      0xbaa Drivers/STM32G4xx_HAL_Driver/Src/stm32g4xx_hal.o
 .debug_info    0x0000000000000baa      0xebb Drivers/STM32G4xx_HAL_Driver/Src/stm32g4xx_hal_cortex.o
 .debug_info    0x0000000000001a65     0x1957 Drivers/STM32G4xx_HAL_Driver/Src/stm32g4xx_hal_fdcan.o
 .debug_info    0x00000000000033bc      0x969 Drivers/STM32G4xx_HAL_Driver/Src/stm32g4xx_hal_gpio.o
 .debug_info    0x0000000000003d25      0xf4e Drivers/STM32G4xx_HAL_Driver/Src/stm32g4xx_hal_pcd.o
 .debug_info    0x0000000000004c73      0x968 Drivers/STM32G4xx_HAL_Driver/Src/stm32g4xx_hal_pcd_ex.o
 .debug_info    0x00000000000055db      0xa9c Drivers/STM32G4xx_HAL_Driver/Src/stm32g4xx_hal_pwr_ex.o
 .debug_info    0x0000000000006077      0xca5 Drivers/STM32G4xx_HAL_Driver/Src/stm32g4xx_hal_rcc.o
 .debug_info    0x0000000000006d1c      0xd92 Drivers/STM32G4xx_HAL_Driver/Src/stm32g4xx_hal_rcc_ex.o
 .debug_info    0x0000000000007aae     0x15ff Drivers/STM32G4xx_HAL_Driver/Src/stm32g4xx_ll_usb.o
 .debug_info    0x00000000000090ad     0x1827 Middlewares/ST/STM32_USB_Device_Library/Class/CDC/Src/usbd_cdc.o
 .debug_info    0x000000000000a8d4     0x12c7 Middlewares/ST/STM32_USB_Device_Library/Core/Src/usbd_core.o
 .debug_info    0x000000000000bb9b     0x1237 Middlewares/ST/STM32_USB_Device_Library/Core/Src/usbd_ctlreq.o
 .debug_info    0x000000000000cdd2     0x1028 Middlewares/ST/STM32_USB_Device_Library/Core/Src/usbd_ioreq.o
 .debug_info    0x000000000000ddfa      0x474 Src/RING.o
 .debug_info    0x000000000000e26e     0x1ee7 Src/main.o
 .debug_info    0x0000000000010155      0xe07 Src/stm32g4xx_hal_msp.o
 .debug_info    0x0000000000010f5c      0xbfa Src/stm32g4xx_it.o
 .debug_info    0x0000000000011b56      0x6af Src/system_stm32g4xx.o
 .debug_info    0x0000000000012205      0xc01 Src/ucan_fd_protocol_stm32g431.o
 .debug_info    0x0000000000012e06      0xf70 Src/usb_device.o
 .debug_info    0x0000000000013d76     0x146e Src/usbd_cdc_if.o
 .debug_info    0x00000000000151e4     0x223e Src/usbd_conf.o
 .debug_info    0x0000000000017422      0xe0c Src/usbd_desc.o
 .debug_info    0x000000000001822e       0x22 Startup/startup_stm32g431cbux.o

.debug_abbrev   0x0000000000000000     0x3374
 .debug_abbrev  0x0000000000000000      0x1fb Drivers/STM32G4xx_HAL_Driver/Src/stm32g4xx_hal.o
 .debug_abbrev  0x00000000000001fb      0x2f1 Drivers/STM32G4xx_HAL_Driver/Src/stm32g4xx_hal_cortex.o
 .debug_abbrev  0x00000000000004ec      0x1be Drivers/STM32G4xx_HAL_Driver/Src/stm32g4xx_hal_fdcan.o
 .debug_abbrev  0x00000000000006aa      0x1c0 Drivers/STM32G4xx_HAL_Driver/Src/stm32g4xx_hal_gpio.o
 .debug_abbrev  0x000000000000086a      0x27d Drivers/STM32G4xx_HAL_Driver/Src/stm32g4xx_hal_pcd.o
 .debug_abbrev  0x0000000000000ae7      0x1eb Drivers/STM32G4xx_HAL_Driver/Src/stm32g4xx_hal_pcd_ex.o
 .debug_abbrev  0x0000000000000cd2      0x1fd Drivers/STM32G4xx_HAL_Driver/Src/stm32g4xx_hal_pwr_ex.o
 .debug_abbrev  0x0000000000000ecf      0x245 Drivers/STM32G4xx_HAL_Driver/Src/stm32g4xx_hal_rcc.o
 .debug_abbrev  0x0000000000001114      0x204 Drivers/STM32G4xx_HAL_Driver/Src/stm32g4xx_hal_rcc_ex.o
 .debug_abbrev  0x0000000000001318      0x239 Drivers/STM32G4xx_HAL_Driver/Src/stm32g4xx_ll_usb.o
 .debug_abbrev  0x0000000000001551      0x2cf Middlewares/ST/STM32_USB_Device_Library/Class/CDC/Src/usbd_cdc.o
 .debug_abbrev  0x0000000000001820      0x270 Middlewares/ST/STM32_USB_Device_Library/Core/Src/usbd_core.o
 .debug_abbrev  0x0000000000001a90      0x2a0 Middlewares/ST/STM32_USB_Device_Library/Core/Src/usbd_ctlreq.o
 .debug_abbrev  0x0000000000001d30      0x1e0 Middlewares/ST/STM32_USB_Device_Library/Core/Src/usbd_ioreq.o
 .debug_abbrev  0x0000000000001f10      0x1c1 Src/RING.o
 .debug_abbrev  0x00000000000020d1      0x2ae Src/main.o
 .debug_abbrev  0x000000000000237f      0x16d Src/stm32g4xx_hal_msp.o
 .debug_abbrev  0x00000000000024ec      0x155 Src/stm32g4xx_it.o
 .debug_abbrev  0x0000000000002641      0x147 Src/system_stm32g4xx.o
 .debug_abbrev  0x0000000000002788      0x1e6 Src/ucan_fd_protocol_stm32g431.o
 .debug_abbrev  0x000000000000296e      0x1be Src/usb_device.o
 .debug_abbrev  0x0000000000002b2c      0x2aa Src/usbd_cdc_if.o
 .debug_abbrev  0x0000000000002dd6      0x2fc Src/usbd_conf.o
 .debug_abbrev  0x00000000000030d2      0x290 Src/usbd_desc.o
 .debug_abbrev  0x0000000000003362       0x12 Startup/startup_stm32g431cbux.o

.debug_aranges  0x0000000000000000      0xf48
 .debug_aranges
                0x0000000000000000      0x130 Drivers/STM32G4xx_HAL_Driver/Src/stm32g4xx_hal.o
 .debug_aranges
                0x0000000000000130      0x118 Drivers/STM32G4xx_HAL_Driver/Src/stm32g4xx_hal_cortex.o
 .debug_aranges
                0x0000000000000248      0x208 Drivers/STM32G4xx_HAL_Driver/Src/stm32g4xx_hal_fdcan.o
 .debug_aranges
                0x0000000000000450       0x58 Drivers/STM32G4xx_HAL_Driver/Src/stm32g4xx_hal_gpio.o
 .debug_aranges
                0x00000000000004a8      0x120 Drivers/STM32G4xx_HAL_Driver/Src/stm32g4xx_hal_pcd.o
 .debug_aranges
                0x00000000000005c8       0x58 Drivers/STM32G4xx_HAL_Driver/Src/stm32g4xx_hal_pcd_ex.o
 .debug_aranges
                0x0000000000000620      0x140 Drivers/STM32G4xx_HAL_Driver/Src/stm32g4xx_hal_pwr_ex.o
 .debug_aranges
                0x0000000000000760       0x98 Drivers/STM32G4xx_HAL_Driver/Src/stm32g4xx_hal_rcc.o
 .debug_aranges
                0x00000000000007f8       0xb0 Drivers/STM32G4xx_HAL_Driver/Src/stm32g4xx_hal_rcc_ex.o
 .debug_aranges
                0x00000000000008a8      0x108 Drivers/STM32G4xx_HAL_Driver/Src/stm32g4xx_ll_usb.o
 .debug_aranges
                0x00000000000009b0       0x80 Middlewares/ST/STM32_USB_Device_Library/Class/CDC/Src/usbd_cdc.o
 .debug_aranges
                0x0000000000000a30       0xb8 Middlewares/ST/STM32_USB_Device_Library/Core/Src/usbd_core.o
 .debug_aranges
                0x0000000000000ae8       0x88 Middlewares/ST/STM32_USB_Device_Library/Core/Src/usbd_ctlreq.o
 .debug_aranges
                0x0000000000000b70       0x50 Middlewares/ST/STM32_USB_Device_Library/Core/Src/usbd_ioreq.o
 .debug_aranges
                0x0000000000000bc0       0x40 Src/RING.o
 .debug_aranges
                0x0000000000000c00       0x40 Src/main.o
 .debug_aranges
                0x0000000000000c40       0x38 Src/stm32g4xx_hal_msp.o
 .debug_aranges
                0x0000000000000c78       0x70 Src/stm32g4xx_it.o
 .debug_aranges
                0x0000000000000ce8       0x28 Src/system_stm32g4xx.o
 .debug_aranges
                0x0000000000000d10       0x30 Src/ucan_fd_protocol_stm32g431.o
 .debug_aranges
                0x0000000000000d40       0x20 Src/usb_device.o
 .debug_aranges
                0x0000000000000d60       0x40 Src/usbd_cdc_if.o
 .debug_aranges
                0x0000000000000da0      0x120 Src/usbd_conf.o
 .debug_aranges
                0x0000000000000ec0       0x60 Src/usbd_desc.o
 .debug_aranges
                0x0000000000000f20       0x28 Startup/startup_stm32g431cbux.o

.debug_ranges   0x0000000000000000      0xdc0
 .debug_ranges  0x0000000000000000      0x120 Drivers/STM32G4xx_HAL_Driver/Src/stm32g4xx_hal.o
 .debug_ranges  0x0000000000000120      0x108 Drivers/STM32G4xx_HAL_Driver/Src/stm32g4xx_hal_cortex.o
 .debug_ranges  0x0000000000000228      0x1f8 Drivers/STM32G4xx_HAL_Driver/Src/stm32g4xx_hal_fdcan.o
 .debug_ranges  0x0000000000000420       0x48 Drivers/STM32G4xx_HAL_Driver/Src/stm32g4xx_hal_gpio.o
 .debug_ranges  0x0000000000000468      0x110 Drivers/STM32G4xx_HAL_Driver/Src/stm32g4xx_hal_pcd.o
 .debug_ranges  0x0000000000000578       0x48 Drivers/STM32G4xx_HAL_Driver/Src/stm32g4xx_hal_pcd_ex.o
 .debug_ranges  0x00000000000005c0      0x130 Drivers/STM32G4xx_HAL_Driver/Src/stm32g4xx_hal_pwr_ex.o
 .debug_ranges  0x00000000000006f0       0x88 Drivers/STM32G4xx_HAL_Driver/Src/stm32g4xx_hal_rcc.o
 .debug_ranges  0x0000000000000778       0xa0 Drivers/STM32G4xx_HAL_Driver/Src/stm32g4xx_hal_rcc_ex.o
 .debug_ranges  0x0000000000000818       0xf8 Drivers/STM32G4xx_HAL_Driver/Src/stm32g4xx_ll_usb.o
 .debug_ranges  0x0000000000000910       0x70 Middlewares/ST/STM32_USB_Device_Library/Class/CDC/Src/usbd_cdc.o
 .debug_ranges  0x0000000000000980       0xa8 Middlewares/ST/STM32_USB_Device_Library/Core/Src/usbd_core.o
 .debug_ranges  0x0000000000000a28       0x78 Middlewares/ST/STM32_USB_Device_Library/Core/Src/usbd_ctlreq.o
 .debug_ranges  0x0000000000000aa0       0x40 Middlewares/ST/STM32_USB_Device_Library/Core/Src/usbd_ioreq.o
 .debug_ranges  0x0000000000000ae0       0x30 Src/RING.o
 .debug_ranges  0x0000000000000b10       0x30 Src/main.o
 .debug_ranges  0x0000000000000b40       0x28 Src/stm32g4xx_hal_msp.o
 .debug_ranges  0x0000000000000b68       0x60 Src/stm32g4xx_it.o
 .debug_ranges  0x0000000000000bc8       0x18 Src/system_stm32g4xx.o
 .debug_ranges  0x0000000000000be0       0x20 Src/ucan_fd_protocol_stm32g431.o
 .debug_ranges  0x0000000000000c00       0x10 Src/usb_device.o
 .debug_ranges  0x0000000000000c10       0x30 Src/usbd_cdc_if.o
 .debug_ranges  0x0000000000000c40      0x110 Src/usbd_conf.o
 .debug_ranges  0x0000000000000d50       0x50 Src/usbd_desc.o
 .debug_ranges  0x0000000000000da0       0x20 Startup/startup_stm32g431cbux.o

.debug_macro    0x0000000000000000    0x205f5
 .debug_macro   0x0000000000000000      0x222 Drivers/STM32G4xx_HAL_Driver/Src/stm32g4xx_hal.o
 .debug_macro   0x0000000000000222      0xa5a Drivers/STM32G4xx_HAL_Driver/Src/stm32g4xx_hal.o
 .debug_macro   0x0000000000000c7c      0x15b Drivers/STM32G4xx_HAL_Driver/Src/stm32g4xx_hal.o
 .debug_macro   0x0000000000000dd7       0x2e Drivers/STM32G4xx_HAL_Driver/Src/stm32g4xx_hal.o
 .debug_macro   0x0000000000000e05       0x28 Drivers/STM32G4xx_HAL_Driver/Src/stm32g4xx_hal.o
 .debug_macro   0x0000000000000e2d       0x22 Drivers/STM32G4xx_HAL_Driver/Src/stm32g4xx_hal.o
 .debug_macro   0x0000000000000e4f       0x8e Drivers/STM32G4xx_HAL_Driver/Src/stm32g4xx_hal.o
 .debug_macro   0x0000000000000edd       0x51 Drivers/STM32G4xx_HAL_Driver/Src/stm32g4xx_hal.o
 .debug_macro   0x0000000000000f2e       0xef Drivers/STM32G4xx_HAL_Driver/Src/stm32g4xx_hal.o
 .debug_macro   0x000000000000101d       0x6a Drivers/STM32G4xx_HAL_Driver/Src/stm32g4xx_hal.o
 .debug_macro   0x0000000000001087      0x1df Drivers/STM32G4xx_HAL_Driver/Src/stm32g4xx_hal.o
 .debug_macro   0x0000000000001266       0x1c Drivers/STM32G4xx_HAL_Driver/Src/stm32g4xx_hal.o
 .debug_macro   0x0000000000001282       0x22 Drivers/STM32G4xx_HAL_Driver/Src/stm32g4xx_hal.o
 .debug_macro   0x00000000000012a4       0xdf Drivers/STM32G4xx_HAL_Driver/Src/stm32g4xx_hal.o
 .debug_macro   0x0000000000001383     0x102d Drivers/STM32G4xx_HAL_Driver/Src/stm32g4xx_hal.o
 .debug_macro   0x00000000000023b0      0x11f Drivers/STM32G4xx_HAL_Driver/Src/stm32g4xx_hal.o
 .debug_macro   0x00000000000024cf    0x113a4 Drivers/STM32G4xx_HAL_Driver/Src/stm32g4xx_hal.o
 .debug_macro   0x0000000000013873       0x43 Drivers/STM32G4xx_HAL_Driver/Src/stm32g4xx_hal.o
 .debug_macro   0x00000000000138b6     0x34d1 Drivers/STM32G4xx_HAL_Driver/Src/stm32g4xx_hal.o
 .debug_macro   0x0000000000016d87      0x174 Drivers/STM32G4xx_HAL_Driver/Src/stm32g4xx_hal.o
 .debug_macro   0x0000000000016efb       0x5a Drivers/STM32G4xx_HAL_Driver/Src/stm32g4xx_hal.o
 .debug_macro   0x0000000000016f55     0x13de Drivers/STM32G4xx_HAL_Driver/Src/stm32g4xx_hal.o
 .debug_macro   0x0000000000018333      0x535 Drivers/STM32G4xx_HAL_Driver/Src/stm32g4xx_hal.o
 .debug_macro   0x0000000000018868      0x137 Drivers/STM32G4xx_HAL_Driver/Src/stm32g4xx_hal.o
 .debug_macro   0x000000000001899f      0x289 Drivers/STM32G4xx_HAL_Driver/Src/stm32g4xx_hal.o
 .debug_macro   0x0000000000018c28      0x41d Drivers/STM32G4xx_HAL_Driver/Src/stm32g4xx_hal.o
 .debug_macro   0x0000000000019045      0x18b Drivers/STM32G4xx_HAL_Driver/Src/stm32g4xx_hal.o
 .debug_macro   0x00000000000191d0       0x43 Drivers/STM32G4xx_HAL_Driver/Src/stm32g4xx_hal.o
 .debug_macro   0x0000000000019213      0x23d Drivers/STM32G4xx_HAL_Driver/Src/stm32g4xx_hal.o
 .debug_macro   0x0000000000019450      0x212 Drivers/STM32G4xx_HAL_Driver/Src/stm32g4xx_hal.o
 .debug_macro   0x0000000000019662      0x6af Drivers/STM32G4xx_HAL_Driver/Src/stm32g4xx_hal.o
 .debug_macro   0x0000000000019d11      0x401 Drivers/STM32G4xx_HAL_Driver/Src/stm32g4xx_hal.o
 .debug_macro   0x000000000001a112      0x107 Drivers/STM32G4xx_HAL_Driver/Src/stm32g4xx_hal.o
 .debug_macro   0x000000000001a219       0x65 Drivers/STM32G4xx_HAL_Driver/Src/stm32g4xx_hal.o
 .debug_macro   0x000000000001a27e      0x234 Drivers/STM32G4xx_HAL_Driver/Src/stm32g4xx_hal.o
 .debug_macro   0x000000000001a4b2      0x122 Drivers/STM32G4xx_HAL_Driver/Src/stm32g4xx_hal.o
 .debug_macro   0x000000000001a5d4      0x3d1 Drivers/STM32G4xx_HAL_Driver/Src/stm32g4xx_hal.o
 .debug_macro   0x000000000001a9a5      0x307 Drivers/STM32G4xx_HAL_Driver/Src/stm32g4xx_hal.o
 .debug_macro   0x000000000001acac      0x1d4 Drivers/STM32G4xx_HAL_Driver/Src/stm32g4xx_hal_cortex.o
 .debug_macro   0x000000000001ae80      0x2e6 Drivers/STM32G4xx_HAL_Driver/Src/stm32g4xx_hal_fdcan.o
 .debug_macro   0x000000000001b166      0x20c Drivers/STM32G4xx_HAL_Driver/Src/stm32g4xx_hal_gpio.o
 .debug_macro   0x000000000001b372      0x1e0 Drivers/STM32G4xx_HAL_Driver/Src/stm32g4xx_hal_pcd.o
 .debug_macro   0x000000000001b552      0x1d4 Drivers/STM32G4xx_HAL_Driver/Src/stm32g4xx_hal_pcd_ex.o
 .debug_macro   0x000000000001b726      0x1fe Drivers/STM32G4xx_HAL_Driver/Src/stm32g4xx_hal_pwr_ex.o
 .debug_macro   0x000000000001b924      0x210 Drivers/STM32G4xx_HAL_Driver/Src/stm32g4xx_hal_rcc.o
 .debug_macro   0x000000000001bb34      0x1fe Drivers/STM32G4xx_HAL_Driver/Src/stm32g4xx_hal_rcc_ex.o
 .debug_macro   0x000000000001bd32      0x1d4 Drivers/STM32G4xx_HAL_Driver/Src/stm32g4xx_ll_usb.o
 .debug_macro   0x000000000001bf06      0x408 Middlewares/ST/STM32_USB_Device_Library/Class/CDC/Src/usbd_cdc.o
 .debug_macro   0x000000000001c30e       0x40 Middlewares/ST/STM32_USB_Device_Library/Class/CDC/Src/usbd_cdc.o
 .debug_macro   0x000000000001c34e       0x18 Middlewares/ST/STM32_USB_Device_Library/Class/CDC/Src/usbd_cdc.o
 .debug_macro   0x000000000001c366       0x94 Middlewares/ST/STM32_USB_Device_Library/Class/CDC/Src/usbd_cdc.o
 .debug_macro   0x000000000001c3fa       0x3c Middlewares/ST/STM32_USB_Device_Library/Class/CDC/Src/usbd_cdc.o
 .debug_macro   0x000000000001c436       0x34 Middlewares/ST/STM32_USB_Device_Library/Class/CDC/Src/usbd_cdc.o
 .debug_macro   0x000000000001c46a       0x16 Middlewares/ST/STM32_USB_Device_Library/Class/CDC/Src/usbd_cdc.o
 .debug_macro   0x000000000001c480       0x57 Middlewares/ST/STM32_USB_Device_Library/Class/CDC/Src/usbd_cdc.o
 .debug_macro   0x000000000001c4d7       0x97 Middlewares/ST/STM32_USB_Device_Library/Class/CDC/Src/usbd_cdc.o
 .debug_macro   0x000000000001c56e      0x330 Middlewares/ST/STM32_USB_Device_Library/Class/CDC/Src/usbd_cdc.o
 .debug_macro   0x000000000001c89e       0xfd Middlewares/ST/STM32_USB_Device_Library/Class/CDC/Src/usbd_cdc.o
 .debug_macro   0x000000000001c99b       0x10 Middlewares/ST/STM32_USB_Device_Library/Class/CDC/Src/usbd_cdc.o
 .debug_macro   0x000000000001c9ab       0x52 Middlewares/ST/STM32_USB_Device_Library/Class/CDC/Src/usbd_cdc.o
 .debug_macro   0x000000000001c9fd       0x1f Middlewares/ST/STM32_USB_Device_Library/Class/CDC/Src/usbd_cdc.o
 .debug_macro   0x000000000001ca1c       0x43 Middlewares/ST/STM32_USB_Device_Library/Class/CDC/Src/usbd_cdc.o
 .debug_macro   0x000000000001ca5f       0x20 Middlewares/ST/STM32_USB_Device_Library/Class/CDC/Src/usbd_cdc.o
 .debug_macro   0x000000000001ca7f      0x1a3 Middlewares/ST/STM32_USB_Device_Library/Class/CDC/Src/usbd_cdc.o
 .debug_macro   0x000000000001cc22       0x10 Middlewares/ST/STM32_USB_Device_Library/Class/CDC/Src/usbd_cdc.o
 .debug_macro   0x000000000001cc32       0x1c Middlewares/ST/STM32_USB_Device_Library/Class/CDC/Src/usbd_cdc.o
 .debug_macro   0x000000000001cc4e       0x52 Middlewares/ST/STM32_USB_Device_Library/Class/CDC/Src/usbd_cdc.o
 .debug_macro   0x000000000001cca0       0x40 Middlewares/ST/STM32_USB_Device_Library/Class/CDC/Src/usbd_cdc.o
 .debug_macro   0x000000000001cce0       0x10 Middlewares/ST/STM32_USB_Device_Library/Class/CDC/Src/usbd_cdc.o
 .debug_macro   0x000000000001ccf0       0x40 Middlewares/ST/STM32_USB_Device_Library/Class/CDC/Src/usbd_cdc.o
 .debug_macro   0x000000000001cd30       0xd7 Middlewares/ST/STM32_USB_Device_Library/Class/CDC/Src/usbd_cdc.o
 .debug_macro   0x000000000001ce07       0x1c Middlewares/ST/STM32_USB_Device_Library/Class/CDC/Src/usbd_cdc.o
 .debug_macro   0x000000000001ce23       0x3d Middlewares/ST/STM32_USB_Device_Library/Class/CDC/Src/usbd_cdc.o
 .debug_macro   0x000000000001ce60       0x16 Middlewares/ST/STM32_USB_Device_Library/Class/CDC/Src/usbd_cdc.o
 .debug_macro   0x000000000001ce76      0x145 Middlewares/ST/STM32_USB_Device_Library/Class/CDC/Src/usbd_cdc.o
 .debug_macro   0x000000000001cfbb       0x16 Middlewares/ST/STM32_USB_Device_Library/Class/CDC/Src/usbd_cdc.o
 .debug_macro   0x000000000001cfd1       0x35 Middlewares/ST/STM32_USB_Device_Library/Class/CDC/Src/usbd_cdc.o
 .debug_macro   0x000000000001d006       0x16 Middlewares/ST/STM32_USB_Device_Library/Class/CDC/Src/usbd_cdc.o
 .debug_macro   0x000000000001d01c       0x29 Middlewares/ST/STM32_USB_Device_Library/Class/CDC/Src/usbd_cdc.o
 .debug_macro   0x000000000001d045       0x16 Middlewares/ST/STM32_USB_Device_Library/Class/CDC/Src/usbd_cdc.o
 .debug_macro   0x000000000001d05b       0x20 Middlewares/ST/STM32_USB_Device_Library/Class/CDC/Src/usbd_cdc.o
 .debug_macro   0x000000000001d07b       0xd9 Middlewares/ST/STM32_USB_Device_Library/Class/CDC/Src/usbd_cdc.o
 .debug_macro   0x000000000001d154       0x54 Middlewares/ST/STM32_USB_Device_Library/Class/CDC/Src/usbd_cdc.o
 .debug_macro   0x000000000001d1a8       0x5f Middlewares/ST/STM32_USB_Device_Library/Class/CDC/Src/usbd_cdc.o
 .debug_macro   0x000000000001d207      0x1c2 Middlewares/ST/STM32_USB_Device_Library/Class/CDC/Src/usbd_cdc.o
 .debug_macro   0x000000000001d3c9      0x20e Middlewares/ST/STM32_USB_Device_Library/Class/CDC/Src/usbd_cdc.o
 .debug_macro   0x000000000001d5d7       0x10 Middlewares/ST/STM32_USB_Device_Library/Class/CDC/Src/usbd_cdc.o
 .debug_macro   0x000000000001d5e7       0x1c Middlewares/ST/STM32_USB_Device_Library/Class/CDC/Src/usbd_cdc.o
 .debug_macro   0x000000000001d603       0x8f Middlewares/ST/STM32_USB_Device_Library/Class/CDC/Src/usbd_cdc.o
 .debug_macro   0x000000000001d692      0x3c8 Middlewares/ST/STM32_USB_Device_Library/Core/Src/usbd_core.o
 .debug_macro   0x000000000001da5a      0x1c8 Middlewares/ST/STM32_USB_Device_Library/Core/Src/usbd_core.o
 .debug_macro   0x000000000001dc22      0x3d2 Middlewares/ST/STM32_USB_Device_Library/Core/Src/usbd_ctlreq.o
 .debug_macro   0x000000000001dff4      0x3ce Middlewares/ST/STM32_USB_Device_Library/Core/Src/usbd_ioreq.o
 .debug_macro   0x000000000001e3c2      0x205 Src/RING.o
 .debug_macro   0x000000000001e5c7      0x42a Src/main.o
 .debug_macro   0x000000000001e9f1       0x46 Src/main.o
 .debug_macro   0x000000000001ea37      0x32a Src/main.o
 .debug_macro   0x000000000001ed61      0x1ec Src/stm32g4xx_hal_msp.o
 .debug_macro   0x000000000001ef4d      0x1f6 Src/stm32g4xx_it.o
 .debug_macro   0x000000000001f143      0x1da Src/system_stm32g4xx.o
 .debug_macro   0x000000000001f31d      0x212 Src/ucan_fd_protocol_stm32g431.o
 .debug_macro   0x000000000001f52f       0x16 Src/ucan_fd_protocol_stm32g431.o
 .debug_macro   0x000000000001f545      0x42f Src/usb_device.o
 .debug_macro   0x000000000001f974       0x22 Src/usb_device.o
 .debug_macro   0x000000000001f996      0x42c Src/usbd_cdc_if.o
 .debug_macro   0x000000000001fdc2      0x412 Src/usbd_conf.o
 .debug_macro   0x00000000000201d4      0x405 Src/usbd_desc.o
 .debug_macro   0x00000000000205d9       0x1c Src/usbd_desc.o

.debug_line     0x0000000000000000     0xf1a8
 .debug_line    0x0000000000000000      0x973 Drivers/STM32G4xx_HAL_Driver/Src/stm32g4xx_hal.o
 .debug_line    0x0000000000000973      0x9f9 Drivers/STM32G4xx_HAL_Driver/Src/stm32g4xx_hal_cortex.o
 .debug_line    0x000000000000136c      0xebc Drivers/STM32G4xx_HAL_Driver/Src/stm32g4xx_hal_fdcan.o
 .debug_line    0x0000000000002228      0x877 Drivers/STM32G4xx_HAL_Driver/Src/stm32g4xx_hal_gpio.o
 .debug_line    0x0000000000002a9f      0xb83 Drivers/STM32G4xx_HAL_Driver/Src/stm32g4xx_hal_pcd.o
 .debug_line    0x0000000000003622      0x79a Drivers/STM32G4xx_HAL_Driver/Src/stm32g4xx_hal_pcd_ex.o
 .debug_line    0x0000000000003dbc      0xa5e Drivers/STM32G4xx_HAL_Driver/Src/stm32g4xx_hal_pwr_ex.o
 .debug_line    0x000000000000481a      0x9b2 Drivers/STM32G4xx_HAL_Driver/Src/stm32g4xx_hal_rcc.o
 .debug_line    0x00000000000051cc      0xb5c Drivers/STM32G4xx_HAL_Driver/Src/stm32g4xx_hal_rcc_ex.o
 .debug_line    0x0000000000005d28      0xbb0 Drivers/STM32G4xx_HAL_Driver/Src/stm32g4xx_ll_usb.o
 .debug_line    0x00000000000068d8      0xb83 Middlewares/ST/STM32_USB_Device_Library/Class/CDC/Src/usbd_cdc.o
 .debug_line    0x000000000000745b      0xba6 Middlewares/ST/STM32_USB_Device_Library/Core/Src/usbd_core.o
 .debug_line    0x0000000000008001      0xc34 Middlewares/ST/STM32_USB_Device_Library/Core/Src/usbd_ctlreq.o
 .debug_line    0x0000000000008c35      0xa0f Middlewares/ST/STM32_USB_Device_Library/Core/Src/usbd_ioreq.o
 .debug_line    0x0000000000009644      0x76d Src/RING.o
 .debug_line    0x0000000000009db1      0xabd Src/main.o
 .debug_line    0x000000000000a86e      0x72f Src/stm32g4xx_hal_msp.o
 .debug_line    0x000000000000af9d      0x7ac Src/stm32g4xx_it.o
 .debug_line    0x000000000000b749      0x6e8 Src/system_stm32g4xx.o
 .debug_line    0x000000000000be31      0x77a Src/ucan_fd_protocol_stm32g431.o
 .debug_line    0x000000000000c5ab      0xa26 Src/usb_device.o
 .debug_line    0x000000000000cfd1      0xa7d Src/usbd_cdc_if.o
 .debug_line    0x000000000000da4e      0xc9e Src/usbd_conf.o
 .debug_line    0x000000000000e6ec      0xa38 Src/usbd_desc.o
 .debug_line    0x000000000000f124       0x84 Startup/startup_stm32g431cbux.o

.debug_str      0x0000000000000000    0xbab4f
 .debug_str     0x0000000000000000    0xb049e Drivers/STM32G4xx_HAL_Driver/Src/stm32g4xx_hal.o
                                      0xb08eb (size before relaxing)
 .debug_str     0x00000000000b049e      0x3ed Drivers/STM32G4xx_HAL_Driver/Src/stm32g4xx_hal_cortex.o
                                      0xb05f2 (size before relaxing)
 .debug_str     0x00000000000b088b     0x1650 Drivers/STM32G4xx_HAL_Driver/Src/stm32g4xx_hal_fdcan.o
                                      0xb1398 (size before relaxing)
 .debug_str     0x00000000000b1edb      0x296 Drivers/STM32G4xx_HAL_Driver/Src/stm32g4xx_hal_gpio.o
                                      0xb009a (size before relaxing)
 .debug_str     0x00000000000b2171      0x636 Drivers/STM32G4xx_HAL_Driver/Src/stm32g4xx_hal_pcd.o
                                      0xb0377 (size before relaxing)
 .debug_str     0x00000000000b27a7      0x1c6 Drivers/STM32G4xx_HAL_Driver/Src/stm32g4xx_hal_pcd_ex.o
                                      0xb01a0 (size before relaxing)
 .debug_str     0x00000000000b296d      0x4d6 Drivers/STM32G4xx_HAL_Driver/Src/stm32g4xx_hal_pwr_ex.o
                                      0xb0310 (size before relaxing)
 .debug_str     0x00000000000b2e43      0x4e5 Drivers/STM32G4xx_HAL_Driver/Src/stm32g4xx_hal_rcc.o
                                      0xb03a6 (size before relaxing)
 .debug_str     0x00000000000b3328      0x579 Drivers/STM32G4xx_HAL_Driver/Src/stm32g4xx_hal_rcc_ex.o
                                      0xb04bf (size before relaxing)
 .debug_str     0x00000000000b38a1      0x30f Drivers/STM32G4xx_HAL_Driver/Src/stm32g4xx_ll_usb.o
                                      0xb01bd (size before relaxing)
 .debug_str     0x00000000000b3bb0     0x6038 Middlewares/ST/STM32_USB_Device_Library/Class/CDC/Src/usbd_cdc.o
                                      0xb6113 (size before relaxing)
 .debug_str     0x00000000000b9be8      0x1b5 Middlewares/ST/STM32_USB_Device_Library/Core/Src/usbd_core.o
                                      0xb4da5 (size before relaxing)
 .debug_str     0x00000000000b9d9d      0x134 Middlewares/ST/STM32_USB_Device_Library/Core/Src/usbd_ctlreq.o
                                      0xb4d2b (size before relaxing)
 .debug_str     0x00000000000b9ed1       0xc9 Middlewares/ST/STM32_USB_Device_Library/Core/Src/usbd_ioreq.o
                                      0xb4cb3 (size before relaxing)
 .debug_str     0x00000000000b9f9a       0xd7 Src/RING.o
                                      0xb09db (size before relaxing)
 .debug_str     0x00000000000ba071      0x1b8 Src/main.o
                                      0xb67f2 (size before relaxing)
 .debug_str     0x00000000000ba229       0x1b Src/stm32g4xx_hal_msp.o
                                      0xb124f (size before relaxing)
 .debug_str     0x00000000000ba244       0xec Src/stm32g4xx_it.o
                                      0xb0f7c (size before relaxing)
 .debug_str     0x00000000000ba330       0x52 Src/system_stm32g4xx.o
                                      0xafe28 (size before relaxing)
 .debug_str     0x00000000000ba382      0x26f Src/ucan_fd_protocol_stm32g431.o
                                      0xb1192 (size before relaxing)
 .debug_str     0x00000000000ba5f1       0xd5 Src/usb_device.o
                                      0xb5cbc (size before relaxing)
 .debug_str     0x00000000000ba6c6       0xba Src/usbd_cdc_if.o
                                      0xb600b (size before relaxing)
 .debug_str     0x00000000000ba780      0x15f Src/usbd_conf.o
                                      0xb686d (size before relaxing)
 .debug_str     0x00000000000ba8df      0x23f Src/usbd_desc.o
                                      0xb4c06 (size before relaxing)
 .debug_str     0x00000000000bab1e       0x31 Startup/startup_stm32g431cbux.o
                                         0x60 (size before relaxing)

.comment        0x0000000000000000       0x7b
 .comment       0x0000000000000000       0x7b Drivers/STM32G4xx_HAL_Driver/Src/stm32g4xx_hal.o
                                         0x7c (size before relaxing)
 .comment       0x000000000000007b       0x7c Drivers/STM32G4xx_HAL_Driver/Src/stm32g4xx_hal_cortex.o
 .comment       0x000000000000007b       0x7c Drivers/STM32G4xx_HAL_Driver/Src/stm32g4xx_hal_fdcan.o
 .comment       0x000000000000007b       0x7c Drivers/STM32G4xx_HAL_Driver/Src/stm32g4xx_hal_gpio.o
 .comment       0x000000000000007b       0x7c Drivers/STM32G4xx_HAL_Driver/Src/stm32g4xx_hal_pcd.o
 .comment       0x000000000000007b       0x7c Drivers/STM32G4xx_HAL_Driver/Src/stm32g4xx_hal_pcd_ex.o
 .comment       0x000000000000007b       0x7c Drivers/STM32G4xx_HAL_Driver/Src/stm32g4xx_hal_pwr_ex.o
 .comment       0x000000000000007b       0x7c Drivers/STM32G4xx_HAL_Driver/Src/stm32g4xx_hal_rcc.o
 .comment       0x000000000000007b       0x7c Drivers/STM32G4xx_HAL_Driver/Src/stm32g4xx_hal_rcc_ex.o
 .comment       0x000000000000007b       0x7c Drivers/STM32G4xx_HAL_Driver/Src/stm32g4xx_ll_usb.o
 .comment       0x000000000000007b       0x7c Middlewares/ST/STM32_USB_Device_Library/Class/CDC/Src/usbd_cdc.o
 .comment       0x000000000000007b       0x7c Middlewares/ST/STM32_USB_Device_Library/Core/Src/usbd_core.o
 .comment       0x000000000000007b       0x7c Middlewares/ST/STM32_USB_Device_Library/Core/Src/usbd_ctlreq.o
 .comment       0x000000000000007b       0x7c Middlewares/ST/STM32_USB_Device_Library/Core/Src/usbd_ioreq.o
 .comment       0x000000000000007b       0x7c Src/RING.o
 .comment       0x000000000000007b       0x7c Src/main.o
 .comment       0x000000000000007b       0x7c Src/stm32g4xx_hal_msp.o
 .comment       0x000000000000007b       0x7c Src/stm32g4xx_it.o
 .comment       0x000000000000007b       0x7c Src/system_stm32g4xx.o
 .comment       0x000000000000007b       0x7c Src/ucan_fd_protocol_stm32g431.o
 .comment       0x000000000000007b       0x7c Src/usb_device.o
 .comment       0x000000000000007b       0x7c Src/usbd_cdc_if.o
 .comment       0x000000000000007b       0x7c Src/usbd_conf.o
 .comment       0x000000000000007b       0x7c Src/usbd_desc.o

.debug_frame    0x0000000000000000     0x3d18
 .debug_frame   0x0000000000000000      0x4a0 Drivers/STM32G4xx_HAL_Driver/Src/stm32g4xx_hal.o
 .debug_frame   0x00000000000004a0      0x498 Drivers/STM32G4xx_HAL_Driver/Src/stm32g4xx_hal_cortex.o
 .debug_frame   0x0000000000000938      0x9b0 Drivers/STM32G4xx_HAL_Driver/Src/stm32g4xx_hal_fdcan.o
 .debug_frame   0x00000000000012e8      0x14c Drivers/STM32G4xx_HAL_Driver/Src/stm32g4xx_hal_gpio.o
 .debug_frame   0x0000000000001434      0x504 Drivers/STM32G4xx_HAL_Driver/Src/stm32g4xx_hal_pcd.o
 .debug_frame   0x0000000000001938      0x14c Drivers/STM32G4xx_HAL_Driver/Src/stm32g4xx_hal_pcd_ex.o
 .debug_frame   0x0000000000001a84      0x4fc Drivers/STM32G4xx_HAL_Driver/Src/stm32g4xx_hal_pwr_ex.o
 .debug_frame   0x0000000000001f80      0x23c Drivers/STM32G4xx_HAL_Driver/Src/stm32g4xx_hal_rcc.o
 .debug_frame   0x00000000000021bc      0x2ac Drivers/STM32G4xx_HAL_Driver/Src/stm32g4xx_hal_rcc_ex.o
 .debug_frame   0x0000000000002468      0x4d8 Drivers/STM32G4xx_HAL_Driver/Src/stm32g4xx_ll_usb.o
 .debug_frame   0x0000000000002940      0x1f8 Middlewares/ST/STM32_USB_Device_Library/Class/CDC/Src/usbd_cdc.o
 .debug_frame   0x0000000000002b38      0x300 Middlewares/ST/STM32_USB_Device_Library/Core/Src/usbd_core.o
 .debug_frame   0x0000000000002e38      0x218 Middlewares/ST/STM32_USB_Device_Library/Core/Src/usbd_ctlreq.o
 .debug_frame   0x0000000000003050      0x10c Middlewares/ST/STM32_USB_Device_Library/Core/Src/usbd_ioreq.o
 .debug_frame   0x000000000000315c       0xd0 Src/RING.o
 .debug_frame   0x000000000000322c       0xb8 Src/main.o
 .debug_frame   0x00000000000032e4       0x9c Src/stm32g4xx_hal_msp.o
 .debug_frame   0x0000000000003380      0x144 Src/stm32g4xx_it.o
 .debug_frame   0x00000000000034c4       0x58 Src/system_stm32g4xx.o
 .debug_frame   0x000000000000351c       0x84 Src/ucan_fd_protocol_stm32g431.o
 .debug_frame   0x00000000000035a0       0x2c Src/usb_device.o
 .debug_frame   0x00000000000035cc       0xbc Src/usbd_cdc_if.o
 .debug_frame   0x0000000000003688      0x4bc Src/usbd_conf.o
 .debug_frame   0x0000000000003b44      0x160 Src/usbd_desc.o
 .debug_frame   0x0000000000003ca4       0x2c c:/st/stm32cubeide_1.2.0/stm32cubeide/plugins/com.st.stm32cube.ide.mcu.externaltools.gnu-tools-for-stm32.7-2018-q2-update.win32_1.0.0.201904181610/tools/bin/../lib/gcc/arm-none-eabi/7.3.1/../../../../arm-none-eabi/lib/thumb/v7e-m/fpv4-sp/hard\libc_nano.a(lib_a-init.o)
 .debug_frame   0x0000000000003cd0       0x28 c:/st/stm32cubeide_1.2.0/stm32cubeide/plugins/com.st.stm32cube.ide.mcu.externaltools.gnu-tools-for-stm32.7-2018-q2-update.win32_1.0.0.201904181610/tools/bin/../lib/gcc/arm-none-eabi/7.3.1/../../../../arm-none-eabi/lib/thumb/v7e-m/fpv4-sp/hard\libc_nano.a(lib_a-memcpy-stub.o)
 .debug_frame   0x0000000000003cf8       0x20 c:/st/stm32cubeide_1.2.0/stm32cubeide/plugins/com.st.stm32cube.ide.mcu.externaltools.gnu-tools-for-stm32.7-2018-q2-update.win32_1.0.0.201904181610/tools/bin/../lib/gcc/arm-none-eabi/7.3.1/../../../../arm-none-eabi/lib/thumb/v7e-m/fpv4-sp/hard\libc_nano.a(lib_a-memset.o)
